###############################################################################
#
# IAR ELF Linker V7.10.1.6676/W32 for ARM                 18/Jan/2016  14:51:51
# Copyright 2007-2014 IAR Systems AB.
#
#    Output file  =  
#        C:\Users\DongHoonPark\Documents\IAR
#        Workspace\SegwayMini\EWARM\SegwayMini Configuration\Exe\SegwayMini
#        Configuration.out
#    Map file     =  
#        C:\Users\DongHoonPark\Documents\IAR
#        Workspace\SegwayMini\EWARM\SegwayMini Configuration/List\SegwayMini
#        Configuration.map
#    Command line =  
#        "C:\Users\DongHoonPark\Documents\IAR
#        Workspace\SegwayMini\EWARM\SegwayMini Configuration\Obj\cmsis_os.o"
#        "C:\Users\DongHoonPark\Documents\IAR
#        Workspace\SegwayMini\EWARM\SegwayMini Configuration\Obj\croutine.o"
#        "C:\Users\DongHoonPark\Documents\IAR
#        Workspace\SegwayMini\EWARM\SegwayMini Configuration\Obj\encoder.o"
#        "C:\Users\DongHoonPark\Documents\IAR
#        Workspace\SegwayMini\EWARM\SegwayMini
#        Configuration\Obj\event_groups.o" "C:\Users\DongHoonPark\Documents\IAR
#        Workspace\SegwayMini\EWARM\SegwayMini Configuration\Obj\freertos.o"
#        "C:\Users\DongHoonPark\Documents\IAR
#        Workspace\SegwayMini\EWARM\SegwayMini Configuration\Obj\heap_4.o"
#        "C:\Users\DongHoonPark\Documents\IAR
#        Workspace\SegwayMini\EWARM\SegwayMini Configuration\Obj\list.o"
#        "C:\Users\DongHoonPark\Documents\IAR
#        Workspace\SegwayMini\EWARM\SegwayMini
#        Configuration\Obj\MadgwickAHRS.o" "C:\Users\DongHoonPark\Documents\IAR
#        Workspace\SegwayMini\EWARM\SegwayMini Configuration\Obj\main.o"
#        "C:\Users\DongHoonPark\Documents\IAR
#        Workspace\SegwayMini\EWARM\SegwayMini Configuration\Obj\motor.o"
#        "C:\Users\DongHoonPark\Documents\IAR
#        Workspace\SegwayMini\EWARM\SegwayMini Configuration\Obj\port.o"
#        "C:\Users\DongHoonPark\Documents\IAR
#        Workspace\SegwayMini\EWARM\SegwayMini Configuration\Obj\portasm.o"
#        "C:\Users\DongHoonPark\Documents\IAR
#        Workspace\SegwayMini\EWARM\SegwayMini Configuration\Obj\queue.o"
#        "C:\Users\DongHoonPark\Documents\IAR
#        Workspace\SegwayMini\EWARM\SegwayMini Configuration\Obj\segway.o"
#        "C:\Users\DongHoonPark\Documents\IAR
#        Workspace\SegwayMini\EWARM\SegwayMini
#        Configuration\Obj\startup_stm32f407xx.o"
#        "C:\Users\DongHoonPark\Documents\IAR
#        Workspace\SegwayMini\EWARM\SegwayMini
#        Configuration\Obj\stm32f4xx_hal.o"
#        "C:\Users\DongHoonPark\Documents\IAR
#        Workspace\SegwayMini\EWARM\SegwayMini
#        Configuration\Obj\stm32f4xx_hal_cortex.o"
#        "C:\Users\DongHoonPark\Documents\IAR
#        Workspace\SegwayMini\EWARM\SegwayMini
#        Configuration\Obj\stm32f4xx_hal_dma.o"
#        "C:\Users\DongHoonPark\Documents\IAR
#        Workspace\SegwayMini\EWARM\SegwayMini
#        Configuration\Obj\stm32f4xx_hal_dma_ex.o"
#        "C:\Users\DongHoonPark\Documents\IAR
#        Workspace\SegwayMini\EWARM\SegwayMini
#        Configuration\Obj\stm32f4xx_hal_flash.o"
#        "C:\Users\DongHoonPark\Documents\IAR
#        Workspace\SegwayMini\EWARM\SegwayMini
#        Configuration\Obj\stm32f4xx_hal_flash_ex.o"
#        "C:\Users\DongHoonPark\Documents\IAR
#        Workspace\SegwayMini\EWARM\SegwayMini
#        Configuration\Obj\stm32f4xx_hal_flash_ramfunc.o"
#        "C:\Users\DongHoonPark\Documents\IAR
#        Workspace\SegwayMini\EWARM\SegwayMini
#        Configuration\Obj\stm32f4xx_hal_gpio.o"
#        "C:\Users\DongHoonPark\Documents\IAR
#        Workspace\SegwayMini\EWARM\SegwayMini
#        Configuration\Obj\stm32f4xx_hal_i2c.o"
#        "C:\Users\DongHoonPark\Documents\IAR
#        Workspace\SegwayMini\EWARM\SegwayMini
#        Configuration\Obj\stm32f4xx_hal_i2c_ex.o"
#        "C:\Users\DongHoonPark\Documents\IAR
#        Workspace\SegwayMini\EWARM\SegwayMini
#        Configuration\Obj\stm32f4xx_hal_msp.o"
#        "C:\Users\DongHoonPark\Documents\IAR
#        Workspace\SegwayMini\EWARM\SegwayMini
#        Configuration\Obj\stm32f4xx_hal_pwr.o"
#        "C:\Users\DongHoonPark\Documents\IAR
#        Workspace\SegwayMini\EWARM\SegwayMini
#        Configuration\Obj\stm32f4xx_hal_pwr_ex.o"
#        "C:\Users\DongHoonPark\Documents\IAR
#        Workspace\SegwayMini\EWARM\SegwayMini
#        Configuration\Obj\stm32f4xx_hal_rcc.o"
#        "C:\Users\DongHoonPark\Documents\IAR
#        Workspace\SegwayMini\EWARM\SegwayMini
#        Configuration\Obj\stm32f4xx_hal_rcc_ex.o"
#        "C:\Users\DongHoonPark\Documents\IAR
#        Workspace\SegwayMini\EWARM\SegwayMini
#        Configuration\Obj\stm32f4xx_hal_tim.o"
#        "C:\Users\DongHoonPark\Documents\IAR
#        Workspace\SegwayMini\EWARM\SegwayMini
#        Configuration\Obj\stm32f4xx_hal_tim_ex.o"
#        "C:\Users\DongHoonPark\Documents\IAR
#        Workspace\SegwayMini\EWARM\SegwayMini
#        Configuration\Obj\stm32f4xx_it.o" "C:\Users\DongHoonPark\Documents\IAR
#        Workspace\SegwayMini\EWARM\SegwayMini
#        Configuration\Obj\system_stm32f4xx.o"
#        "C:\Users\DongHoonPark\Documents\IAR
#        Workspace\SegwayMini\EWARM\SegwayMini Configuration\Obj\tasks.o"
#        "C:\Users\DongHoonPark\Documents\IAR
#        Workspace\SegwayMini\EWARM\SegwayMini Configuration\Obj\timers.o"
#        "C:\Users\DongHoonPark\Documents\IAR
#        Workspace\SegwayMini\EWARM\SegwayMini Configuration\Obj\variable.o"
#        --redirect _Printf=_PrintfFull --redirect _Scanf=_ScanfFull -o
#        "C:\Users\DongHoonPark\Documents\IAR
#        Workspace\SegwayMini\EWARM\SegwayMini Configuration\Exe\SegwayMini
#        Configuration.out" --map "C:\Users\DongHoonPark\Documents\IAR
#        Workspace\SegwayMini\EWARM\SegwayMini Configuration/List\SegwayMini
#        Configuration.map" --config "C:\Users\DongHoonPark\Documents\IAR
#        Workspace\SegwayMini\EWARM/stm32f407xx_flash.icf" --semihosting
#        --entry __iar_program_start "C:\Program Files (x86)\IAR
#        Systems\Embedded Workbench
#        7.0\arm\CMSIS\Lib\IAR\iar_cortexM4lf_math.a" --vfe
#
###############################################################################

*******************************************************************************
*** RUNTIME MODEL ATTRIBUTES
***

CppFlavor       = *
__SystemLibrary = DLib


*******************************************************************************
*** PLACEMENT SUMMARY
***

"A1":  place at 0x08000000 { ro section .intvec };
"P1":  place in [from 0x08000000 to 0x080fffff] { ro };
"P2":  place in [from 0x20000000 to 0x2001ffff] { rw, block CSTACK, block HEAP };

  Section             Kind        Address    Size  Object
  -------             ----        -------    ----  ------
"A1":                                       0x188
  .intvec             ro code  0x08000000   0x188  startup_stm32f407xx.o [1]
                             - 0x08000188   0x188

"P1":                                      0x4aa8
  .text               ro code  0x08000188   0xa90  main.o [1]
  .text               ro code  0x08000c18    0x64  stm32f4xx_hal.o [1]
  .text               ro code  0x08000c7c    0xf0  motor.o [1]
  .text               ro code  0x08000d6c   0x108  encoder.o [1]
  .text               ro code  0x08000e74   0x310  segway.o [1]
  .text               ro code  0x08001184    0x56  ABImemcpy_unaligned.o [5]
  .text               ro code  0x080011da    0x2e  copy_init3.o [5]
  .text               ro code  0x08001208    0x72  cmsis_os.o [1]
  .text               ro code  0x0800127a    0x22  zero_init3.o [5]
  .text               ro code  0x0800129c   0x560  stm32f4xx_hal_rcc.o [1]
  .text               ro code  0x080017fc   0x104  stm32f4xx_hal_cortex.o [1]
  .text               ro code  0x08001900   0x69e  stm32f4xx_hal_i2c.o [1]
  .text               ro code  0x08001fa0   0x6ec  stm32f4xx_hal_tim.o [1]
  .text               ro code  0x0800268c    0x58  stm32f4xx_hal_tim_ex.o [1]
  .text               ro code  0x080026e4   0x21e  stm32f4xx_hal_gpio.o [1]
  .text               ro code  0x08002904   0x2e4  MadgwickAHRS.o [1]
  .text               ro code  0x08002be8    0x4e  FltToDbl.o [4]
  .text               ro code  0x08002c38    0xf4  atan2.o [4]
  .text               ro code  0x08002d2c    0x90  DblToFlt.o [4]
  .text               ro code  0x08002dbc   0x130  asin.o [4]
  .text               ro code  0x08002eec   0x190  stm32f4xx_hal_msp.o [1]
  .text               ro code  0x0800307c   0x1a2  DblMul.o [4]
  .text               ro code  0x08003220    0xe8  DblAdd.o [4]
  .text               ro code  0x08003308   0x5c8  tasks.o [1]
  .text               ro code  0x080038d0   0x1b0  port.o [1]
  .text               ro code  0x08003a80   0x2d4  stm32f4xx_hal_dma.o [1]
  .text               ro code  0x08003d54    0x40  xdtest.o [4]
  .text               ro code  0x08003d94    0x2e  DblCmpLe.o [4]
  .text               ro code  0x08003dc4   0x246  DblDiv.o [4]
  .rodata             const    0x0800400c    0x24  main.o [1]
  .text               ro code  0x08004030   0x1f0  xatan.o [4]
  .text               ro code  0x08004220   0x180  DblSub.o [4]
  .text               ro code  0x080043a0    0xf0  sqrt.o [4]
  .text               ro code  0x08004490     0xc  errno.o [3]
  .text               ro code  0x0800449c    0x90  list.o [1]
  .text               ro code  0x0800452c   0x1e8  heap_4.o [1]
  .text               ro code  0x08004714    0x14  memset.o [3]
  CODE                ro code  0x08004728    0xa8  portasm.o [1]
  .text               ro code  0x080047d0    0x2e  DblCmpGe.o [4]
  .text               ro code  0x08004800     0xc  iarEdom.o [5]
  .text               ro code  0x0800480c     0x2  xtls.o [3]
  .text               ro code  0x08004810    0x66  ABImemset.o [5]
  .text               ro code  0x08004878    0x8c  stm32f4xx_it.o [1]
  .text               ro code  0x08004904    0x50  system_stm32f4xx.o [1]
  .text               ro code  0x08004954    0x28  data_init.o [5]
  .iar.init_table     const    0x0800497c    0x24  - Linker created -
  .text               ro code  0x080049a0    0x1a  fpinit_M.o [4]
  .text               ro code  0x080049bc    0x1a  cmain.o [5]
  .text               ro code  0x080049d6     0x4  low_level_init.o [3]
  .text               ro code  0x080049da     0x4  exit.o [3]
  .text               ro code  0x080049e0     0xa  cexit.o [5]
  .text               ro code  0x080049ec    0x14  exit.o [6]
  .text               ro code  0x08004a00    0x10  startup_stm32f407xx.o [1]
  .text               ro code  0x08004a10     0xc  cstartup_M.o [5]
  .text               ro code  0x08004a1c     0x4  startup_stm32f407xx.o [1]
  .text               ro code  0x08004a20     0x4  startup_stm32f407xx.o [1]
  .text               ro code  0x08004a24     0x4  startup_stm32f407xx.o [1]
  .text               ro code  0x08004a28     0x4  startup_stm32f407xx.o [1]
  .text               ro code  0x08004a2c     0x4  startup_stm32f407xx.o [1]
  .text               ro code  0x08004a30     0x4  startup_stm32f407xx.o [1]
  .text               ro code  0x08004a34     0x4  startup_stm32f407xx.o [1]
  .text               ro code  0x08004a38     0x4  startup_stm32f407xx.o [1]
  .text               ro code  0x08004a3c     0x4  startup_stm32f407xx.o [1]
  .text               ro code  0x08004a40     0x4  startup_stm32f407xx.o [1]
  .text               ro code  0x08004a44     0x4  startup_stm32f407xx.o [1]
  .text               ro code  0x08004a48     0x4  startup_stm32f407xx.o [1]
  .text               ro code  0x08004a4c     0x4  startup_stm32f407xx.o [1]
  .text               ro code  0x08004a50     0x4  startup_stm32f407xx.o [1]
  .text               ro code  0x08004a54     0x4  startup_stm32f407xx.o [1]
  .text               ro code  0x08004a58     0x4  startup_stm32f407xx.o [1]
  .text               ro code  0x08004a5c     0x4  startup_stm32f407xx.o [1]
  .text               ro code  0x08004a60     0x4  startup_stm32f407xx.o [1]
  .text               ro code  0x08004a64     0x4  startup_stm32f407xx.o [1]
  .text               ro code  0x08004a68     0x4  startup_stm32f407xx.o [1]
  .text               ro code  0x08004a6c     0x4  startup_stm32f407xx.o [1]
  .text               ro code  0x08004a70     0x4  startup_stm32f407xx.o [1]
  .text               ro code  0x08004a74     0x4  startup_stm32f407xx.o [1]
  .text               ro code  0x08004a78     0x4  startup_stm32f407xx.o [1]
  .text               ro code  0x08004a7c     0x4  startup_stm32f407xx.o [1]
  .text               ro code  0x08004a80     0x4  startup_stm32f407xx.o [1]
  .text               ro code  0x08004a84     0x4  startup_stm32f407xx.o [1]
  .text               ro code  0x08004a88     0x4  startup_stm32f407xx.o [1]
  .text               ro code  0x08004a8c     0x4  startup_stm32f407xx.o [1]
  .text               ro code  0x08004a90     0x4  startup_stm32f407xx.o [1]
  .text               ro code  0x08004a94     0x4  startup_stm32f407xx.o [1]
  .text               ro code  0x08004a98     0x4  startup_stm32f407xx.o [1]
  .text               ro code  0x08004a9c     0x4  startup_stm32f407xx.o [1]
  .text               ro code  0x08004aa0     0x4  startup_stm32f407xx.o [1]
  .text               ro code  0x08004aa4     0x4  startup_stm32f407xx.o [1]
  .text               ro code  0x08004aa8     0x4  startup_stm32f407xx.o [1]
  .text               ro code  0x08004aac     0x4  startup_stm32f407xx.o [1]
  .text               ro code  0x08004ab0     0x4  startup_stm32f407xx.o [1]
  .text               ro code  0x08004ab4     0x4  startup_stm32f407xx.o [1]
  .text               ro code  0x08004ab8     0x4  startup_stm32f407xx.o [1]
  .text               ro code  0x08004abc     0x4  startup_stm32f407xx.o [1]
  .text               ro code  0x08004ac0     0x4  startup_stm32f407xx.o [1]
  .text               ro code  0x08004ac4     0x4  startup_stm32f407xx.o [1]
  .text               ro code  0x08004ac8     0x4  startup_stm32f407xx.o [1]
  .text               ro code  0x08004acc     0x4  startup_stm32f407xx.o [1]
  .text               ro code  0x08004ad0     0x4  startup_stm32f407xx.o [1]
  .text               ro code  0x08004ad4     0x4  startup_stm32f407xx.o [1]
  .text               ro code  0x08004ad8     0x4  startup_stm32f407xx.o [1]
  .text               ro code  0x08004adc     0x4  startup_stm32f407xx.o [1]
  .text               ro code  0x08004ae0     0x4  startup_stm32f407xx.o [1]
  .text               ro code  0x08004ae4     0x4  startup_stm32f407xx.o [1]
  .text               ro code  0x08004ae8     0x4  startup_stm32f407xx.o [1]
  .text               ro code  0x08004aec     0x4  startup_stm32f407xx.o [1]
  .text               ro code  0x08004af0     0x4  startup_stm32f407xx.o [1]
  .text               ro code  0x08004af4     0x4  startup_stm32f407xx.o [1]
  .text               ro code  0x08004af8     0x4  startup_stm32f407xx.o [1]
  .text               ro code  0x08004afc     0x4  startup_stm32f407xx.o [1]
  .text               ro code  0x08004b00     0x4  startup_stm32f407xx.o [1]
  .text               ro code  0x08004b04     0x4  startup_stm32f407xx.o [1]
  .text               ro code  0x08004b08     0x4  startup_stm32f407xx.o [1]
  .text               ro code  0x08004b0c     0x4  startup_stm32f407xx.o [1]
  .text               ro code  0x08004b10     0x4  startup_stm32f407xx.o [1]
  .text               ro code  0x08004b14     0x4  startup_stm32f407xx.o [1]
  .text               ro code  0x08004b18     0x4  startup_stm32f407xx.o [1]
  .text               ro code  0x08004b1c     0x4  startup_stm32f407xx.o [1]
  .text               ro code  0x08004b20     0x4  startup_stm32f407xx.o [1]
  .text               ro code  0x08004b24     0x4  startup_stm32f407xx.o [1]
  .text               ro code  0x08004b28     0x4  startup_stm32f407xx.o [1]
  .text               ro code  0x08004b2c     0x4  startup_stm32f407xx.o [1]
  .text               ro code  0x08004b30     0x4  startup_stm32f407xx.o [1]
  .text               ro code  0x08004b34     0x4  startup_stm32f407xx.o [1]
  .text               ro code  0x08004b38     0x4  startup_stm32f407xx.o [1]
  .text               ro code  0x08004b3c     0x4  startup_stm32f407xx.o [1]
  .text               ro code  0x08004b40     0x4  startup_stm32f407xx.o [1]
  .text               ro code  0x08004b44     0x4  startup_stm32f407xx.o [1]
  .text               ro code  0x08004b48     0x4  startup_stm32f407xx.o [1]
  .text               ro code  0x08004b4c     0x4  startup_stm32f407xx.o [1]
  .text               ro code  0x08004b50     0x4  startup_stm32f407xx.o [1]
  .text               ro code  0x08004b54     0x4  startup_stm32f407xx.o [1]
  .text               ro code  0x08004b58     0x4  startup_stm32f407xx.o [1]
  .text               ro code  0x08004b5c     0x4  startup_stm32f407xx.o [1]
  .text               ro code  0x08004b60     0x4  startup_stm32f407xx.o [1]
  .rodata             const    0x08004b64     0x0  zero_init3.o [5]
  .rodata             const    0x08004b64     0x0  copy_init3.o [5]
  Initializer bytes   ro data  0x08004b64    0xcc  <for P2 s0>
                             - 0x08004c30  0x4aa8

"P2", part 1 of 3:                           0xcc
  P2 s0                        0x20000000    0xcc  <Init block>
    .data             inited   0x20000000    0x9c  tasks.o [1]
    .data             inited   0x2000009c    0x14  MadgwickAHRS.o [1]
    .data             inited   0x200000b0     0xc  port.o [1]
    .data             inited   0x200000bc     0x4  system_stm32f4xx.o [1]
    .data             inited   0x200000c0     0x4  variable.o [1]
    .data             inited   0x200000c4     0x4  variable.o [1]
    __DLIB_PERTHREAD  inited   0x200000c8     0x4  errno.o [3]
                             - 0x200000cc    0xcc

"P2", part 2 of 3:                         0x3f7c
  .bss                zero     0x200000cc  0x3c18  heap_4.o [1]
  .bss                zero     0x20003ce4    0x8c  tasks.o [1]
  .bss                zero     0x20003d70    0x80  variable.o [1]
  .bss                zero     0x20003df0    0x58  main.o [1]
  .bss                zero     0x20003e48    0x58  main.o [1]
  .bss                zero     0x20003ea0    0x48  main.o [1]
  .bss                zero     0x20003ee8    0x3c  main.o [1]
  .bss                zero     0x20003f24    0x3c  main.o [1]
  .bss                zero     0x20003f60    0x20  variable.o [1]
  .bss                zero     0x20003f80    0x20  variable.o [1]
  .bss                zero     0x20003fa0    0x20  variable.o [1]
  .bss                zero     0x20003fc0    0x20  variable.o [1]
  .bss                zero     0x20003fe0    0x10  variable.o [1]
  .bss                zero     0x20003ff0    0x10  variable.o [1]
  .bss                zero     0x20004000     0x4  segway.o [1]
  .bss                zero     0x20004004     0x4  stm32f4xx_hal.o [1]
  .bss                zero     0x20004008     0x4  variable.o [1]
  .bss                zero     0x2000400c     0x4  variable.o [1]
  .bss                zero     0x20004010     0x4  variable.o [1]
  .bss                zero     0x20004014     0x4  variable.o [1]
  .bss                zero     0x20004018     0x4  variable.o [1]
  .bss                zero     0x2000401c     0x4  variable.o [1]
  .bss                zero     0x20004020     0x4  variable.o [1]
  .bss                zero     0x20004024     0x4  variable.o [1]
  .bss                zero     0x20004028     0x4  variable.o [1]
  .bss                zero     0x2000402c     0x4  variable.o [1]
  .bss                zero     0x20004030     0x4  variable.o [1]
  .bss                zero     0x20004034     0x4  variable.o [1]
  .bss                zero     0x20004038     0x4  variable.o [1]
  .bss                zero     0x2000403c     0x4  variable.o [1]
  .bss                zero     0x20004040     0x4  variable.o [1]
  .bss                zero     0x20004044     0x1  variable.o [1]
                             - 0x20004045  0x3f79

"P2", part 3 of 3:                          0x400
  CSTACK                       0x20004048   0x400  <Block>
    CSTACK            uninit   0x20004048   0x400  <Block tail>
                             - 0x20004448   0x400


*******************************************************************************
*** INIT TABLE
***

          Address     Size
          -------     ----
Zero (__iar_zero_init3)
    1 destination range, total size 0x3f79:
          0x200000cc  0x3f79

Copy (__iar_copy_init3)
    1 source range, total size 0xcc:
          0x08004b64    0xcc
    1 destination range, total size 0xcc:
          0x20000000    0xcc



*******************************************************************************
*** MODULE SUMMARY
***

    Module                  ro code  ro data  rw data
    ------                  -------  -------  -------
C:\Users\DongHoonPark\Documents\IAR Workspace\SegwayMini\EWARM\SegwayMini Configuration\Obj: [1]
    MadgwickAHRS.o              740       20       20
    cmsis_os.o                  114
    encoder.o                   264
    heap_4.o                    488            15 384
    list.o                      144
    main.o                    2 704       36      368
    motor.o                     240
    port.o                      432       12       12
    portasm.o                   168
    segway.o                    784                 4
    startup_stm32f407xx.o       736
    stm32f4xx_hal.o             100                 4
    stm32f4xx_hal_cortex.o      260
    stm32f4xx_hal_dma.o         724
    stm32f4xx_hal_gpio.o        542
    stm32f4xx_hal_i2c.o       1 694
    stm32f4xx_hal_msp.o         400
    stm32f4xx_hal_rcc.o       1 376
    stm32f4xx_hal_tim.o       1 772
    stm32f4xx_hal_tim_ex.o       88
    stm32f4xx_it.o              140
    system_stm32f4xx.o           80        4        4
    tasks.o                   1 480      156      296
    variable.o                             8      357
    -------------------------------------------------
    Total:                   15 470      236   16 449

command line: [2]
    -------------------------------------------------
    Total:

dl7M_tlf.a: [3]
    errno.o                      12        4        4
    exit.o                        4
    low_level_init.o              4
    memset.o                     20
    xtls.o                        2
    -------------------------------------------------
    Total:                       42        4        4

m7M_tlv.a: [4]
    DblAdd.o                    232
    DblCmpGe.o                   46
    DblCmpLe.o                   46
    DblDiv.o                    582
    DblMul.o                    418
    DblSub.o                    384
    DblToFlt.o                  144
    FltToDbl.o                   78
    asin.o                      304
    atan2.o                     244
    fpinit_M.o                   26
    sqrt.o                      240
    xatan.o                     496
    xdtest.o                     64
    -------------------------------------------------
    Total:                    3 304

rt7M_tl.a: [5]
    ABImemcpy_unaligned.o        86
    ABImemset.o                 102
    cexit.o                      10
    cmain.o                      26
    copy_init3.o                 46
    cstartup_M.o                 12
    data_init.o                  40
    iarEdom.o                    12
    zero_init3.o                 34
    -------------------------------------------------
    Total:                      368

shb_l.a: [6]
    exit.o                       20
    -------------------------------------------------
    Total:                       20

    Gaps                         22        2
    Linker created                        36    1 024
-----------------------------------------------------
    Grand Total:             19 226      278   17 477


*******************************************************************************
*** ENTRY LIST
***

Entry                      Address    Size  Type      Object
-----                      -------    ----  ----      ------
?main                   0x080049bd          Code  Gb  cmain.o [5]
APBAHBPrescTable        0x080017ec    0x10  Data  Gb  stm32f4xx_hal_rcc.o [1]
CSTACK$$Base            0x20004048           --   Gb  - Linker created -
CSTACK$$Limit           0x20004448           --   Gb  - Linker created -
DMA1_Stream0_IRQHandler
                        0x0800487d     0x6  Code  Gb  stm32f4xx_it.o [1]
DMA1_Stream6_IRQHandler
                        0x08004883     0x6  Code  Gb  stm32f4xx_it.o [1]
DMA_CalcBaseAndBitshift
                        0x08003d23    0x28  Code  Lc  stm32f4xx_hal_dma.o [1]
DMA_SetConfig           0x08003cf9    0x2a  Code  Lc  stm32f4xx_hal_dma.o [1]
EXTI15_10_IRQHandler    0x080048bd    0x30  Code  Gb  stm32f4xx_it.o [1]
EXTI9_5_IRQHandler      0x08004889    0x2e  Code  Gb  stm32f4xx_it.o [1]
HAL_DMA_IRQHandler      0x08003b43   0x1a8  Code  Gb  stm32f4xx_hal_dma.o [1]
HAL_DMA_Init            0x08003a81    0x74  Code  Gb  stm32f4xx_hal_dma.o [1]
HAL_DMA_Start_IT        0x08003af5    0x4e  Code  Gb  stm32f4xx_hal_dma.o [1]
HAL_GPIO_EXTI_Callback  0x08002901     0x2  Code  Wk  stm32f4xx_hal_gpio.o [1]
HAL_GPIO_EXTI_IRQHandler
                        0x080028b5    0x16  Code  Gb  stm32f4xx_hal_gpio.o [1]
HAL_GPIO_Init           0x080026e5   0x1b4  Code  Gb  stm32f4xx_hal_gpio.o [1]
HAL_GPIO_ReadPin        0x08002899     0xe  Code  Gb  stm32f4xx_hal_gpio.o [1]
HAL_GPIO_WritePin       0x080028a7     0xe  Code  Gb  stm32f4xx_hal_gpio.o [1]
HAL_GetTick             0x08000c6d     0x6  Code  Wk  stm32f4xx_hal.o [1]
HAL_I2C_ErrorCallback   0x08001bc1     0x2  Code  Wk  stm32f4xx_hal_i2c.o [1]
HAL_I2C_Init            0x08001901    0xf4  Code  Gb  stm32f4xx_hal_i2c.o [1]
HAL_I2C_MemRxCpltCallback
                        0x08001bbf     0x2  Code  Wk  stm32f4xx_hal_i2c.o [1]
HAL_I2C_MemTxCpltCallback
                        0x08001bbd     0x2  Code  Wk  stm32f4xx_hal_i2c.o [1]
HAL_I2C_Mem_Read_DMA    0x08001ac9    0xf4  Code  Gb  stm32f4xx_hal_i2c.o [1]
HAL_I2C_Mem_Write_DMA   0x080019fd    0xcc  Code  Gb  stm32f4xx_hal_i2c.o [1]
HAL_I2C_MspInit         0x08002f05    0xf6  Code  Gb  stm32f4xx_hal_msp.o [1]
HAL_Init                0x08000c19    0x30  Code  Gb  stm32f4xx_hal.o [1]
HAL_InitTick            0x08000c49    0x24  Code  Wk  stm32f4xx_hal.o [1]
HAL_MspInit             0x08002eed    0x18  Code  Gb  stm32f4xx_hal_msp.o [1]
HAL_NVIC_EnableIRQ      0x080018cb     0x2  Code  Gb  stm32f4xx_hal_cortex.o [1]
HAL_NVIC_SetPriority    0x080018ad    0x1e  Code  Gb  stm32f4xx_hal_cortex.o [1]
HAL_NVIC_SetPriorityGrouping
                        0x080018ab     0x2  Code  Gb  stm32f4xx_hal_cortex.o [1]
HAL_RCC_ClockConfig     0x08001539   0x1fc  Code  Gb  stm32f4xx_hal_rcc.o [1]
HAL_RCC_GetHCLKFreq     0x08001789    0x1e  Code  Gb  stm32f4xx_hal_rcc.o [1]
HAL_RCC_GetPCLK1Freq    0x080017a7    0x18  Code  Gb  stm32f4xx_hal_rcc.o [1]
HAL_RCC_GetSysClockFreq
                        0x08001735    0x54  Code  Wk  stm32f4xx_hal_rcc.o [1]
HAL_RCC_OscConfig       0x0800129d   0x29c  Code  Wk  stm32f4xx_hal_rcc.o [1]
HAL_SYSTICK_CLKSourceConfig
                        0x080018cf    0x18  Code  Gb  stm32f4xx_hal_cortex.o [1]
HAL_SYSTICK_Config      0x080018cd     0x2  Code  Gb  stm32f4xx_hal_cortex.o [1]
HAL_TIMEx_BreakCallback
                        0x080026e3     0x2  Code  Wk  stm32f4xx_hal_tim_ex.o [1]
HAL_TIMEx_CommutationCallback
                        0x080026e1     0x2  Code  Wk  stm32f4xx_hal_tim_ex.o [1]
HAL_TIMEx_MasterConfigSynchronization
                        0x0800268d    0x54  Code  Gb  stm32f4xx_hal_tim_ex.o [1]
HAL_TIM_Base_Init       0x08001fa1    0x36  Code  Gb  stm32f4xx_hal_tim.o [1]
HAL_TIM_Base_MspInit    0x08002ffb    0x56  Code  Gb  stm32f4xx_hal_msp.o [1]
HAL_TIM_ConfigClockSource
                        0x0800227f   0x104  Code  Gb  stm32f4xx_hal_tim.o [1]
HAL_TIM_IC_CaptureCallback
                        0x08002389     0x2  Code  Wk  stm32f4xx_hal_tim.o [1]
HAL_TIM_IRQHandler      0x08002055   0x152  Code  Gb  stm32f4xx_hal_tim.o [1]
HAL_TIM_OC_DelayElapsedCallback
                        0x08002387     0x2  Code  Wk  stm32f4xx_hal_tim.o [1]
HAL_TIM_PWM_ConfigChannel
                        0x080021a7    0xd8  Code  Gb  stm32f4xx_hal_tim.o [1]
HAL_TIM_PWM_Init        0x08001fd7    0x36  Code  Gb  stm32f4xx_hal_tim.o [1]
HAL_TIM_PWM_MspInit     0x0800200d     0x2  Code  Wk  stm32f4xx_hal_tim.o [1]
HAL_TIM_PWM_PulseFinishedCallback
                        0x0800238b     0x2  Code  Wk  stm32f4xx_hal_tim.o [1]
HAL_TIM_PWM_Start       0x0800200f    0x3e  Code  Gb  stm32f4xx_hal_tim.o [1]
HAL_TIM_PeriodElapsedCallback
                        0x08002385     0x2  Code  Wk  stm32f4xx_hal_tim.o [1]
HAL_TIM_TriggerCallback
                        0x0800238d     0x2  Code  Wk  stm32f4xx_hal_tim.o [1]
I2C_DMAError            0x08001e21    0x26  Code  Lc  stm32f4xx_hal_i2c.o [1]
I2C_DMAMemReceiveCplt   0x08001dd9    0x48  Code  Lc  stm32f4xx_hal_i2c.o [1]
I2C_DMAMemTransmitCplt  0x08001d7d    0x4e  Code  Lc  stm32f4xx_hal_i2c.o [1]
I2C_RequestMemoryRead   0x08001c6d   0x110  Code  Lc  stm32f4xx_hal_i2c.o [1]
I2C_RequestMemoryWrite  0x08001bc3    0xa6  Code  Lc  stm32f4xx_hal_i2c.o [1]
I2C_WaitOnFlagUntilTimeout
                        0x08001e47    0xc4  Code  Lc  stm32f4xx_hal_i2c.o [1]
I2C_WaitOnMasterAddressFlagUntilTimeout
                        0x08001f0b    0x94  Code  Lc  stm32f4xx_hal_i2c.o [1]
MX_DMA_Init             0x0800044d    0x40  Code  Lc  main.o [1]
MX_GPIO_Init            0x080004a5   0x238  Code  Lc  main.o [1]
MX_I2C1_Init            0x0800038d    0x2a  Code  Lc  main.o [1]
MX_I2C3_Init            0x080003b7    0x2a  Code  Lc  main.o [1]
MX_TIM4_Init            0x080003e1    0x6c  Code  Lc  main.o [1]
MadgwickAHRSupdateIMU   0x08002905   0x2aa  Code  Gb  MadgwickAHRS.o [1]
NVIC_EnableIRQ          0x08001821    0x12  Code  Lc  stm32f4xx_hal_cortex.o [1]
NVIC_EncodePriority     0x0800184d    0x36  Code  Lc  stm32f4xx_hal_cortex.o [1]
NVIC_GetPriorityGrouping
                        0x08001817     0xa  Code  Lc  stm32f4xx_hal_cortex.o [1]
NVIC_SetPriority        0x08001833    0x1a  Code  Lc  stm32f4xx_hal_cortex.o [1]
NVIC_SetPriorityGrouping
                        0x080017fd    0x1a  Code  Lc  stm32f4xx_hal_cortex.o [1]
PendSV_Handler          0x08004729          Code  Gb  portasm.o [1]
Region$$Table$$Base     0x0800497c           --   Gb  - Linker created -
Region$$Table$$Limit    0x080049a0           --   Gb  - Linker created -
SVC_Handler             0x08004781          Code  Gb  portasm.o [1]
StartDefaultTask        0x080006dd     0xa  Code  Gb  main.o [1]
SysTick_Config          0x08001883    0x28  Code  Lc  stm32f4xx_hal_cortex.o [1]
SysTick_Handler         0x08004879     0x4  Code  Gb  stm32f4xx_it.o [1]
SystemClock_Config      0x080002e7    0xa6  Code  Gb  main.o [1]
SystemCoreClock         0x200000bc     0x4  Data  Gb  system_stm32f4xx.o [1]
SystemInit              0x08004905    0x3a  Code  Gb  system_stm32f4xx.o [1]
TIM4_IRQHandler         0x080048b7     0x6  Code  Gb  stm32f4xx_it.o [1]
TIM_Base_SetConfig      0x0800238f    0xcc  Code  Gb  stm32f4xx_hal_tim.o [1]
TIM_CCxChannelCmd       0x080024c1    0x1a  Code  Gb  stm32f4xx_hal_tim.o [1]
TIM_ETR_SetConfig       0x08002677    0x16  Code  Lc  stm32f4xx_hal_tim.o [1]
TIM_ITRx_SetConfig      0x08002667    0x10  Code  Lc  stm32f4xx_hal_tim.o [1]
TIM_OC1_SetConfig       0x080024dd    0x5c  Code  Lc  stm32f4xx_hal_tim.o [1]
TIM_OC2_SetConfig       0x0800245d    0x64  Code  Gb  stm32f4xx_hal_tim.o [1]
TIM_OC3_SetConfig       0x08002539    0x62  Code  Lc  stm32f4xx_hal_tim.o [1]
TIM_OC4_SetConfig       0x0800259b    0x52  Code  Lc  stm32f4xx_hal_tim.o [1]
TIM_TI1_ConfigInputStage
                        0x0800261d    0x24  Code  Lc  stm32f4xx_hal_tim.o [1]
TIM_TI2_ConfigInputStage
                        0x08002641    0x26  Code  Lc  stm32f4xx_hal_tim.o [1]
__aeabi_cdcmple         0x08003d95          Code  Gb  DblCmpLe.o [4]
__aeabi_cdrcmple        0x080047d1          Code  Gb  DblCmpGe.o [4]
__aeabi_d2f             0x08002d2d          Code  Gb  DblToFlt.o [4]
__aeabi_dadd            0x08003221          Code  Gb  DblAdd.o [4]
__aeabi_ddiv            0x08003dc5          Code  Gb  DblDiv.o [4]
__aeabi_dmul            0x0800307d          Code  Gb  DblMul.o [4]
__aeabi_dsub            0x08004221          Code  Gb  DblSub.o [4]
__aeabi_errno_addr      0x08004491     0x6  Code  Gb  errno.o [3]
__aeabi_f2d             0x08002be9          Code  Gb  FltToDbl.o [4]
__aeabi_memset          0x08004811          Code  Gb  ABImemset.o [5]
__cmain                 0x080049bd          Code  Gb  cmain.o [5]
__exit                  0x080049ed    0x14  Code  Gb  exit.o [6]
__iar_Atan              0x08004031   0x158  Code  Gb  xatan.o [4]
__iar_Dtest             0x08003d55    0x30  Code  Gb  xdtest.o [4]
__iar_Errno             0x200000c8     0x4  Data  Gb  errno.o [3]
__iar_Memset            0x08004811          Code  Gb  ABImemset.o [5]
__iar_Memset_word       0x08004819          Code  Gb  ABImemset.o [5]
__iar_copy_init3        0x080011db    0x2e  Code  Gb  copy_init3.o [5]
__iar_dadd              0x08003235          Code  Gb  DblAdd.o [4]
__iar_data_init3        0x08004955    0x28  Code  Gb  data_init.o [5]
__iar_dlib_perthread_access
                        0x0800480d     0x2  Code  Gb  xtls.o [3]
__iar_dsub              0x08004235          Code  Gb  DblSub.o [4]
__iar_dsubStart         0x08004247          Code  Gb  DblSub.o [4]
__iar_edom              0x08004801          Code  Gb  iarEdom.o [5]
__iar_init_vfp          0x080049a1          Code  Gb  fpinit_M.o [4]
__iar_program_start     0x08004a11          Code  Gb  cstartup_M.o [5]
__iar_sqrt              0x080043a1          Code  Gb  sqrt.o [4]
__iar_unaligned___aeabi_memcpy4
                        0x08001185          Code  Gb  ABImemcpy_unaligned.o [5]
__iar_unaligned___aeabi_memcpy8
                        0x08001185          Code  Gb  ABImemcpy_unaligned.o [5]
__iar_vfp_asin          0x08002edd    0x10  Code  Gb  asin.o [4]
__iar_vfp_atan2         0x08002d19    0x14  Code  Gb  atan2.o [4]
__iar_zero_init3        0x0800127b    0x22  Code  Gb  zero_init3.o [5]
__low_level_init        0x080049d7     0x4  Code  Gb  low_level_init.o [3]
__vector_table          0x08000000          Data  Gb  startup_stm32f407xx.o [1]
_call_main              0x080049c9          Code  Gb  cmain.o [5]
_exit                   0x080049e1          Code  Gb  cexit.o [5]
_main                   0x080049d3          Code  Gb  cmain.o [5]
a                       0x080041e0    0x40  Data  Lc  xatan.o [4]
accel_scale             0x200000c4     0x4  Data  Gb  variable.o [1]
asin                    0x08002dbd   0x11a  Code  Gb  asin.o [4]
atan2                   0x08002c39    0xd0  Code  Gb  atan2.o [4]
ax                      0x2000402c     0x4  Data  Gb  variable.o [1]
ay                      0x20004030     0x4  Data  Gb  variable.o [1]
az                      0x20004034     0x4  Data  Gb  variable.o [1]
beta                    0x2000009c     0x4  Data  Gb  MadgwickAHRS.o [1]
controlHandle           0x20003ee0     0x4  Data  Gb  main.o [1]
controlTask             0x080006e9    0x58  Code  Gb  main.o [1]
defaultTaskHandle       0x20003edc     0x4  Data  Gb  main.o [1]
encoder_CalcTick        0x08000e03    0x30  Code  Gb  encoder.o [1]
encoder_GetAngle        0x08000dfd     0x6  Code  Gb  encoder.o [1]
encoder_Init            0x08000d6d    0x2e  Code  Gb  encoder.o [1]
encoder_Update          0x08000d9d    0x5a  Code  Gb  encoder.o [1]
encoder_left            0x20003fc0    0x20  Data  Gb  variable.o [1]
encoder_right           0x20003fa0    0x20  Data  Gb  variable.o [1]
exit                    0x080049db     0x4  Code  Gb  exit.o [3]
flag_run                0x20004044     0x1  Data  Gb  variable.o [1]
gx                      0x20004020     0x4  Data  Gb  variable.o [1]
gx_offset               0x20004038     0x4  Data  Gb  variable.o [1]
gy                      0x20004024     0x4  Data  Gb  variable.o [1]
gy_offset               0x2000403c     0x4  Data  Gb  variable.o [1]
gyro_scale              0x200000c0     0x4  Data  Gb  variable.o [1]
gz                      0x20004028     0x4  Data  Gb  variable.o [1]
gz_offset               0x20004040     0x4  Data  Gb  variable.o [1]
hdma_i2c1_rx            0x20003df0    0x58  Data  Gb  main.o [1]
hdma_i2c1_tx            0x20003e48    0x58  Data  Gb  main.o [1]
hi2c1                   0x20003ee8    0x3c  Data  Gb  main.o [1]
hi2c3                   0x20003f24    0x3c  Data  Gb  main.o [1]
htim4                   0x20003ea0    0x3c  Data  Gb  main.o [1]
invSqrt                 0x08002baf    0x2e  Code  Gb  MadgwickAHRS.o [1]
main                    0x08000189   0x15e  Code  Gb  main.o [1]
makeFreeRtosPriority    0x08001209     0xc  Code  Lc  cmsis_os.o [1]
memset                  0x08004715    0x14  Code  Gb  memset.o [3]
motor_Enable            0x08000c9d    0x36  Code  Gb  motor.o [1]
motor_Init              0x08000c7d    0x20  Code  Gb  motor.o [1]
motor_SetDuty           0x08000cd5    0x94  Code  Gb  motor.o [1]
motor_left              0x20003f80    0x20  Data  Gb  variable.o [1]
motor_right             0x20003f60    0x20  Data  Gb  variable.o [1]
mpu6050_buffer          0x20003fe0    0x10  Data  Gb  variable.o [1]
mpu6050_sense           0x20003ff0    0x10  Data  Gb  variable.o [1]
osDelay                 0x08001257    0x10  Code  Gb  cmsis_os.o [1]
osKernelStart           0x08001215     0xa  Code  Gb  cmsis_os.o [1]
osSystickHandler        0x08001267    0x14  Code  Gb  cmsis_os.o [1]
osThreadCreate          0x0800121f    0x38  Code  Gb  cmsis_os.o [1]
pitch                   0x2000400c     0x4  Data  Gb  variable.o [1]
pitch_deg               0x20004018     0x4  Data  Gb  variable.o [1]
prvAddCurrentTaskToDelayedList
                        0x080037fd    0x32  Code  Lc  tasks.o [1]
prvAllocateTCBAndStack  0x0800382f    0x3e  Code  Lc  tasks.o [1]
prvCheckTasksWaitingTermination
                        0x080037b7    0x46  Code  Lc  tasks.o [1]
prvDeleteTCB            0x0800386d    0x14  Code  Lc  tasks.o [1]
prvHeapInit             0x0800466d    0x52  Code  Lc  heap_4.o [1]
prvIdleTask             0x080036f1    0x20  Code  Lc  tasks.o [1]
prvInitialiseTCBVariables
                        0x08003711    0x58  Code  Lc  tasks.o [1]
prvInitialiseTaskLists  0x08003769    0x4e  Code  Lc  tasks.o [1]
prvInsertBlockIntoFreeList
                        0x080046bf    0x4e  Code  Lc  heap_4.o [1]
prvResetNextTaskUnblockTime
                        0x08003881    0x1e  Code  Lc  tasks.o [1]
prvTaskExitError        0x080038f5    0x28  Code  Lc  port.o [1]
pvPortMalloc            0x0800452d    0xd8  Code  Gb  heap_4.o [1]
pxCurrentTCB            0x20000028     0x4  Data  Gb  tasks.o [1]
pxDelayedTaskList       0x2000002c     0x4  Data  Lc  tasks.o [1]
pxEnd                   0x200000d4     0x4  Data  Lc  heap_4.o [1]
pxOverflowDelayedTaskList
                        0x20000030     0x4  Data  Lc  tasks.o [1]
pxPortInitialiseStack   0x080038d1    0x24  Code  Gb  port.o [1]
pxReadyTasksLists       0x20003ce4    0x8c  Data  Lc  tasks.o [1]
q0                      0x200000a0     0x4  Data  Gb  MadgwickAHRS.o [1]
q1                      0x200000a4     0x4  Data  Gb  MadgwickAHRS.o [1]
q2                      0x200000a8     0x4  Data  Gb  MadgwickAHRS.o [1]
q3                      0x200000ac     0x4  Data  Gb  MadgwickAHRS.o [1]
roll                    0x20004010     0x4  Data  Gb  variable.o [1]
roll_deg                0x2000401c     0x4  Data  Gb  variable.o [1]
segway                  0x20003d70    0x80  Data  Gb  variable.o [1]
segway_ControlSegway    0x08000ef1   0x274  Code  Gb  segway.o [1]
segway_Init             0x08000e75    0x58  Code  Gb  segway.o [1]
segway_SetMotorDuty     0x08000ecd    0x24  Code  Gb  segway.o [1]
segway_roll_inst        0x20004000     0x4  Data  Gb  segway.o [1]
sensorFilterHandle      0x20003ee4     0x4  Data  Gb  main.o [1]
sensorFilterTask        0x08000745   0x3d6  Code  Gb  main.o [1]
sqrt                    0x080043a1          Code  Gb  sqrt.o [4]
sqrtl                   0x080043a1          Code  Gb  sqrt.o [4]
ucHeap                  0x200000e4  0x3c00  Data  Lc  heap_4.o [1]
ucMaxSysCallPriority    0x200000b0     0x1  Data  Lc  port.o [1]
ulMaxPRIGROUPValue      0x200000b8     0x4  Data  Lc  port.o [1]
uwTick                  0x20004004     0x4  Data  Lc  stm32f4xx_hal.o [1]
uxCriticalNesting       0x200000b4     0x4  Data  Lc  port.o [1]
uxCurrentNumberOfTasks  0x2000004c     0x4  Data  Lc  tasks.o [1]
uxListRemove            0x08004509    0x24  Code  Gb  list.o [1]
uxPendedTicks           0x2000005c     0x4  Data  Lc  tasks.o [1]
uxSchedulerSuspended    0x20000070     0x4  Data  Lc  tasks.o [1]
uxTaskNumber            0x20000068     0x4  Data  Lc  tasks.o [1]
uxTasksDeleted          0x20000034     0x4  Data  Lc  tasks.o [1]
uxTopReadyPriority      0x20000054     0x4  Data  Lc  tasks.o [1]
vListInitialise         0x0800449d    0x1a  Code  Gb  list.o [1]
vListInitialiseItem     0x080044b7     0x6  Code  Gb  list.o [1]
vListInsert             0x080044d5    0x34  Code  Gb  list.o [1]
vListInsertEnd          0x080044bd    0x18  Code  Gb  list.o [1]
vPortEnableVFP          0x080047b5          Code  Gb  portasm.o [1]
vPortEnterCritical      0x080039c5    0x32  Code  Gb  port.o [1]
vPortExitCritical       0x080039f7    0x26  Code  Gb  port.o [1]
vPortFree               0x08004605    0x68  Code  Gb  heap_4.o [1]
vPortSetupTimerInterrupt
                        0x08003a45    0x18  Code  Wk  port.o [1]
vPortStartFirstTask     0x0800479d          Code  Gb  portasm.o [1]
vTaskDelay              0x08003429    0x6c  Code  Gb  tasks.o [1]
vTaskStartScheduler     0x08003495    0x5e  Code  Gb  tasks.o [1]
vTaskSuspendAll         0x080034fd     0xc  Code  Gb  tasks.o [1]
vTaskSwitchContext      0x08003697    0x5a  Code  Gb  tasks.o [1]
xBlockAllocatedBit      0x200000e0     0x4  Data  Lc  heap_4.o [1]
xDelayedTaskList1       0x20000074    0x14  Data  Lc  tasks.o [1]
xDelayedTaskList2       0x20000088    0x14  Data  Lc  tasks.o [1]
xFreeBytesRemaining     0x200000d8     0x4  Data  Lc  heap_4.o [1]
xMinimumEverFreeBytesRemaining
                        0x200000dc     0x4  Data  Lc  heap_4.o [1]
xNextTaskUnblockTime    0x2000006c     0x4  Data  Lc  tasks.o [1]
xNumOfOverflows         0x20000064     0x4  Data  Lc  tasks.o [1]
xPendingReadyList       0x20000000    0x14  Data  Lc  tasks.o [1]
xPortStartScheduler     0x0800391d    0xa8  Code  Gb  port.o [1]
xPortSysTickHandler     0x08003a1d    0x28  Code  Gb  port.o [1]
xSchedulerRunning       0x20000058     0x4  Data  Lc  tasks.o [1]
xStart                  0x200000cc     0x8  Data  Lc  heap_4.o [1]
xSuspendedTaskList      0x20000038    0x14  Data  Lc  tasks.o [1]
xTaskGenericCreate      0x08003309   0x120  Code  Gb  tasks.o [1]
xTaskGetSchedulerState  0x0800389f    0x1c  Code  Gb  tasks.o [1]
xTaskIncrementTick      0x080035c5    0xd2  Code  Gb  tasks.o [1]
xTaskResumeAll          0x08003509    0xbc  Code  Gb  tasks.o [1]
xTasksWaitingTermination
                        0x20000014    0x14  Data  Lc  tasks.o [1]
xTickCount              0x20000050     0x4  Data  Lc  tasks.o [1]
xYieldPending           0x20000060     0x4  Data  Lc  tasks.o [1]
yaw                     0x20004008     0x4  Data  Gb  variable.o [1]
yaw_deg                 0x20004014     0x4  Data  Gb  variable.o [1]


[1] = C:\Users\DongHoonPark\Documents\IAR Workspace\SegwayMini\EWARM\SegwayMini Configuration\Obj
[2] = command line
[3] = dl7M_tlf.a
[4] = m7M_tlv.a
[5] = rt7M_tl.a
[6] = shb_l.a

  19 226 bytes of readonly  code memory
     278 bytes of readonly  data memory
  17 477 bytes of readwrite data memory

Errors: none
Warnings: none
