###############################################################################
#                                                                             #
# IAR ELF Linker V6.30.6.53336/W32 for ARM              30/Dec/2015  14:09:32 #
# Copyright 2007-2012 IAR Systems AB.                                         #
#                                                                             #
#    Output file  =  C:\Users\dongh\Documents\IAR                             #
#                    Workspace\12_UART_Conventional_UART_01\EWARM\12_UART_Con #
#                    ventional_UART_01 Configuration\Exe\12_UART_Conventional #
#                    _UART_01 Configuration.out                               #
#    Map file     =  C:\Users\dongh\Documents\IAR                             #
#                    Workspace\12_UART_Conventional_UART_01\EWARM\12_UART_Con #
#                    ventional_UART_01 Configuration/List\12_UART_Conventiona #
#                    l_UART_01 Configuration.map                              #
#    Command line =  "C:\Users\dongh\Documents\IAR                            #
#                    Workspace\12_UART_Conventional_UART_01\EWARM\12_UART_Con #
#                    ventional_UART_01 Configuration\Obj\main.o"              #
#                    "C:\Users\dongh\Documents\IAR                            #
#                    Workspace\12_UART_Conventional_UART_01\EWARM\12_UART_Con #
#                    ventional_UART_01 Configuration\Obj\startup_stm32f407xx. #
#                    o" "C:\Users\dongh\Documents\IAR                         #
#                    Workspace\12_UART_Conventional_UART_01\EWARM\12_UART_Con #
#                    ventional_UART_01 Configuration\Obj\stm32f4xx_hal.o"     #
#                    "C:\Users\dongh\Documents\IAR                            #
#                    Workspace\12_UART_Conventional_UART_01\EWARM\12_UART_Con #
#                    ventional_UART_01 Configuration\Obj\stm32f4xx_hal_cortex #
#                    .o" "C:\Users\dongh\Documents\IAR                        #
#                    Workspace\12_UART_Conventional_UART_01\EWARM\12_UART_Con #
#                    ventional_UART_01 Configuration\Obj\stm32f4xx_hal_dma.o" #
#                     "C:\Users\dongh\Documents\IAR                           #
#                    Workspace\12_UART_Conventional_UART_01\EWARM\12_UART_Con #
#                    ventional_UART_01 Configuration\Obj\stm32f4xx_hal_dma_ex #
#                    .o" "C:\Users\dongh\Documents\IAR                        #
#                    Workspace\12_UART_Conventional_UART_01\EWARM\12_UART_Con #
#                    ventional_UART_01 Configuration\Obj\stm32f4xx_hal_flash. #
#                    o" "C:\Users\dongh\Documents\IAR                         #
#                    Workspace\12_UART_Conventional_UART_01\EWARM\12_UART_Con #
#                    ventional_UART_01 Configuration\Obj\stm32f4xx_hal_flash_ #
#                    ex.o" "C:\Users\dongh\Documents\IAR                      #
#                    Workspace\12_UART_Conventional_UART_01\EWARM\12_UART_Con #
#                    ventional_UART_01 Configuration\Obj\stm32f4xx_hal_flash_ #
#                    ramfunc.o" "C:\Users\dongh\Documents\IAR                 #
#                    Workspace\12_UART_Conventional_UART_01\EWARM\12_UART_Con #
#                    ventional_UART_01 Configuration\Obj\stm32f4xx_hal_gpio.o #
#                    " "C:\Users\dongh\Documents\IAR                          #
#                    Workspace\12_UART_Conventional_UART_01\EWARM\12_UART_Con #
#                    ventional_UART_01 Configuration\Obj\stm32f4xx_hal_msp.o" #
#                     "C:\Users\dongh\Documents\IAR                           #
#                    Workspace\12_UART_Conventional_UART_01\EWARM\12_UART_Con #
#                    ventional_UART_01 Configuration\Obj\stm32f4xx_hal_pwr.o" #
#                     "C:\Users\dongh\Documents\IAR                           #
#                    Workspace\12_UART_Conventional_UART_01\EWARM\12_UART_Con #
#                    ventional_UART_01 Configuration\Obj\stm32f4xx_hal_pwr_ex #
#                    .o" "C:\Users\dongh\Documents\IAR                        #
#                    Workspace\12_UART_Conventional_UART_01\EWARM\12_UART_Con #
#                    ventional_UART_01 Configuration\Obj\stm32f4xx_hal_rcc.o" #
#                     "C:\Users\dongh\Documents\IAR                           #
#                    Workspace\12_UART_Conventional_UART_01\EWARM\12_UART_Con #
#                    ventional_UART_01 Configuration\Obj\stm32f4xx_hal_rcc_ex #
#                    .o" "C:\Users\dongh\Documents\IAR                        #
#                    Workspace\12_UART_Conventional_UART_01\EWARM\12_UART_Con #
#                    ventional_UART_01 Configuration\Obj\stm32f4xx_hal_uart.o #
#                    " "C:\Users\dongh\Documents\IAR                          #
#                    Workspace\12_UART_Conventional_UART_01\EWARM\12_UART_Con #
#                    ventional_UART_01 Configuration\Obj\stm32f4xx_it.o"      #
#                    "C:\Users\dongh\Documents\IAR                            #
#                    Workspace\12_UART_Conventional_UART_01\EWARM\12_UART_Con #
#                    ventional_UART_01 Configuration\Obj\system_stm32f4xx.o"  #
#                    "C:\Users\dongh\Documents\IAR                            #
#                    Workspace\12_UART_Conventional_UART_01\EWARM\12_UART_Con #
#                    ventional_UART_01 Configuration\Obj\variable.o"          #
#                    --redirect _Printf=_PrintfFull --redirect                #
#                    _Scanf=_ScanfFull -o "C:\Users\dongh\Documents\IAR       #
#                    Workspace\12_UART_Conventional_UART_01\EWARM\12_UART_Con #
#                    ventional_UART_01 Configuration\Exe\12_UART_Conventional #
#                    _UART_01 Configuration.out" --map                        #
#                    "C:\Users\dongh\Documents\IAR                            #
#                    Workspace\12_UART_Conventional_UART_01\EWARM\12_UART_Con #
#                    ventional_UART_01 Configuration/List\12_UART_Conventiona #
#                    l_UART_01 Configuration.map" --config                    #
#                    "C:\Users\dongh\Documents\IAR                            #
#                    Workspace\12_UART_Conventional_UART_01\EWARM/stm32f407xx #
#                    _flash.icf" --semihosting --entry __iar_program_start    #
#                    --vfe                                                    #
#                                                                             #
#                                                                             #
###############################################################################

*******************************************************************************
*** RUNTIME MODEL ATTRIBUTES
***

CppFlavor       = *
__SystemLibrary = DLib


*******************************************************************************
*** PLACEMENT SUMMARY
***

"A1":  place at 0x08000000 { ro section .intvec };
"P1":  place in [from 0x08000000 to 0x080fffff] { ro };
"P2":  place in [from 0x20000000 to 0x2001ffff] { rw, block CSTACK, block HEAP };

  Section            Kind        Address    Size  Object
  -------            ----        -------    ----  ------
"A1":                                      0x188
  .intvec            ro code  0x08000000   0x188  startup_stm32f407xx.o [1]
                            - 0x08000188   0x188

"P1":                                     0x1640
  .text              ro code  0x08000188   0x67c  stm32f4xx_hal_uart.o [1]
  .text              ro code  0x08000804    0x7c  stm32f4xx_hal_msp.o [1]
  .text              ro code  0x08000880    0x88  stm32f4xx_hal.o [1]
  .text              ro code  0x08000908   0x59c  stm32f4xx_hal_rcc.o [1]
  .text              ro code  0x08000ea4   0x10e  stm32f4xx_hal_cortex.o [1]
  .text              ro code  0x08000fb2    0x2e  copy_init3.o [4]
  .text              ro code  0x08000fe0   0x1e4  stm32f4xx_hal_gpio.o [1]
  .text              ro code  0x080011c4   0x338  main.o [1]
  .text              ro code  0x080014fc    0x58  stm32f4xx_it.o [1]
  .text              ro code  0x08001554    0x40  system_stm32f4xx.o [1]
  .text              ro code  0x08001594    0x2c  data_init3.o [4]
  .text              ro code  0x080015c0    0x22  zero_init3.o [4]
  .iar.init_table    const    0x080015e4    0x24  - Linker created -
  .text              ro code  0x08001608    0x16  cmain.o [4]
  .text              ro code  0x0800161e     0x4  low_level_init.o [3]
  .text              ro code  0x08001622     0x4  exit.o [3]
  .text              ro code  0x08001628     0xa  cexit.o [4]
  .text              ro code  0x08001634    0x14  exit.o [5]
  .text              ro code  0x08001648    0x10  startup_stm32f407xx.o [1]
  .text              ro code  0x08001658     0xc  cstartup_M.o [4]
  .text              ro code  0x08001664     0x4  startup_stm32f407xx.o [1]
  .text              ro code  0x08001668     0x4  startup_stm32f407xx.o [1]
  .text              ro code  0x0800166c     0x4  startup_stm32f407xx.o [1]
  .text              ro code  0x08001670     0x4  startup_stm32f407xx.o [1]
  .text              ro code  0x08001674     0x4  startup_stm32f407xx.o [1]
  .text              ro code  0x08001678     0x4  startup_stm32f407xx.o [1]
  .text              ro code  0x0800167c     0x4  startup_stm32f407xx.o [1]
  .text              ro code  0x08001680     0x4  startup_stm32f407xx.o [1]
  .text              ro code  0x08001684     0x4  startup_stm32f407xx.o [1]
  .text              ro code  0x08001688     0x4  startup_stm32f407xx.o [1]
  .text              ro code  0x0800168c     0x4  startup_stm32f407xx.o [1]
  .text              ro code  0x08001690     0x4  startup_stm32f407xx.o [1]
  .text              ro code  0x08001694     0x4  startup_stm32f407xx.o [1]
  .text              ro code  0x08001698     0x4  startup_stm32f407xx.o [1]
  .text              ro code  0x0800169c     0x4  startup_stm32f407xx.o [1]
  .text              ro code  0x080016a0     0x4  startup_stm32f407xx.o [1]
  .text              ro code  0x080016a4     0x4  startup_stm32f407xx.o [1]
  .text              ro code  0x080016a8     0x4  startup_stm32f407xx.o [1]
  .text              ro code  0x080016ac     0x4  startup_stm32f407xx.o [1]
  .text              ro code  0x080016b0     0x4  startup_stm32f407xx.o [1]
  .text              ro code  0x080016b4     0x4  startup_stm32f407xx.o [1]
  .text              ro code  0x080016b8     0x4  startup_stm32f407xx.o [1]
  .text              ro code  0x080016bc     0x4  startup_stm32f407xx.o [1]
  .text              ro code  0x080016c0     0x4  startup_stm32f407xx.o [1]
  .text              ro code  0x080016c4     0x4  startup_stm32f407xx.o [1]
  .text              ro code  0x080016c8     0x4  startup_stm32f407xx.o [1]
  .text              ro code  0x080016cc     0x4  startup_stm32f407xx.o [1]
  .text              ro code  0x080016d0     0x4  startup_stm32f407xx.o [1]
  .text              ro code  0x080016d4     0x4  startup_stm32f407xx.o [1]
  .text              ro code  0x080016d8     0x4  startup_stm32f407xx.o [1]
  .text              ro code  0x080016dc     0x4  startup_stm32f407xx.o [1]
  .text              ro code  0x080016e0     0x4  startup_stm32f407xx.o [1]
  .text              ro code  0x080016e4     0x4  startup_stm32f407xx.o [1]
  .text              ro code  0x080016e8     0x4  startup_stm32f407xx.o [1]
  .text              ro code  0x080016ec     0x4  startup_stm32f407xx.o [1]
  .text              ro code  0x080016f0     0x4  startup_stm32f407xx.o [1]
  .text              ro code  0x080016f4     0x4  startup_stm32f407xx.o [1]
  .text              ro code  0x080016f8     0x4  startup_stm32f407xx.o [1]
  .text              ro code  0x080016fc     0x4  startup_stm32f407xx.o [1]
  .text              ro code  0x08001700     0x4  startup_stm32f407xx.o [1]
  .text              ro code  0x08001704     0x4  startup_stm32f407xx.o [1]
  .text              ro code  0x08001708     0x4  startup_stm32f407xx.o [1]
  .text              ro code  0x0800170c     0x4  startup_stm32f407xx.o [1]
  .text              ro code  0x08001710     0x4  startup_stm32f407xx.o [1]
  .text              ro code  0x08001714     0x4  startup_stm32f407xx.o [1]
  .text              ro code  0x08001718     0x4  startup_stm32f407xx.o [1]
  .text              ro code  0x0800171c     0x4  startup_stm32f407xx.o [1]
  .text              ro code  0x08001720     0x4  startup_stm32f407xx.o [1]
  .text              ro code  0x08001724     0x4  startup_stm32f407xx.o [1]
  .text              ro code  0x08001728     0x4  startup_stm32f407xx.o [1]
  .text              ro code  0x0800172c     0x4  startup_stm32f407xx.o [1]
  .text              ro code  0x08001730     0x4  startup_stm32f407xx.o [1]
  .text              ro code  0x08001734     0x4  startup_stm32f407xx.o [1]
  .text              ro code  0x08001738     0x4  startup_stm32f407xx.o [1]
  .text              ro code  0x0800173c     0x4  startup_stm32f407xx.o [1]
  .text              ro code  0x08001740     0x4  startup_stm32f407xx.o [1]
  .text              ro code  0x08001744     0x4  startup_stm32f407xx.o [1]
  .text              ro code  0x08001748     0x4  startup_stm32f407xx.o [1]
  .text              ro code  0x0800174c     0x4  startup_stm32f407xx.o [1]
  .text              ro code  0x08001750     0x4  startup_stm32f407xx.o [1]
  .text              ro code  0x08001754     0x4  startup_stm32f407xx.o [1]
  .text              ro code  0x08001758     0x4  startup_stm32f407xx.o [1]
  .text              ro code  0x0800175c     0x4  startup_stm32f407xx.o [1]
  .text              ro code  0x08001760     0x4  startup_stm32f407xx.o [1]
  .text              ro code  0x08001764     0x4  startup_stm32f407xx.o [1]
  .text              ro code  0x08001768     0x4  startup_stm32f407xx.o [1]
  .text              ro code  0x0800176c     0x4  startup_stm32f407xx.o [1]
  .text              ro code  0x08001770     0x4  startup_stm32f407xx.o [1]
  .text              ro code  0x08001774     0x4  startup_stm32f407xx.o [1]
  .text              ro code  0x08001778     0x4  startup_stm32f407xx.o [1]
  .text              ro code  0x0800177c     0x4  startup_stm32f407xx.o [1]
  .text              ro code  0x08001780     0x4  startup_stm32f407xx.o [1]
  .text              ro code  0x08001784     0x4  startup_stm32f407xx.o [1]
  .text              ro code  0x08001788     0x4  startup_stm32f407xx.o [1]
  .text              ro code  0x0800178c     0x4  startup_stm32f407xx.o [1]
  .text              ro code  0x08001790     0x4  startup_stm32f407xx.o [1]
  .text              ro code  0x08001794     0x4  startup_stm32f407xx.o [1]
  .text              ro code  0x08001798     0x4  startup_stm32f407xx.o [1]
  .text              ro code  0x0800179c     0x4  startup_stm32f407xx.o [1]
  .text              ro code  0x080017a0     0x4  startup_stm32f407xx.o [1]
  .text              ro code  0x080017a4     0x4  startup_stm32f407xx.o [1]
  .text              ro code  0x080017a8     0x4  startup_stm32f407xx.o [1]
  .text              ro code  0x080017ac     0x4  startup_stm32f407xx.o [1]
  .text              ro code  0x080017b0     0x4  startup_stm32f407xx.o [1]
  .text              ro code  0x080017b4     0x4  startup_stm32f407xx.o [1]
  .text              ro code  0x080017b8     0x4  startup_stm32f407xx.o [1]
  .text              ro code  0x080017bc     0x4  startup_stm32f407xx.o [1]
  .text              ro code  0x080017c0     0x4  startup_stm32f407xx.o [1]
  .rodata            const    0x080017c4     0x0  bwt_init3c.o [4]
  Initializer bytes  ro data  0x080017c4     0x4  <for P2 s0>
                            - 0x080017c8  0x1640

"P2", part 1 of 3:                           0x4
  P2 s0                       0x20000000     0x4  <Init block>
    .data            inited   0x20000000     0x4  system_stm32f4xx.o [1]
                            - 0x20000004     0x4

"P2", part 2 of 3:                          0xcc
  .bss               zero     0x20000004    0x80  variable.o [1]
  .bss               zero     0x20000084    0x40  main.o [1]
  .bss               zero     0x200000c4     0x4  stm32f4xx_hal.o [1]
  .bss               zero     0x200000c8     0x4  stm32f4xx_it.o [1]
  .bss               zero     0x200000cc     0x4  variable.o [1]
                            - 0x200000d0    0xcc

"P2", part 3 of 3:                         0x400
  CSTACK                      0x200000d0   0x400  <Block>
    CSTACK           uninit   0x200000d0   0x400  <Block tail>
                            - 0x200004d0   0x400


*******************************************************************************
*** INIT TABLE
***

          Address     Size
          -------     ----
Zero (__iar_zero_init3)
    1 destination range, total size 0xcc:
          0x20000004  0xcc

Copy (__iar_copy_init3)
    1 source range, total size 0x4:
          0x080017c4   0x4
    1 destination range, total size 0x4:
          0x20000000   0x4



*******************************************************************************
*** MODULE SUMMARY
***

    Module                  ro code  ro data  rw data
    ------                  -------  -------  -------
C:\Users\dongh\Documents\IAR Workspace\12_UART_Conventional_UART_01\EWARM\12_UART_Conventional_UART_01 Configuration\Obj: [1]
    main.o                      824                64
    startup_stm32f407xx.o       760
    stm32f4xx_hal.o             136                 4
    stm32f4xx_hal_cortex.o      270
    stm32f4xx_hal_gpio.o        484
    stm32f4xx_hal_msp.o         124
    stm32f4xx_hal_rcc.o       1 436
    stm32f4xx_hal_uart.o      1 660
    stm32f4xx_it.o               88                 4
    system_stm32f4xx.o           64        4        4
    variable.o                                    132
    -------------------------------------------------
    Total:                    5 846        4      208

command line: [2]
    -------------------------------------------------
    Total:

dl7M_tlf.a: [3]
    exit.o                        4
    low_level_init.o              4
    -------------------------------------------------
    Total:                        8

rt7M_tl.a: [4]
    bwt_init3c.o
    cexit.o                      10
    cmain.o                      22
    copy_init3.o                 46
    cstartup_M.o                 12
    data_init3.o                 44
    zero_init3.o                 34
    -------------------------------------------------
    Total:                      168

shb_l.a: [5]
    exit.o                       20
    -------------------------------------------------
    Total:                       20

    Gaps                          4        2
    Linker created                        36    1 024
-----------------------------------------------------
    Grand Total:              6 046       42    1 232


*******************************************************************************
*** ENTRY LIST
***

Entry                      Address   Size  Type      Object
-----                      -------   ----  ----      ------
?main                   0x08001609         Code  Gb  cmain.o [4]
ADC_IRQHandler          0x080016cd         Code  Wk  startup_stm32f407xx.o [1]
APBAHBPrescTable        0x08000e94   0x10  Data  Gb  stm32f4xx_hal_rcc.o [1]
BusFault_Handler        0x08001671         Code  Wk  startup_stm32f407xx.o [1]
CAN1_RX0_IRQHandler     0x080016d5         Code  Wk  startup_stm32f407xx.o [1]
CAN1_RX1_IRQHandler     0x080016d9         Code  Wk  startup_stm32f407xx.o [1]
CAN1_SCE_IRQHandler     0x080016dd         Code  Wk  startup_stm32f407xx.o [1]
CAN1_TX_IRQHandler      0x080016d1         Code  Wk  startup_stm32f407xx.o [1]
CAN2_RX0_IRQHandler     0x08001781         Code  Wk  startup_stm32f407xx.o [1]
CAN2_RX1_IRQHandler     0x08001785         Code  Wk  startup_stm32f407xx.o [1]
CAN2_SCE_IRQHandler     0x08001789         Code  Wk  startup_stm32f407xx.o [1]
CAN2_TX_IRQHandler      0x0800177d         Code  Wk  startup_stm32f407xx.o [1]
CSTACK$$Base            0x200000d0          --   Gb  - Linker created -
CSTACK$$Limit           0x200004d0          --   Gb  - Linker created -
DCMI_IRQHandler         0x080017b9         Code  Wk  startup_stm32f407xx.o [1]
DMA1_Stream0_IRQHandler
                        0x080016b1         Code  Wk  startup_stm32f407xx.o [1]
DMA1_Stream1_IRQHandler
                        0x080016b5         Code  Wk  startup_stm32f407xx.o [1]
DMA1_Stream2_IRQHandler
                        0x080016b9         Code  Wk  startup_stm32f407xx.o [1]
DMA1_Stream3_IRQHandler
                        0x080016bd         Code  Wk  startup_stm32f407xx.o [1]
DMA1_Stream4_IRQHandler
                        0x080016c1         Code  Wk  startup_stm32f407xx.o [1]
DMA1_Stream5_IRQHandler
                        0x080016c5         Code  Wk  startup_stm32f407xx.o [1]
DMA1_Stream6_IRQHandler
                        0x080016c9         Code  Wk  startup_stm32f407xx.o [1]
DMA1_Stream7_IRQHandler
                        0x0800173d         Code  Wk  startup_stm32f407xx.o [1]
DMA2_Stream0_IRQHandler
                        0x08001761         Code  Wk  startup_stm32f407xx.o [1]
DMA2_Stream1_IRQHandler
                        0x08001765         Code  Wk  startup_stm32f407xx.o [1]
DMA2_Stream2_IRQHandler
                        0x08001769         Code  Wk  startup_stm32f407xx.o [1]
DMA2_Stream3_IRQHandler
                        0x0800176d         Code  Wk  startup_stm32f407xx.o [1]
DMA2_Stream4_IRQHandler
                        0x08001771         Code  Wk  startup_stm32f407xx.o [1]
DMA2_Stream5_IRQHandler
                        0x08001791         Code  Wk  startup_stm32f407xx.o [1]
DMA2_Stream6_IRQHandler
                        0x08001795         Code  Wk  startup_stm32f407xx.o [1]
DMA2_Stream7_IRQHandler
                        0x08001799         Code  Wk  startup_stm32f407xx.o [1]
DebugMon_Handler        0x0800167d         Code  Wk  startup_stm32f407xx.o [1]
ETH_IRQHandler          0x08001775         Code  Wk  startup_stm32f407xx.o [1]
ETH_WKUP_IRQHandler     0x08001779         Code  Wk  startup_stm32f407xx.o [1]
EXTI0_IRQHandler        0x0800169d         Code  Wk  startup_stm32f407xx.o [1]
EXTI15_10_IRQHandler    0x08001721         Code  Wk  startup_stm32f407xx.o [1]
EXTI1_IRQHandler        0x080016a1         Code  Wk  startup_stm32f407xx.o [1]
EXTI2_IRQHandler        0x080016a5         Code  Wk  startup_stm32f407xx.o [1]
EXTI3_IRQHandler        0x080016a9         Code  Wk  startup_stm32f407xx.o [1]
EXTI4_IRQHandler        0x080016ad         Code  Wk  startup_stm32f407xx.o [1]
EXTI9_5_IRQHandler      0x080016e1         Code  Wk  startup_stm32f407xx.o [1]
FLASH_IRQHandler        0x08001695         Code  Wk  startup_stm32f407xx.o [1]
FPU_IRQHandler          0x080017c1         Code  Wk  startup_stm32f407xx.o [1]
FSMC_IRQHandler         0x08001741         Code  Wk  startup_stm32f407xx.o [1]
HAL_Delay               0x080008e9   0x18  Code  Wk  stm32f4xx_hal.o [1]
HAL_GPIO_Init           0x08000fe1  0x1b4  Code  Gb  stm32f4xx_hal_gpio.o [1]
HAL_GetTick             0x080008e3    0x6  Code  Wk  stm32f4xx_hal.o [1]
HAL_IncTick             0x080008d9    0xa  Code  Wk  stm32f4xx_hal.o [1]
HAL_Init                0x08000881   0x34  Code  Gb  stm32f4xx_hal.o [1]
HAL_InitTick            0x080008b5   0x24  Code  Wk  stm32f4xx_hal.o [1]
HAL_MspInit             0x08000805   0x18  Code  Gb  stm32f4xx_hal_msp.o [1]
HAL_NVIC_EnableIRQ      0x08000f75    0x2  Code  Gb  stm32f4xx_hal_cortex.o [1]
HAL_NVIC_SetPriority    0x08000f57   0x1e  Code  Gb  stm32f4xx_hal_cortex.o [1]
HAL_NVIC_SetPriorityGrouping
                        0x08000f55    0x2  Code  Gb  stm32f4xx_hal_cortex.o [1]
HAL_RCC_ClockConfig     0x08000bb3  0x212  Code  Gb  stm32f4xx_hal_rcc.o [1]
HAL_RCC_GetHCLKFreq     0x08000e19   0x1e  Code  Gb  stm32f4xx_hal_rcc.o [1]
HAL_RCC_GetPCLK1Freq    0x08000e37   0x18  Code  Gb  stm32f4xx_hal_rcc.o [1]
HAL_RCC_GetPCLK2Freq    0x08000e4f   0x18  Code  Gb  stm32f4xx_hal_rcc.o [1]
HAL_RCC_GetSysClockFreq
                        0x08000dc5   0x54  Code  Wk  stm32f4xx_hal_rcc.o [1]
HAL_RCC_OscConfig       0x08000909  0x2aa  Code  Wk  stm32f4xx_hal_rcc.o [1]
HAL_SYSTICK_CLKSourceConfig
                        0x08000f79   0x18  Code  Gb  stm32f4xx_hal_cortex.o [1]
HAL_SYSTICK_Callback    0x08000fb1    0x2  Code  Wk  stm32f4xx_hal_cortex.o [1]
HAL_SYSTICK_Config      0x08000f77    0x2  Code  Gb  stm32f4xx_hal_cortex.o [1]
HAL_SYSTICK_IRQHandler  0x08000fa9    0x8  Code  Gb  stm32f4xx_hal_cortex.o [1]
HAL_UART_ErrorCallback  0x08000461    0x2  Code  Wk  stm32f4xx_hal_uart.o [1]
HAL_UART_IRQHandler     0x08000331  0x12c  Code  Gb  stm32f4xx_hal_uart.o [1]
HAL_UART_Init           0x08000189   0x60  Code  Gb  stm32f4xx_hal_uart.o [1]
HAL_UART_MspInit        0x0800081d   0x56  Code  Gb  stm32f4xx_hal_msp.o [1]
HAL_UART_Receive_IT     0x080002bd   0x74  Code  Gb  stm32f4xx_hal_uart.o [1]
HAL_UART_RxCpltCallback
                        0x0800045f    0x2  Code  Wk  stm32f4xx_hal_uart.o [1]
HAL_UART_Transmit       0x080001e9   0xd4  Code  Gb  stm32f4xx_hal_uart.o [1]
HAL_UART_TxCpltCallback
                        0x0800045d    0x2  Code  Wk  stm32f4xx_hal_uart.o [1]
HASH_RNG_IRQHandler     0x080017bd         Code  Wk  startup_stm32f407xx.o [1]
HardFault_Handler       0x08001669         Code  Wk  startup_stm32f407xx.o [1]
I2C1_ER_IRQHandler      0x08001705         Code  Wk  startup_stm32f407xx.o [1]
I2C1_EV_IRQHandler      0x08001701         Code  Wk  startup_stm32f407xx.o [1]
I2C2_ER_IRQHandler      0x0800170d         Code  Wk  startup_stm32f407xx.o [1]
I2C2_EV_IRQHandler      0x08001709         Code  Wk  startup_stm32f407xx.o [1]
I2C3_ER_IRQHandler      0x080017a5         Code  Wk  startup_stm32f407xx.o [1]
I2C3_EV_IRQHandler      0x080017a1         Code  Wk  startup_stm32f407xx.o [1]
MX_GPIO_Init            0x080012c1  0x200  Code  Lc  main.o [1]
MX_USART2_UART_Init     0x0800129f   0x22  Code  Lc  main.o [1]
MemManage_Handler       0x0800166d         Code  Wk  startup_stm32f407xx.o [1]
NMI_Handler             0x08001665         Code  Wk  startup_stm32f407xx.o [1]
NVIC_EnableIRQ          0x08000ec9   0x14  Code  Lc  stm32f4xx_hal_cortex.o [1]
NVIC_EncodePriority     0x08000ef7   0x36  Code  Lc  stm32f4xx_hal_cortex.o [1]
NVIC_GetPriorityGrouping
                        0x08000ebf    0xa  Code  Lc  stm32f4xx_hal_cortex.o [1]
NVIC_SetPriority        0x08000edd   0x1a  Code  Lc  stm32f4xx_hal_cortex.o [1]
NVIC_SetPriorityGrouping
                        0x08000ea5   0x1a  Code  Lc  stm32f4xx_hal_cortex.o [1]
OTG_FS_IRQHandler       0x0800178d         Code  Wk  startup_stm32f407xx.o [1]
OTG_FS_WKUP_IRQHandler  0x08001729         Code  Wk  startup_stm32f407xx.o [1]
OTG_HS_EP1_IN_IRQHandler
                        0x080017ad         Code  Wk  startup_stm32f407xx.o [1]
OTG_HS_EP1_OUT_IRQHandler
                        0x080017a9         Code  Wk  startup_stm32f407xx.o [1]
OTG_HS_IRQHandler       0x080017b5         Code  Wk  startup_stm32f407xx.o [1]
OTG_HS_WKUP_IRQHandler  0x080017b1         Code  Wk  startup_stm32f407xx.o [1]
PVD_IRQHandler          0x08001689         Code  Wk  startup_stm32f407xx.o [1]
PendSV_Handler          0x08001681         Code  Wk  startup_stm32f407xx.o [1]
RCC_IRQHandler          0x08001699         Code  Wk  startup_stm32f407xx.o [1]
RTC_Alarm_IRQHandler    0x08001725         Code  Wk  startup_stm32f407xx.o [1]
RTC_WKUP_IRQHandler     0x08001691         Code  Wk  startup_stm32f407xx.o [1]
Region$$Table$$Base     0x080015e4          --   Gb  - Linker created -
Region$$Table$$Limit    0x08001608          --   Gb  - Linker created -
Reset_Handler           0x08001649         Code  Wk  startup_stm32f407xx.o [1]
SDIO_IRQHandler         0x08001745         Code  Wk  startup_stm32f407xx.o [1]
SPI1_IRQHandler         0x08001711         Code  Wk  startup_stm32f407xx.o [1]
SPI2_IRQHandler         0x08001715         Code  Wk  startup_stm32f407xx.o [1]
SPI3_IRQHandler         0x0800174d         Code  Wk  startup_stm32f407xx.o [1]
SVC_Handler             0x08001679         Code  Wk  startup_stm32f407xx.o [1]
SysTick_Config          0x08000f2d   0x28  Code  Lc  stm32f4xx_hal_cortex.o [1]
SysTick_Handler         0x080014fd    0xe  Code  Gb  stm32f4xx_it.o [1]
SystemClock_Config      0x080011fd   0xa2  Code  Gb  main.o [1]
SystemCoreClock         0x20000000    0x4  Data  Gb  system_stm32f4xx.o [1]
SystemInit              0x08001555   0x30  Code  Gb  system_stm32f4xx.o [1]
TAMP_STAMP_IRQHandler   0x0800168d         Code  Wk  startup_stm32f407xx.o [1]
TIM1_BRK_TIM9_IRQHandler
                        0x080016e5         Code  Wk  startup_stm32f407xx.o [1]
TIM1_CC_IRQHandler      0x080016f1         Code  Wk  startup_stm32f407xx.o [1]
TIM1_TRG_COM_TIM11_IRQHandler
                        0x080016ed         Code  Wk  startup_stm32f407xx.o [1]
TIM1_UP_TIM10_IRQHandler
                        0x080016e9         Code  Wk  startup_stm32f407xx.o [1]
TIM2_IRQHandler         0x080016f5         Code  Wk  startup_stm32f407xx.o [1]
TIM3_IRQHandler         0x080016f9         Code  Wk  startup_stm32f407xx.o [1]
TIM4_IRQHandler         0x080016fd         Code  Wk  startup_stm32f407xx.o [1]
TIM5_IRQHandler         0x08001749         Code  Wk  startup_stm32f407xx.o [1]
TIM6_DAC_IRQHandler     0x08001759         Code  Wk  startup_stm32f407xx.o [1]
TIM7_IRQHandler         0x0800175d         Code  Wk  startup_stm32f407xx.o [1]
TIM8_BRK_TIM12_IRQHandler
                        0x0800172d         Code  Wk  startup_stm32f407xx.o [1]
TIM8_CC_IRQHandler      0x08001739         Code  Wk  startup_stm32f407xx.o [1]
TIM8_TRG_COM_TIM14_IRQHandler
                        0x08001735         Code  Wk  startup_stm32f407xx.o [1]
TIM8_UP_TIM13_IRQHandler
                        0x08001731         Code  Wk  startup_stm32f407xx.o [1]
UART4_IRQHandler        0x08001751         Code  Wk  startup_stm32f407xx.o [1]
UART5_IRQHandler        0x08001755         Code  Wk  startup_stm32f407xx.o [1]
UART_EndTransmit_IT     0x08000593   0x2a  Code  Lc  stm32f4xx_hal_uart.o [1]
UART_Receive_IT         0x080005bd   0xaa  Code  Lc  stm32f4xx_hal_uart.o [1]
UART_SetConfig          0x08000667  0x18e  Code  Lc  stm32f4xx_hal_uart.o [1]
UART_Transmit_IT        0x0800052d   0x66  Code  Lc  stm32f4xx_hal_uart.o [1]
UART_WaitOnFlagUntilTimeout
                        0x08000463   0xca  Code  Lc  stm32f4xx_hal_uart.o [1]
USART1_IRQHandler       0x08001719         Code  Wk  startup_stm32f407xx.o [1]
USART2_IRQHandler       0x0800150b   0x3a  Code  Gb  stm32f4xx_it.o [1]
USART3_IRQHandler       0x0800171d         Code  Wk  startup_stm32f407xx.o [1]
USART6_IRQHandler       0x0800179d         Code  Wk  startup_stm32f407xx.o [1]
UsageFault_Handler      0x08001675         Code  Wk  startup_stm32f407xx.o [1]
WWDG_IRQHandler         0x08001685         Code  Wk  startup_stm32f407xx.o [1]
__cmain                 0x08001609         Code  Gb  cmain.o [4]
__exit                  0x08001635   0x14  Code  Gb  exit.o [5]
__iar_SB                0x080017c4         Data  Gb  bwt_init3c.o [4]
__iar_copy_init3        0x08000fb3   0x2e  Code  Gb  copy_init3.o [4]
__iar_data_init3        0x08001595   0x2c  Code  Gb  data_init3.o [4]
__iar_program_start     0x08001659         Code  Gb  cstartup_M.o [4]
__iar_zero_init3        0x080015c1   0x22  Code  Gb  zero_init3.o [4]
__low_level_init        0x0800161f    0x4  Code  Gb  low_level_init.o [3]
__vector_table          0x08000000         Data  Gb  startup_stm32f407xx.o [1]
_call_main              0x08001615         Code  Gb  cmain.o [4]
_exit                   0x08001629         Code  Gb  cexit.o [4]
_main                   0x0800161b         Code  Gb  cmain.o [4]
a                       0x200000c8    0x4  Data  Gb  stm32f4xx_it.o [1]
exit                    0x08001623    0x4  Code  Gb  exit.o [3]
huart2                  0x20000084   0x40  Data  Gb  main.o [1]
main                    0x080011c5   0x38  Code  Gb  main.o [1]
uartRxBuffer            0x20000004   0x80  Data  Gb  variable.o [1]
uartRxBufferIndex       0x200000cc    0x4  Data  Gb  variable.o [1]
uwTick                  0x200000c4    0x4  Data  Lc  stm32f4xx_hal.o [1]


[1] = C:\Users\dongh\Documents\IAR Workspace\12_UART_Conventional_UART_01\EWARM\12_UART_Conventional_UART_01 Configuration\Obj
[2] = command line
[3] = dl7M_tlf.a
[4] = rt7M_tl.a
[5] = shb_l.a

  6 046 bytes of readonly  code memory
     42 bytes of readonly  data memory
  1 232 bytes of readwrite data memory

Errors: none
Warnings: none
