###############################################################################
#                                                                             #
# IAR ELF Linker V6.30.6.53336/W32 for ARM              30/Dec/2015  10:43:26 #
# Copyright 2007-2012 IAR Systems AB.                                         #
#                                                                             #
#    Output file  =  C:\Users\dongh\Documents\IAR                             #
#                    Workspace\10_ADC_Interrupt_Reading_01\EWARM\10_ADC_Inter #
#                    rupt_Reading_01 Configuration\Exe\10_ADC_Interrupt_Readi #
#                    ng_01 Configuration.out                                  #
#    Map file     =  C:\Users\dongh\Documents\IAR                             #
#                    Workspace\10_ADC_Interrupt_Reading_01\EWARM\10_ADC_Inter #
#                    rupt_Reading_01 Configuration/List\10_ADC_Interrupt_Read #
#                    ing_01 Configuration.map                                 #
#    Command line =  "C:\Users\dongh\Documents\IAR                            #
#                    Workspace\10_ADC_Interrupt_Reading_01\EWARM\10_ADC_Inter #
#                    rupt_Reading_01 Configuration\Obj\main.o"                #
#                    "C:\Users\dongh\Documents\IAR                            #
#                    Workspace\10_ADC_Interrupt_Reading_01\EWARM\10_ADC_Inter #
#                    rupt_Reading_01 Configuration\Obj\startup_stm32f407xx.o" #
#                     "C:\Users\dongh\Documents\IAR                           #
#                    Workspace\10_ADC_Interrupt_Reading_01\EWARM\10_ADC_Inter #
#                    rupt_Reading_01 Configuration\Obj\stm32f4xx_hal.o"       #
#                    "C:\Users\dongh\Documents\IAR                            #
#                    Workspace\10_ADC_Interrupt_Reading_01\EWARM\10_ADC_Inter #
#                    rupt_Reading_01 Configuration\Obj\stm32f4xx_hal_adc.o"   #
#                    "C:\Users\dongh\Documents\IAR                            #
#                    Workspace\10_ADC_Interrupt_Reading_01\EWARM\10_ADC_Inter #
#                    rupt_Reading_01 Configuration\Obj\stm32f4xx_hal_adc_ex.o #
#                    " "C:\Users\dongh\Documents\IAR                          #
#                    Workspace\10_ADC_Interrupt_Reading_01\EWARM\10_ADC_Inter #
#                    rupt_Reading_01 Configuration\Obj\stm32f4xx_hal_cortex.o #
#                    " "C:\Users\dongh\Documents\IAR                          #
#                    Workspace\10_ADC_Interrupt_Reading_01\EWARM\10_ADC_Inter #
#                    rupt_Reading_01 Configuration\Obj\stm32f4xx_hal_dma.o"   #
#                    "C:\Users\dongh\Documents\IAR                            #
#                    Workspace\10_ADC_Interrupt_Reading_01\EWARM\10_ADC_Inter #
#                    rupt_Reading_01 Configuration\Obj\stm32f4xx_hal_dma_ex.o #
#                    " "C:\Users\dongh\Documents\IAR                          #
#                    Workspace\10_ADC_Interrupt_Reading_01\EWARM\10_ADC_Inter #
#                    rupt_Reading_01 Configuration\Obj\stm32f4xx_hal_flash.o" #
#                     "C:\Users\dongh\Documents\IAR                           #
#                    Workspace\10_ADC_Interrupt_Reading_01\EWARM\10_ADC_Inter #
#                    rupt_Reading_01 Configuration\Obj\stm32f4xx_hal_flash_ex #
#                    .o" "C:\Users\dongh\Documents\IAR                        #
#                    Workspace\10_ADC_Interrupt_Reading_01\EWARM\10_ADC_Inter #
#                    rupt_Reading_01 Configuration\Obj\stm32f4xx_hal_flash_ra #
#                    mfunc.o" "C:\Users\dongh\Documents\IAR                   #
#                    Workspace\10_ADC_Interrupt_Reading_01\EWARM\10_ADC_Inter #
#                    rupt_Reading_01 Configuration\Obj\stm32f4xx_hal_gpio.o"  #
#                    "C:\Users\dongh\Documents\IAR                            #
#                    Workspace\10_ADC_Interrupt_Reading_01\EWARM\10_ADC_Inter #
#                    rupt_Reading_01 Configuration\Obj\stm32f4xx_hal_msp.o"   #
#                    "C:\Users\dongh\Documents\IAR                            #
#                    Workspace\10_ADC_Interrupt_Reading_01\EWARM\10_ADC_Inter #
#                    rupt_Reading_01 Configuration\Obj\stm32f4xx_hal_pwr.o"   #
#                    "C:\Users\dongh\Documents\IAR                            #
#                    Workspace\10_ADC_Interrupt_Reading_01\EWARM\10_ADC_Inter #
#                    rupt_Reading_01 Configuration\Obj\stm32f4xx_hal_pwr_ex.o #
#                    " "C:\Users\dongh\Documents\IAR                          #
#                    Workspace\10_ADC_Interrupt_Reading_01\EWARM\10_ADC_Inter #
#                    rupt_Reading_01 Configuration\Obj\stm32f4xx_hal_rcc.o"   #
#                    "C:\Users\dongh\Documents\IAR                            #
#                    Workspace\10_ADC_Interrupt_Reading_01\EWARM\10_ADC_Inter #
#                    rupt_Reading_01 Configuration\Obj\stm32f4xx_hal_rcc_ex.o #
#                    " "C:\Users\dongh\Documents\IAR                          #
#                    Workspace\10_ADC_Interrupt_Reading_01\EWARM\10_ADC_Inter #
#                    rupt_Reading_01 Configuration\Obj\stm32f4xx_it.o"        #
#                    "C:\Users\dongh\Documents\IAR                            #
#                    Workspace\10_ADC_Interrupt_Reading_01\EWARM\10_ADC_Inter #
#                    rupt_Reading_01 Configuration\Obj\system_stm32f4xx.o"    #
#                    "C:\Users\dongh\Documents\IAR                            #
#                    Workspace\10_ADC_Interrupt_Reading_01\EWARM\10_ADC_Inter #
#                    rupt_Reading_01 Configuration\Obj\variable.o"            #
#                    --redirect _Printf=_PrintfFull --redirect                #
#                    _Scanf=_ScanfFull -o "C:\Users\dongh\Documents\IAR       #
#                    Workspace\10_ADC_Interrupt_Reading_01\EWARM\10_ADC_Inter #
#                    rupt_Reading_01 Configuration\Exe\10_ADC_Interrupt_Readi #
#                    ng_01 Configuration.out" --map                           #
#                    "C:\Users\dongh\Documents\IAR                            #
#                    Workspace\10_ADC_Interrupt_Reading_01\EWARM\10_ADC_Inter #
#                    rupt_Reading_01 Configuration/List\10_ADC_Interrupt_Read #
#                    ing_01 Configuration.map" --config                       #
#                    "C:\Users\dongh\Documents\IAR                            #
#                    Workspace\10_ADC_Interrupt_Reading_01\EWARM/stm32f407xx_ #
#                    flash.icf" --semihosting --entry __iar_program_start     #
#                    --vfe                                                    #
#                                                                             #
#                                                                             #
###############################################################################

*******************************************************************************
*** RUNTIME MODEL ATTRIBUTES
***

CppFlavor       = *
__SystemLibrary = DLib


*******************************************************************************
*** PLACEMENT SUMMARY
***

"A1":  place at 0x08000000 { ro section .intvec };
"P1":  place in [from 0x08000000 to 0x080fffff] { ro };
"P2":  place in [from 0x20000000 to 0x2001ffff] { rw, block CSTACK, block HEAP };

  Section            Kind        Address    Size  Object
  -------            ----        -------    ----  ------
"A1":                                      0x188
  .intvec            ro code  0x08000000   0x188  startup_stm32f407xx.o [1]
                            - 0x08000188   0x188

"P1":                                     0x1468
  .text              ro code  0x08000188   0x56c  stm32f4xx_hal_rcc.o [1]
  .text              ro code  0x080006f4    0x88  stm32f4xx_hal.o [1]
  .text              ro code  0x0800077c   0x10e  stm32f4xx_hal_cortex.o [1]
  .text              ro code  0x0800088a    0x2e  copy_init3.o [4]
  .text              ro code  0x080008b8    0x74  stm32f4xx_hal_msp.o [1]
  .text              ro code  0x0800092c   0x1e4  stm32f4xx_hal_gpio.o [1]
  .text              ro code  0x08000b10   0x4e0  stm32f4xx_hal_adc.o [1]
  .text              ro code  0x08000ff0   0x374  main.o [1]
  .text              ro code  0x08001364     0x2  stm32f4xx_hal_adc_ex.o [1]
  .text              ro code  0x08001366    0x22  zero_init3.o [4]
  .text              ro code  0x08001388    0x40  system_stm32f4xx.o [1]
  .text              ro code  0x080013c8    0x2c  data_init3.o [4]
  .iar.init_table    const    0x080013f4    0x24  - Linker created -
  .text              ro code  0x08001418    0x18  stm32f4xx_it.o [1]
  .text              ro code  0x08001430    0x16  cmain.o [4]
  .text              ro code  0x08001446     0x4  low_level_init.o [3]
  .text              ro code  0x0800144a     0x4  exit.o [3]
  .text              ro code  0x08001450     0xa  cexit.o [4]
  .text              ro code  0x0800145c    0x14  exit.o [5]
  .text              ro code  0x08001470    0x10  startup_stm32f407xx.o [1]
  .text              ro code  0x08001480     0xc  cstartup_M.o [4]
  .text              ro code  0x0800148c     0x4  startup_stm32f407xx.o [1]
  .text              ro code  0x08001490     0x4  startup_stm32f407xx.o [1]
  .text              ro code  0x08001494     0x4  startup_stm32f407xx.o [1]
  .text              ro code  0x08001498     0x4  startup_stm32f407xx.o [1]
  .text              ro code  0x0800149c     0x4  startup_stm32f407xx.o [1]
  .text              ro code  0x080014a0     0x4  startup_stm32f407xx.o [1]
  .text              ro code  0x080014a4     0x4  startup_stm32f407xx.o [1]
  .text              ro code  0x080014a8     0x4  startup_stm32f407xx.o [1]
  .text              ro code  0x080014ac     0x4  startup_stm32f407xx.o [1]
  .text              ro code  0x080014b0     0x4  startup_stm32f407xx.o [1]
  .text              ro code  0x080014b4     0x4  startup_stm32f407xx.o [1]
  .text              ro code  0x080014b8     0x4  startup_stm32f407xx.o [1]
  .text              ro code  0x080014bc     0x4  startup_stm32f407xx.o [1]
  .text              ro code  0x080014c0     0x4  startup_stm32f407xx.o [1]
  .text              ro code  0x080014c4     0x4  startup_stm32f407xx.o [1]
  .text              ro code  0x080014c8     0x4  startup_stm32f407xx.o [1]
  .text              ro code  0x080014cc     0x4  startup_stm32f407xx.o [1]
  .text              ro code  0x080014d0     0x4  startup_stm32f407xx.o [1]
  .text              ro code  0x080014d4     0x4  startup_stm32f407xx.o [1]
  .text              ro code  0x080014d8     0x4  startup_stm32f407xx.o [1]
  .text              ro code  0x080014dc     0x4  startup_stm32f407xx.o [1]
  .text              ro code  0x080014e0     0x4  startup_stm32f407xx.o [1]
  .text              ro code  0x080014e4     0x4  startup_stm32f407xx.o [1]
  .text              ro code  0x080014e8     0x4  startup_stm32f407xx.o [1]
  .text              ro code  0x080014ec     0x4  startup_stm32f407xx.o [1]
  .text              ro code  0x080014f0     0x4  startup_stm32f407xx.o [1]
  .text              ro code  0x080014f4     0x4  startup_stm32f407xx.o [1]
  .text              ro code  0x080014f8     0x4  startup_stm32f407xx.o [1]
  .text              ro code  0x080014fc     0x4  startup_stm32f407xx.o [1]
  .text              ro code  0x08001500     0x4  startup_stm32f407xx.o [1]
  .text              ro code  0x08001504     0x4  startup_stm32f407xx.o [1]
  .text              ro code  0x08001508     0x4  startup_stm32f407xx.o [1]
  .text              ro code  0x0800150c     0x4  startup_stm32f407xx.o [1]
  .text              ro code  0x08001510     0x4  startup_stm32f407xx.o [1]
  .text              ro code  0x08001514     0x4  startup_stm32f407xx.o [1]
  .text              ro code  0x08001518     0x4  startup_stm32f407xx.o [1]
  .text              ro code  0x0800151c     0x4  startup_stm32f407xx.o [1]
  .text              ro code  0x08001520     0x4  startup_stm32f407xx.o [1]
  .text              ro code  0x08001524     0x4  startup_stm32f407xx.o [1]
  .text              ro code  0x08001528     0x4  startup_stm32f407xx.o [1]
  .text              ro code  0x0800152c     0x4  startup_stm32f407xx.o [1]
  .text              ro code  0x08001530     0x4  startup_stm32f407xx.o [1]
  .text              ro code  0x08001534     0x4  startup_stm32f407xx.o [1]
  .text              ro code  0x08001538     0x4  startup_stm32f407xx.o [1]
  .text              ro code  0x0800153c     0x4  startup_stm32f407xx.o [1]
  .text              ro code  0x08001540     0x4  startup_stm32f407xx.o [1]
  .text              ro code  0x08001544     0x4  startup_stm32f407xx.o [1]
  .text              ro code  0x08001548     0x4  startup_stm32f407xx.o [1]
  .text              ro code  0x0800154c     0x4  startup_stm32f407xx.o [1]
  .text              ro code  0x08001550     0x4  startup_stm32f407xx.o [1]
  .text              ro code  0x08001554     0x4  startup_stm32f407xx.o [1]
  .text              ro code  0x08001558     0x4  startup_stm32f407xx.o [1]
  .text              ro code  0x0800155c     0x4  startup_stm32f407xx.o [1]
  .text              ro code  0x08001560     0x4  startup_stm32f407xx.o [1]
  .text              ro code  0x08001564     0x4  startup_stm32f407xx.o [1]
  .text              ro code  0x08001568     0x4  startup_stm32f407xx.o [1]
  .text              ro code  0x0800156c     0x4  startup_stm32f407xx.o [1]
  .text              ro code  0x08001570     0x4  startup_stm32f407xx.o [1]
  .text              ro code  0x08001574     0x4  startup_stm32f407xx.o [1]
  .text              ro code  0x08001578     0x4  startup_stm32f407xx.o [1]
  .text              ro code  0x0800157c     0x4  startup_stm32f407xx.o [1]
  .text              ro code  0x08001580     0x4  startup_stm32f407xx.o [1]
  .text              ro code  0x08001584     0x4  startup_stm32f407xx.o [1]
  .text              ro code  0x08001588     0x4  startup_stm32f407xx.o [1]
  .text              ro code  0x0800158c     0x4  startup_stm32f407xx.o [1]
  .text              ro code  0x08001590     0x4  startup_stm32f407xx.o [1]
  .text              ro code  0x08001594     0x4  startup_stm32f407xx.o [1]
  .text              ro code  0x08001598     0x4  startup_stm32f407xx.o [1]
  .text              ro code  0x0800159c     0x4  startup_stm32f407xx.o [1]
  .text              ro code  0x080015a0     0x4  startup_stm32f407xx.o [1]
  .text              ro code  0x080015a4     0x4  startup_stm32f407xx.o [1]
  .text              ro code  0x080015a8     0x4  startup_stm32f407xx.o [1]
  .text              ro code  0x080015ac     0x4  startup_stm32f407xx.o [1]
  .text              ro code  0x080015b0     0x4  startup_stm32f407xx.o [1]
  .text              ro code  0x080015b4     0x4  startup_stm32f407xx.o [1]
  .text              ro code  0x080015b8     0x4  startup_stm32f407xx.o [1]
  .text              ro code  0x080015bc     0x4  startup_stm32f407xx.o [1]
  .text              ro code  0x080015c0     0x4  startup_stm32f407xx.o [1]
  .text              ro code  0x080015c4     0x4  startup_stm32f407xx.o [1]
  .text              ro code  0x080015c8     0x4  startup_stm32f407xx.o [1]
  .text              ro code  0x080015cc     0x4  startup_stm32f407xx.o [1]
  .text              ro code  0x080015d0     0x4  startup_stm32f407xx.o [1]
  .text              ro code  0x080015d4     0x4  startup_stm32f407xx.o [1]
  .text              ro code  0x080015d8     0x4  startup_stm32f407xx.o [1]
  .text              ro code  0x080015dc     0x4  startup_stm32f407xx.o [1]
  .text              ro code  0x080015e0     0x4  startup_stm32f407xx.o [1]
  .text              ro code  0x080015e4     0x4  startup_stm32f407xx.o [1]
  .text              ro code  0x080015e8     0x4  startup_stm32f407xx.o [1]
  .rodata            const    0x080015ec     0x0  bwt_init3c.o [4]
  Initializer bytes  ro data  0x080015ec     0x4  <for P2 s0>
                            - 0x080015f0  0x1468

"P2", part 1 of 3:                           0x4
  P2 s0                       0x20000000     0x4  <Init block>
    .data            inited   0x20000000     0x4  system_stm32f4xx.o [1]
                            - 0x20000004     0x4

"P2", part 2 of 3:                          0x54
  .bss               zero     0x20000004    0x44  main.o [1]
  .bss               zero     0x20000048     0x4  stm32f4xx_hal.o [1]
  .bss               zero     0x2000004c     0x4  variable.o [1]
  .bss               zero     0x20000050     0x4  variable.o [1]
                            - 0x20000054    0x50

"P2", part 3 of 3:                         0x400
  CSTACK                      0x20000058   0x400  <Block>
    CSTACK           uninit   0x20000058   0x400  <Block tail>
                            - 0x20000458   0x400


*******************************************************************************
*** INIT TABLE
***

          Address     Size
          -------     ----
Zero (__iar_zero_init3)
    1 destination range, total size 0x50:
          0x20000004  0x50

Copy (__iar_copy_init3)
    1 source range, total size 0x4:
          0x080015ec   0x4
    1 destination range, total size 0x4:
          0x20000000   0x4



*******************************************************************************
*** MODULE SUMMARY
***

    Module                  ro code  ro data  rw data
    ------                  -------  -------  -------
C:\Users\dongh\Documents\IAR Workspace\10_ADC_Interrupt_Reading_01\EWARM\10_ADC_Interrupt_Reading_01 Configuration\Obj: [1]
    main.o                      884                68
    startup_stm32f407xx.o       760
    stm32f4xx_hal.o             136                 4
    stm32f4xx_hal_adc.o       1 248
    stm32f4xx_hal_adc_ex.o        2
    stm32f4xx_hal_cortex.o      270
    stm32f4xx_hal_gpio.o        484
    stm32f4xx_hal_msp.o         116
    stm32f4xx_hal_rcc.o       1 388
    stm32f4xx_it.o               24
    system_stm32f4xx.o           64        4        4
    variable.o                                      8
    -------------------------------------------------
    Total:                    5 376        4       84

command line: [2]
    -------------------------------------------------
    Total:

dl7M_tlf.a: [3]
    exit.o                        4
    low_level_init.o              4
    -------------------------------------------------
    Total:                        8

rt7M_tl.a: [4]
    bwt_init3c.o
    cexit.o                      10
    cmain.o                      22
    copy_init3.o                 46
    cstartup_M.o                 12
    data_init3.o                 44
    zero_init3.o                 34
    -------------------------------------------------
    Total:                      168

shb_l.a: [5]
    exit.o                       20
    -------------------------------------------------
    Total:                       20

    Gaps                          4
    Linker created                        36    1 024
-----------------------------------------------------
    Grand Total:              5 576       40    1 108


*******************************************************************************
*** ENTRY LIST
***

Entry                      Address   Size  Type      Object
-----                      -------   ----  ----      ------
?main                   0x08001431         Code  Gb  cmain.o [4]
ADC_IRQHandler          0x08001427    0x6  Code  Gb  stm32f4xx_it.o [1]
ADC_Init                0x08000ec9  0x114  Code  Lc  stm32f4xx_hal_adc.o [1]
APBAHBPrescTable        0x080006e4   0x10  Data  Gb  stm32f4xx_hal_rcc.o [1]
BusFault_Handler        0x08001499         Code  Wk  startup_stm32f407xx.o [1]
CAN1_RX0_IRQHandler     0x080014f9         Code  Wk  startup_stm32f407xx.o [1]
CAN1_RX1_IRQHandler     0x080014fd         Code  Wk  startup_stm32f407xx.o [1]
CAN1_SCE_IRQHandler     0x08001501         Code  Wk  startup_stm32f407xx.o [1]
CAN1_TX_IRQHandler      0x080014f5         Code  Wk  startup_stm32f407xx.o [1]
CAN2_RX0_IRQHandler     0x080015a9         Code  Wk  startup_stm32f407xx.o [1]
CAN2_RX1_IRQHandler     0x080015ad         Code  Wk  startup_stm32f407xx.o [1]
CAN2_SCE_IRQHandler     0x080015b1         Code  Wk  startup_stm32f407xx.o [1]
CAN2_TX_IRQHandler      0x080015a5         Code  Wk  startup_stm32f407xx.o [1]
CSTACK$$Base            0x20000058          --   Gb  - Linker created -
CSTACK$$Limit           0x20000458          --   Gb  - Linker created -
DCMI_IRQHandler         0x080015e1         Code  Wk  startup_stm32f407xx.o [1]
DMA1_Stream0_IRQHandler
                        0x080014d9         Code  Wk  startup_stm32f407xx.o [1]
DMA1_Stream1_IRQHandler
                        0x080014dd         Code  Wk  startup_stm32f407xx.o [1]
DMA1_Stream2_IRQHandler
                        0x080014e1         Code  Wk  startup_stm32f407xx.o [1]
DMA1_Stream3_IRQHandler
                        0x080014e5         Code  Wk  startup_stm32f407xx.o [1]
DMA1_Stream4_IRQHandler
                        0x080014e9         Code  Wk  startup_stm32f407xx.o [1]
DMA1_Stream5_IRQHandler
                        0x080014ed         Code  Wk  startup_stm32f407xx.o [1]
DMA1_Stream6_IRQHandler
                        0x080014f1         Code  Wk  startup_stm32f407xx.o [1]
DMA1_Stream7_IRQHandler
                        0x08001565         Code  Wk  startup_stm32f407xx.o [1]
DMA2_Stream0_IRQHandler
                        0x08001589         Code  Wk  startup_stm32f407xx.o [1]
DMA2_Stream1_IRQHandler
                        0x0800158d         Code  Wk  startup_stm32f407xx.o [1]
DMA2_Stream2_IRQHandler
                        0x08001591         Code  Wk  startup_stm32f407xx.o [1]
DMA2_Stream3_IRQHandler
                        0x08001595         Code  Wk  startup_stm32f407xx.o [1]
DMA2_Stream4_IRQHandler
                        0x08001599         Code  Wk  startup_stm32f407xx.o [1]
DMA2_Stream5_IRQHandler
                        0x080015b9         Code  Wk  startup_stm32f407xx.o [1]
DMA2_Stream6_IRQHandler
                        0x080015bd         Code  Wk  startup_stm32f407xx.o [1]
DMA2_Stream7_IRQHandler
                        0x080015c1         Code  Wk  startup_stm32f407xx.o [1]
DebugMon_Handler        0x080014a5         Code  Wk  startup_stm32f407xx.o [1]
ETH_IRQHandler          0x0800159d         Code  Wk  startup_stm32f407xx.o [1]
ETH_WKUP_IRQHandler     0x080015a1         Code  Wk  startup_stm32f407xx.o [1]
EXTI0_IRQHandler        0x080014c5         Code  Wk  startup_stm32f407xx.o [1]
EXTI15_10_IRQHandler    0x08001549         Code  Wk  startup_stm32f407xx.o [1]
EXTI1_IRQHandler        0x080014c9         Code  Wk  startup_stm32f407xx.o [1]
EXTI2_IRQHandler        0x080014cd         Code  Wk  startup_stm32f407xx.o [1]
EXTI3_IRQHandler        0x080014d1         Code  Wk  startup_stm32f407xx.o [1]
EXTI4_IRQHandler        0x080014d5         Code  Wk  startup_stm32f407xx.o [1]
EXTI9_5_IRQHandler      0x08001505         Code  Wk  startup_stm32f407xx.o [1]
FLASH_IRQHandler        0x080014bd         Code  Wk  startup_stm32f407xx.o [1]
FPU_IRQHandler          0x080015e9         Code  Wk  startup_stm32f407xx.o [1]
FSMC_IRQHandler         0x08001569         Code  Wk  startup_stm32f407xx.o [1]
HAL_ADCEx_InjectedConvCpltCallback
                        0x08001365    0x2  Code  Wk  stm32f4xx_hal_adc_ex.o [1]
HAL_ADC_ConfigChannel   0x08000d75  0x154  Code  Gb  stm32f4xx_hal_adc.o [1]
HAL_ADC_ConvCpltCallback
                        0x08001311   0x20  Code  Gb  main.o [1]
HAL_ADC_ErrorCallback   0x08000d73    0x2  Code  Wk  stm32f4xx_hal_adc.o [1]
HAL_ADC_IRQHandler      0x08000c07  0x16a  Code  Gb  stm32f4xx_hal_adc.o [1]
HAL_ADC_Init            0x08000b11   0x3a  Code  Gb  stm32f4xx_hal_adc.o [1]
HAL_ADC_LevelOutOfWindowCallback
                        0x08000d71    0x2  Code  Wk  stm32f4xx_hal_adc.o [1]
HAL_ADC_MspInit         0x080008d1   0x50  Code  Gb  stm32f4xx_hal_msp.o [1]
HAL_ADC_Start_IT        0x08000b4b   0xbc  Code  Gb  stm32f4xx_hal_adc.o [1]
HAL_Delay               0x0800075d   0x18  Code  Wk  stm32f4xx_hal.o [1]
HAL_GPIO_Init           0x0800092d  0x1b4  Code  Gb  stm32f4xx_hal_gpio.o [1]
HAL_GetTick             0x08000757    0x6  Code  Wk  stm32f4xx_hal.o [1]
HAL_IncTick             0x0800074d    0xa  Code  Wk  stm32f4xx_hal.o [1]
HAL_Init                0x080006f5   0x34  Code  Gb  stm32f4xx_hal.o [1]
HAL_InitTick            0x08000729   0x24  Code  Wk  stm32f4xx_hal.o [1]
HAL_MspInit             0x080008b9   0x18  Code  Gb  stm32f4xx_hal_msp.o [1]
HAL_NVIC_EnableIRQ      0x0800084d    0x2  Code  Gb  stm32f4xx_hal_cortex.o [1]
HAL_NVIC_SetPriority    0x0800082f   0x1e  Code  Gb  stm32f4xx_hal_cortex.o [1]
HAL_NVIC_SetPriorityGrouping
                        0x0800082d    0x2  Code  Gb  stm32f4xx_hal_cortex.o [1]
HAL_RCC_ClockConfig     0x08000433  0x212  Code  Gb  stm32f4xx_hal_rcc.o [1]
HAL_RCC_GetHCLKFreq     0x08000699   0x1e  Code  Gb  stm32f4xx_hal_rcc.o [1]
HAL_RCC_GetSysClockFreq
                        0x08000645   0x54  Code  Wk  stm32f4xx_hal_rcc.o [1]
HAL_RCC_OscConfig       0x08000189  0x2aa  Code  Wk  stm32f4xx_hal_rcc.o [1]
HAL_SYSTICK_CLKSourceConfig
                        0x08000851   0x18  Code  Gb  stm32f4xx_hal_cortex.o [1]
HAL_SYSTICK_Callback    0x08000889    0x2  Code  Wk  stm32f4xx_hal_cortex.o [1]
HAL_SYSTICK_Config      0x0800084f    0x2  Code  Gb  stm32f4xx_hal_cortex.o [1]
HAL_SYSTICK_IRQHandler  0x08000881    0x8  Code  Gb  stm32f4xx_hal_cortex.o [1]
HASH_RNG_IRQHandler     0x080015e5         Code  Wk  startup_stm32f407xx.o [1]
HardFault_Handler       0x08001491         Code  Wk  startup_stm32f407xx.o [1]
I2C1_ER_IRQHandler      0x08001529         Code  Wk  startup_stm32f407xx.o [1]
I2C1_EV_IRQHandler      0x08001525         Code  Wk  startup_stm32f407xx.o [1]
I2C2_ER_IRQHandler      0x08001531         Code  Wk  startup_stm32f407xx.o [1]
I2C2_EV_IRQHandler      0x0800152d         Code  Wk  startup_stm32f407xx.o [1]
I2C3_ER_IRQHandler      0x080015cd         Code  Wk  startup_stm32f407xx.o [1]
I2C3_EV_IRQHandler      0x080015c9         Code  Wk  startup_stm32f407xx.o [1]
MX_ADC1_Init            0x080010bb   0x56  Code  Lc  main.o [1]
MX_GPIO_Init            0x08001111  0x200  Code  Lc  main.o [1]
MemManage_Handler       0x08001495         Code  Wk  startup_stm32f407xx.o [1]
NMI_Handler             0x0800148d         Code  Wk  startup_stm32f407xx.o [1]
NVIC_EnableIRQ          0x080007a1   0x14  Code  Lc  stm32f4xx_hal_cortex.o [1]
NVIC_EncodePriority     0x080007cf   0x36  Code  Lc  stm32f4xx_hal_cortex.o [1]
NVIC_GetPriorityGrouping
                        0x08000797    0xa  Code  Lc  stm32f4xx_hal_cortex.o [1]
NVIC_SetPriority        0x080007b5   0x1a  Code  Lc  stm32f4xx_hal_cortex.o [1]
NVIC_SetPriorityGrouping
                        0x0800077d   0x1a  Code  Lc  stm32f4xx_hal_cortex.o [1]
OTG_FS_IRQHandler       0x080015b5         Code  Wk  startup_stm32f407xx.o [1]
OTG_FS_WKUP_IRQHandler  0x08001551         Code  Wk  startup_stm32f407xx.o [1]
OTG_HS_EP1_IN_IRQHandler
                        0x080015d5         Code  Wk  startup_stm32f407xx.o [1]
OTG_HS_EP1_OUT_IRQHandler
                        0x080015d1         Code  Wk  startup_stm32f407xx.o [1]
OTG_HS_IRQHandler       0x080015dd         Code  Wk  startup_stm32f407xx.o [1]
OTG_HS_WKUP_IRQHandler  0x080015d9         Code  Wk  startup_stm32f407xx.o [1]
PVD_IRQHandler          0x080014b1         Code  Wk  startup_stm32f407xx.o [1]
PendSV_Handler          0x080014a9         Code  Wk  startup_stm32f407xx.o [1]
RCC_IRQHandler          0x080014c1         Code  Wk  startup_stm32f407xx.o [1]
RTC_Alarm_IRQHandler    0x0800154d         Code  Wk  startup_stm32f407xx.o [1]
RTC_WKUP_IRQHandler     0x080014b9         Code  Wk  startup_stm32f407xx.o [1]
Region$$Table$$Base     0x080013f4          --   Gb  - Linker created -
Region$$Table$$Limit    0x08001418          --   Gb  - Linker created -
Reset_Handler           0x08001471         Code  Wk  startup_stm32f407xx.o [1]
SDIO_IRQHandler         0x0800156d         Code  Wk  startup_stm32f407xx.o [1]
SPI1_IRQHandler         0x08001535         Code  Wk  startup_stm32f407xx.o [1]
SPI2_IRQHandler         0x08001539         Code  Wk  startup_stm32f407xx.o [1]
SPI3_IRQHandler         0x08001575         Code  Wk  startup_stm32f407xx.o [1]
SVC_Handler             0x080014a1         Code  Wk  startup_stm32f407xx.o [1]
SysTick_Config          0x08000805   0x28  Code  Lc  stm32f4xx_hal_cortex.o [1]
SysTick_Handler         0x08001419    0xe  Code  Gb  stm32f4xx_it.o [1]
SystemClock_Config      0x08001019   0xa2  Code  Gb  main.o [1]
SystemCoreClock         0x20000000    0x4  Data  Gb  system_stm32f4xx.o [1]
SystemInit              0x08001389   0x30  Code  Gb  system_stm32f4xx.o [1]
TAMP_STAMP_IRQHandler   0x080014b5         Code  Wk  startup_stm32f407xx.o [1]
TIM1_BRK_TIM9_IRQHandler
                        0x08001509         Code  Wk  startup_stm32f407xx.o [1]
TIM1_CC_IRQHandler      0x08001515         Code  Wk  startup_stm32f407xx.o [1]
TIM1_TRG_COM_TIM11_IRQHandler
                        0x08001511         Code  Wk  startup_stm32f407xx.o [1]
TIM1_UP_TIM10_IRQHandler
                        0x0800150d         Code  Wk  startup_stm32f407xx.o [1]
TIM2_IRQHandler         0x08001519         Code  Wk  startup_stm32f407xx.o [1]
TIM3_IRQHandler         0x0800151d         Code  Wk  startup_stm32f407xx.o [1]
TIM4_IRQHandler         0x08001521         Code  Wk  startup_stm32f407xx.o [1]
TIM5_IRQHandler         0x08001571         Code  Wk  startup_stm32f407xx.o [1]
TIM6_DAC_IRQHandler     0x08001581         Code  Wk  startup_stm32f407xx.o [1]
TIM7_IRQHandler         0x08001585         Code  Wk  startup_stm32f407xx.o [1]
TIM8_BRK_TIM12_IRQHandler
                        0x08001555         Code  Wk  startup_stm32f407xx.o [1]
TIM8_CC_IRQHandler      0x08001561         Code  Wk  startup_stm32f407xx.o [1]
TIM8_TRG_COM_TIM14_IRQHandler
                        0x0800155d         Code  Wk  startup_stm32f407xx.o [1]
TIM8_UP_TIM13_IRQHandler
                        0x08001559         Code  Wk  startup_stm32f407xx.o [1]
UART4_IRQHandler        0x08001579         Code  Wk  startup_stm32f407xx.o [1]
UART5_IRQHandler        0x0800157d         Code  Wk  startup_stm32f407xx.o [1]
USART1_IRQHandler       0x0800153d         Code  Wk  startup_stm32f407xx.o [1]
USART2_IRQHandler       0x08001541         Code  Wk  startup_stm32f407xx.o [1]
USART3_IRQHandler       0x08001545         Code  Wk  startup_stm32f407xx.o [1]
USART6_IRQHandler       0x080015c5         Code  Wk  startup_stm32f407xx.o [1]
UsageFault_Handler      0x0800149d         Code  Wk  startup_stm32f407xx.o [1]
WWDG_IRQHandler         0x080014ad         Code  Wk  startup_stm32f407xx.o [1]
__cmain                 0x08001431         Code  Gb  cmain.o [4]
__exit                  0x0800145d   0x14  Code  Gb  exit.o [5]
__iar_SB                0x080015ec         Data  Gb  bwt_init3c.o [4]
__iar_copy_init3        0x0800088b   0x2e  Code  Gb  copy_init3.o [4]
__iar_data_init3        0x080013c9   0x2c  Code  Gb  data_init3.o [4]
__iar_program_start     0x08001481         Code  Gb  cstartup_M.o [4]
__iar_zero_init3        0x08001367   0x22  Code  Gb  zero_init3.o [4]
__low_level_init        0x08001447    0x4  Code  Gb  low_level_init.o [3]
__vector_table          0x08000000         Data  Gb  startup_stm32f407xx.o [1]
_call_main              0x0800143d         Code  Gb  cmain.o [4]
_exit                   0x08001451         Code  Gb  cexit.o [4]
_main                   0x08001443         Code  Gb  cmain.o [4]
channel1Val             0x20000050    0x4  Data  Gb  variable.o [1]
exit                    0x0800144b    0x4  Code  Gb  exit.o [3]
hadc1                   0x20000004   0x44  Data  Gb  main.o [1]
main                    0x08000ff1   0x28  Code  Gb  main.o [1]
tempVal                 0x2000004c    0x4  Data  Gb  variable.o [1]
uwTick                  0x20000048    0x4  Data  Lc  stm32f4xx_hal.o [1]


[1] = C:\Users\dongh\Documents\IAR Workspace\10_ADC_Interrupt_Reading_01\EWARM\10_ADC_Interrupt_Reading_01 Configuration\Obj
[2] = command line
[3] = dl7M_tlf.a
[4] = rt7M_tl.a
[5] = shb_l.a

  5 576 bytes of readonly  code memory
     40 bytes of readonly  data memory
  1 108 bytes of readwrite data memory

Errors: none
Warnings: none
