###############################################################################
#                                                                             #
# IAR ELF Linker V6.30.6.53336/W32 for ARM              31/Dec/2015  18:42:22 #
# Copyright 2007-2012 IAR Systems AB.                                         #
#                                                                             #
#    Output file  =  C:\Users\dongh\Documents\IAR                             #
#                    Workspace\14_I2C_DMA\EWARM\14_I2C_DMA                    #
#                    Configuration\Exe\14_I2C_DMA Configuration.out           #
#    Map file     =  C:\Users\dongh\Documents\IAR                             #
#                    Workspace\14_I2C_DMA\EWARM\14_I2C_DMA                    #
#                    Configuration/List\14_I2C_DMA Configuration.map          #
#    Command line =  "C:\Users\dongh\Documents\IAR                            #
#                    Workspace\14_I2C_DMA\EWARM\14_I2C_DMA                    #
#                    Configuration\Obj\main.o" "C:\Users\dongh\Documents\IAR  #
#                    Workspace\14_I2C_DMA\EWARM\14_I2C_DMA                    #
#                    Configuration\Obj\startup_stm32f407xx.o"                 #
#                    "C:\Users\dongh\Documents\IAR                            #
#                    Workspace\14_I2C_DMA\EWARM\14_I2C_DMA                    #
#                    Configuration\Obj\stm32f4xx_hal.o"                       #
#                    "C:\Users\dongh\Documents\IAR                            #
#                    Workspace\14_I2C_DMA\EWARM\14_I2C_DMA                    #
#                    Configuration\Obj\stm32f4xx_hal_cortex.o"                #
#                    "C:\Users\dongh\Documents\IAR                            #
#                    Workspace\14_I2C_DMA\EWARM\14_I2C_DMA                    #
#                    Configuration\Obj\stm32f4xx_hal_dma.o"                   #
#                    "C:\Users\dongh\Documents\IAR                            #
#                    Workspace\14_I2C_DMA\EWARM\14_I2C_DMA                    #
#                    Configuration\Obj\stm32f4xx_hal_dma_ex.o"                #
#                    "C:\Users\dongh\Documents\IAR                            #
#                    Workspace\14_I2C_DMA\EWARM\14_I2C_DMA                    #
#                    Configuration\Obj\stm32f4xx_hal_flash.o"                 #
#                    "C:\Users\dongh\Documents\IAR                            #
#                    Workspace\14_I2C_DMA\EWARM\14_I2C_DMA                    #
#                    Configuration\Obj\stm32f4xx_hal_flash_ex.o"              #
#                    "C:\Users\dongh\Documents\IAR                            #
#                    Workspace\14_I2C_DMA\EWARM\14_I2C_DMA                    #
#                    Configuration\Obj\stm32f4xx_hal_flash_ramfunc.o"         #
#                    "C:\Users\dongh\Documents\IAR                            #
#                    Workspace\14_I2C_DMA\EWARM\14_I2C_DMA                    #
#                    Configuration\Obj\stm32f4xx_hal_gpio.o"                  #
#                    "C:\Users\dongh\Documents\IAR                            #
#                    Workspace\14_I2C_DMA\EWARM\14_I2C_DMA                    #
#                    Configuration\Obj\stm32f4xx_hal_i2c.o"                   #
#                    "C:\Users\dongh\Documents\IAR                            #
#                    Workspace\14_I2C_DMA\EWARM\14_I2C_DMA                    #
#                    Configuration\Obj\stm32f4xx_hal_i2c_ex.o"                #
#                    "C:\Users\dongh\Documents\IAR                            #
#                    Workspace\14_I2C_DMA\EWARM\14_I2C_DMA                    #
#                    Configuration\Obj\stm32f4xx_hal_msp.o"                   #
#                    "C:\Users\dongh\Documents\IAR                            #
#                    Workspace\14_I2C_DMA\EWARM\14_I2C_DMA                    #
#                    Configuration\Obj\stm32f4xx_hal_pwr.o"                   #
#                    "C:\Users\dongh\Documents\IAR                            #
#                    Workspace\14_I2C_DMA\EWARM\14_I2C_DMA                    #
#                    Configuration\Obj\stm32f4xx_hal_pwr_ex.o"                #
#                    "C:\Users\dongh\Documents\IAR                            #
#                    Workspace\14_I2C_DMA\EWARM\14_I2C_DMA                    #
#                    Configuration\Obj\stm32f4xx_hal_rcc.o"                   #
#                    "C:\Users\dongh\Documents\IAR                            #
#                    Workspace\14_I2C_DMA\EWARM\14_I2C_DMA                    #
#                    Configuration\Obj\stm32f4xx_hal_rcc_ex.o"                #
#                    "C:\Users\dongh\Documents\IAR                            #
#                    Workspace\14_I2C_DMA\EWARM\14_I2C_DMA                    #
#                    Configuration\Obj\stm32f4xx_it.o"                        #
#                    "C:\Users\dongh\Documents\IAR                            #
#                    Workspace\14_I2C_DMA\EWARM\14_I2C_DMA                    #
#                    Configuration\Obj\system_stm32f4xx.o" --redirect         #
#                    _Printf=_PrintfFull --redirect _Scanf=_ScanfFull -o      #
#                    "C:\Users\dongh\Documents\IAR                            #
#                    Workspace\14_I2C_DMA\EWARM\14_I2C_DMA                    #
#                    Configuration\Exe\14_I2C_DMA Configuration.out" --map    #
#                    "C:\Users\dongh\Documents\IAR                            #
#                    Workspace\14_I2C_DMA\EWARM\14_I2C_DMA                    #
#                    Configuration/List\14_I2C_DMA Configuration.map"         #
#                    --config "C:\Users\dongh\Documents\IAR                   #
#                    Workspace\14_I2C_DMA\EWARM/stm32f407xx_flash.icf"        #
#                    --semihosting --entry __iar_program_start --vfe          #
#                                                                             #
#                                                                             #
###############################################################################

*******************************************************************************
*** RUNTIME MODEL ATTRIBUTES
***

CppFlavor       = *
__SystemLibrary = DLib


*******************************************************************************
*** PLACEMENT SUMMARY
***

"A1":  place at 0x08000000 { ro section .intvec };
"P1":  place in [from 0x08000000 to 0x080fffff] { ro };
"P2":  place in [from 0x20000000 to 0x2001ffff] { rw, block CSTACK, block HEAP };

  Section            Kind        Address    Size  Object
  -------            ----        -------    ----  ------
"A1":                                      0x188
  .intvec            ro code  0x08000000   0x188  startup_stm32f407xx.o [1]
                            - 0x08000188   0x188

"P1":                                     0x1de0
  .text              ro code  0x08000188   0x766  stm32f4xx_hal_i2c.o [1]
  .text              ro code  0x080008ee    0x2e  copy_init3.o [4]
  .text              ro code  0x0800091c   0x11c  stm32f4xx_hal_msp.o [1]
  .text              ro code  0x08000a38   0x72c  stm32f4xx_hal_rcc.o [1]
  .text              ro code  0x08001164   0x320  stm32f4xx_hal_dma.o [1]
  .text              ro code  0x08001484    0x98  stm32f4xx_hal.o [1]
  .text              ro code  0x0800151c   0x156  stm32f4xx_hal_cortex.o [1]
  .text              ro code  0x08001672    0x22  zero_init3.o [4]
  .text              ro code  0x08001694   0x224  stm32f4xx_hal_gpio.o [1]
  .text              ro code  0x080018b8   0x408  main.o [1]
  .text              ro code  0x08001cc0    0x5c  system_stm32f4xx.o [1]
  .text              ro code  0x08001d1c    0x2c  data_init3.o [4]
  .text              ro code  0x08001d48    0x28  stm32f4xx_it.o [1]
  .iar.init_table    const    0x08001d70    0x24  - Linker created -
  .text              ro code  0x08001d94    0x16  cmain.o [4]
  .text              ro code  0x08001daa     0x4  low_level_init.o [3]
  .text              ro code  0x08001dae     0x4  exit.o [3]
  .text              ro code  0x08001db4     0xa  cexit.o [4]
  .text              ro code  0x08001dc0    0x14  exit.o [5]
  .rodata            const    0x08001dd4    0x10  stm32f4xx_hal_rcc.o [1]
  .text              ro code  0x08001de4    0x10  startup_stm32f407xx.o [1]
  .text              ro code  0x08001df4     0xc  cstartup_M.o [4]
  .rodata            const    0x08001e00     0x8  stm32f4xx_hal_dma.o [1]
  .text              ro code  0x08001e08     0x4  startup_stm32f407xx.o [1]
  .text              ro code  0x08001e0c     0x4  startup_stm32f407xx.o [1]
  .text              ro code  0x08001e10     0x4  startup_stm32f407xx.o [1]
  .text              ro code  0x08001e14     0x4  startup_stm32f407xx.o [1]
  .text              ro code  0x08001e18     0x4  startup_stm32f407xx.o [1]
  .text              ro code  0x08001e1c     0x4  startup_stm32f407xx.o [1]
  .text              ro code  0x08001e20     0x4  startup_stm32f407xx.o [1]
  .text              ro code  0x08001e24     0x4  startup_stm32f407xx.o [1]
  .text              ro code  0x08001e28     0x4  startup_stm32f407xx.o [1]
  .text              ro code  0x08001e2c     0x4  startup_stm32f407xx.o [1]
  .text              ro code  0x08001e30     0x4  startup_stm32f407xx.o [1]
  .text              ro code  0x08001e34     0x4  startup_stm32f407xx.o [1]
  .text              ro code  0x08001e38     0x4  startup_stm32f407xx.o [1]
  .text              ro code  0x08001e3c     0x4  startup_stm32f407xx.o [1]
  .text              ro code  0x08001e40     0x4  startup_stm32f407xx.o [1]
  .text              ro code  0x08001e44     0x4  startup_stm32f407xx.o [1]
  .text              ro code  0x08001e48     0x4  startup_stm32f407xx.o [1]
  .text              ro code  0x08001e4c     0x4  startup_stm32f407xx.o [1]
  .text              ro code  0x08001e50     0x4  startup_stm32f407xx.o [1]
  .text              ro code  0x08001e54     0x4  startup_stm32f407xx.o [1]
  .text              ro code  0x08001e58     0x4  startup_stm32f407xx.o [1]
  .text              ro code  0x08001e5c     0x4  startup_stm32f407xx.o [1]
  .text              ro code  0x08001e60     0x4  startup_stm32f407xx.o [1]
  .text              ro code  0x08001e64     0x4  startup_stm32f407xx.o [1]
  .text              ro code  0x08001e68     0x4  startup_stm32f407xx.o [1]
  .text              ro code  0x08001e6c     0x4  startup_stm32f407xx.o [1]
  .text              ro code  0x08001e70     0x4  startup_stm32f407xx.o [1]
  .text              ro code  0x08001e74     0x4  startup_stm32f407xx.o [1]
  .text              ro code  0x08001e78     0x4  startup_stm32f407xx.o [1]
  .text              ro code  0x08001e7c     0x4  startup_stm32f407xx.o [1]
  .text              ro code  0x08001e80     0x4  startup_stm32f407xx.o [1]
  .text              ro code  0x08001e84     0x4  startup_stm32f407xx.o [1]
  .text              ro code  0x08001e88     0x4  startup_stm32f407xx.o [1]
  .text              ro code  0x08001e8c     0x4  startup_stm32f407xx.o [1]
  .text              ro code  0x08001e90     0x4  startup_stm32f407xx.o [1]
  .text              ro code  0x08001e94     0x4  startup_stm32f407xx.o [1]
  .text              ro code  0x08001e98     0x4  startup_stm32f407xx.o [1]
  .text              ro code  0x08001e9c     0x4  startup_stm32f407xx.o [1]
  .text              ro code  0x08001ea0     0x4  startup_stm32f407xx.o [1]
  .text              ro code  0x08001ea4     0x4  startup_stm32f407xx.o [1]
  .text              ro code  0x08001ea8     0x4  startup_stm32f407xx.o [1]
  .text              ro code  0x08001eac     0x4  startup_stm32f407xx.o [1]
  .text              ro code  0x08001eb0     0x4  startup_stm32f407xx.o [1]
  .text              ro code  0x08001eb4     0x4  startup_stm32f407xx.o [1]
  .text              ro code  0x08001eb8     0x4  startup_stm32f407xx.o [1]
  .text              ro code  0x08001ebc     0x4  startup_stm32f407xx.o [1]
  .text              ro code  0x08001ec0     0x4  startup_stm32f407xx.o [1]
  .text              ro code  0x08001ec4     0x4  startup_stm32f407xx.o [1]
  .text              ro code  0x08001ec8     0x4  startup_stm32f407xx.o [1]
  .text              ro code  0x08001ecc     0x4  startup_stm32f407xx.o [1]
  .text              ro code  0x08001ed0     0x4  startup_stm32f407xx.o [1]
  .text              ro code  0x08001ed4     0x4  startup_stm32f407xx.o [1]
  .text              ro code  0x08001ed8     0x4  startup_stm32f407xx.o [1]
  .text              ro code  0x08001edc     0x4  startup_stm32f407xx.o [1]
  .text              ro code  0x08001ee0     0x4  startup_stm32f407xx.o [1]
  .text              ro code  0x08001ee4     0x4  startup_stm32f407xx.o [1]
  .text              ro code  0x08001ee8     0x4  startup_stm32f407xx.o [1]
  .text              ro code  0x08001eec     0x4  startup_stm32f407xx.o [1]
  .text              ro code  0x08001ef0     0x4  startup_stm32f407xx.o [1]
  .text              ro code  0x08001ef4     0x4  startup_stm32f407xx.o [1]
  .text              ro code  0x08001ef8     0x4  startup_stm32f407xx.o [1]
  .text              ro code  0x08001efc     0x4  startup_stm32f407xx.o [1]
  .text              ro code  0x08001f00     0x4  startup_stm32f407xx.o [1]
  .text              ro code  0x08001f04     0x4  startup_stm32f407xx.o [1]
  .text              ro code  0x08001f08     0x4  startup_stm32f407xx.o [1]
  .text              ro code  0x08001f0c     0x4  startup_stm32f407xx.o [1]
  .text              ro code  0x08001f10     0x4  startup_stm32f407xx.o [1]
  .text              ro code  0x08001f14     0x4  startup_stm32f407xx.o [1]
  .text              ro code  0x08001f18     0x4  startup_stm32f407xx.o [1]
  .text              ro code  0x08001f1c     0x4  startup_stm32f407xx.o [1]
  .text              ro code  0x08001f20     0x4  startup_stm32f407xx.o [1]
  .text              ro code  0x08001f24     0x4  startup_stm32f407xx.o [1]
  .text              ro code  0x08001f28     0x4  startup_stm32f407xx.o [1]
  .text              ro code  0x08001f2c     0x4  startup_stm32f407xx.o [1]
  .text              ro code  0x08001f30     0x4  startup_stm32f407xx.o [1]
  .text              ro code  0x08001f34     0x4  startup_stm32f407xx.o [1]
  .text              ro code  0x08001f38     0x4  startup_stm32f407xx.o [1]
  .text              ro code  0x08001f3c     0x4  startup_stm32f407xx.o [1]
  .text              ro code  0x08001f40     0x4  startup_stm32f407xx.o [1]
  .text              ro code  0x08001f44     0x4  startup_stm32f407xx.o [1]
  .text              ro code  0x08001f48     0x4  startup_stm32f407xx.o [1]
  .text              ro code  0x08001f4c     0x4  startup_stm32f407xx.o [1]
  .text              ro code  0x08001f50     0x4  startup_stm32f407xx.o [1]
  .text              ro code  0x08001f54     0x4  startup_stm32f407xx.o [1]
  .text              ro code  0x08001f58     0x4  startup_stm32f407xx.o [1]
  .text              ro code  0x08001f5c     0x4  startup_stm32f407xx.o [1]
  .text              ro code  0x08001f60     0x4  startup_stm32f407xx.o [1]
  .rodata            const    0x08001f64     0x0  bwt_init3c.o [4]
  Initializer bytes  ro data  0x08001f64     0x4  <for P2 s0>
                            - 0x08001f68  0x1de0

"P2", part 1 of 3:                           0x4
  P2 s0                       0x20000000     0x4  <Init block>
    .data            inited   0x20000000     0x4  system_stm32f4xx.o [1]
                            - 0x20000004     0x4

"P2", part 2 of 3:                         0x11c
  .bss               zero     0x20000004    0x58  main.o [1]
  .bss               zero     0x2000005c    0x58  main.o [1]
  .bss               zero     0x200000b4    0x3c  main.o [1]
  .bss               zero     0x200000f0    0x10  main.o [1]
  .bss               zero     0x20000100    0x10  main.o [1]
  .bss               zero     0x20000110     0x4  main.o [1]
  .bss               zero     0x20000114     0x4  stm32f4xx_hal.o [1]
  .bss               zero     0x20000118     0x1  main.o [1]
                            - 0x20000119   0x115

"P2", part 3 of 3:                         0x400
  CSTACK                      0x20000120   0x400  <Block>
    CSTACK           uninit   0x20000120   0x400  <Block tail>
                            - 0x20000520   0x400


*******************************************************************************
*** INIT TABLE
***

          Address     Size
          -------     ----
Zero (__iar_zero_init3)
    1 destination range, total size 0x115:
          0x20000004  0x115

Copy (__iar_copy_init3)
    1 source range, total size 0x4:
          0x08001f64    0x4
    1 destination range, total size 0x4:
          0x20000000    0x4



*******************************************************************************
*** MODULE SUMMARY
***

    Module                  ro code  ro data  rw data
    ------                  -------  -------  -------
C:\Users\dongh\Documents\IAR Workspace\14_I2C_DMA\EWARM\14_I2C_DMA Configuration\Obj: [1]
    main.o                    1 032               273
    startup_stm32f407xx.o       756
    stm32f4xx_hal.o             152                 4
    stm32f4xx_hal_cortex.o      342
    stm32f4xx_hal_dma.o         800        8
    stm32f4xx_hal_gpio.o        548
    stm32f4xx_hal_i2c.o       1 894
    stm32f4xx_hal_msp.o         284
    stm32f4xx_hal_rcc.o       1 836       16
    stm32f4xx_it.o               40
    system_stm32f4xx.o           92        4        4
    -------------------------------------------------
    Total:                    7 776       28      281

command line: [2]
    -------------------------------------------------
    Total:

dl7M_tlf.a: [3]
    exit.o                        4
    low_level_init.o              4
    -------------------------------------------------
    Total:                        8

rt7M_tl.a: [4]
    bwt_init3c.o
    cexit.o                      10
    cmain.o                      22
    copy_init3.o                 46
    cstartup_M.o                 12
    data_init3.o                 44
    zero_init3.o                 34
    -------------------------------------------------
    Total:                      168

shb_l.a: [5]
    exit.o                       20
    -------------------------------------------------
    Total:                       20

    Gaps                          4
    Linker created                        36    1 024
-----------------------------------------------------
    Grand Total:              7 976       64    1 305


*******************************************************************************
*** ENTRY LIST
***

Entry                      Address   Size  Type      Object
-----                      -------   ----  ----      ------
?main                   0x08001d95         Code  Gb  cmain.o [4]
ADC_IRQHandler          0x08001e69         Code  Wk  startup_stm32f407xx.o [1]
APBAHBPrescTable        0x08001dd4   0x10  Data  Gb  stm32f4xx_hal_rcc.o [1]
BusFault_Handler        0x08001e15         Code  Wk  startup_stm32f407xx.o [1]
CAN1_RX0_IRQHandler     0x08001e71         Code  Wk  startup_stm32f407xx.o [1]
CAN1_RX1_IRQHandler     0x08001e75         Code  Wk  startup_stm32f407xx.o [1]
CAN1_SCE_IRQHandler     0x08001e79         Code  Wk  startup_stm32f407xx.o [1]
CAN1_TX_IRQHandler      0x08001e6d         Code  Wk  startup_stm32f407xx.o [1]
CAN2_RX0_IRQHandler     0x08001f21         Code  Wk  startup_stm32f407xx.o [1]
CAN2_RX1_IRQHandler     0x08001f25         Code  Wk  startup_stm32f407xx.o [1]
CAN2_SCE_IRQHandler     0x08001f29         Code  Wk  startup_stm32f407xx.o [1]
CAN2_TX_IRQHandler      0x08001f1d         Code  Wk  startup_stm32f407xx.o [1]
CSTACK$$Base            0x20000120          --   Gb  - Linker created -
CSTACK$$Limit           0x20000520          --   Gb  - Linker created -
DCMI_IRQHandler         0x08001f59         Code  Wk  startup_stm32f407xx.o [1]
DMA1_Stream0_IRQHandler
                        0x08001d55    0xa  Code  Gb  stm32f4xx_it.o [1]
DMA1_Stream1_IRQHandler
                        0x08001e55         Code  Wk  startup_stm32f407xx.o [1]
DMA1_Stream2_IRQHandler
                        0x08001e59         Code  Wk  startup_stm32f407xx.o [1]
DMA1_Stream3_IRQHandler
                        0x08001e5d         Code  Wk  startup_stm32f407xx.o [1]
DMA1_Stream4_IRQHandler
                        0x08001e61         Code  Wk  startup_stm32f407xx.o [1]
DMA1_Stream5_IRQHandler
                        0x08001e65         Code  Wk  startup_stm32f407xx.o [1]
DMA1_Stream6_IRQHandler
                        0x08001d5f    0xa  Code  Gb  stm32f4xx_it.o [1]
DMA1_Stream7_IRQHandler
                        0x08001edd         Code  Wk  startup_stm32f407xx.o [1]
DMA2_Stream0_IRQHandler
                        0x08001f01         Code  Wk  startup_stm32f407xx.o [1]
DMA2_Stream1_IRQHandler
                        0x08001f05         Code  Wk  startup_stm32f407xx.o [1]
DMA2_Stream2_IRQHandler
                        0x08001f09         Code  Wk  startup_stm32f407xx.o [1]
DMA2_Stream3_IRQHandler
                        0x08001f0d         Code  Wk  startup_stm32f407xx.o [1]
DMA2_Stream4_IRQHandler
                        0x08001f11         Code  Wk  startup_stm32f407xx.o [1]
DMA2_Stream5_IRQHandler
                        0x08001f31         Code  Wk  startup_stm32f407xx.o [1]
DMA2_Stream6_IRQHandler
                        0x08001f35         Code  Wk  startup_stm32f407xx.o [1]
DMA2_Stream7_IRQHandler
                        0x08001f39         Code  Wk  startup_stm32f407xx.o [1]
DMA_CalcBaseAndBitshift
                        0x08001445   0x2e  Code  Lc  stm32f4xx_hal_dma.o [1]
DMA_SetConfig           0x08001417   0x2e  Code  Lc  stm32f4xx_hal_dma.o [1]
DebugMon_Handler        0x08001e21         Code  Wk  startup_stm32f407xx.o [1]
ETH_IRQHandler          0x08001f15         Code  Wk  startup_stm32f407xx.o [1]
ETH_WKUP_IRQHandler     0x08001f19         Code  Wk  startup_stm32f407xx.o [1]
EXTI0_IRQHandler        0x08001e41         Code  Wk  startup_stm32f407xx.o [1]
EXTI15_10_IRQHandler    0x08001ec1         Code  Wk  startup_stm32f407xx.o [1]
EXTI1_IRQHandler        0x08001e45         Code  Wk  startup_stm32f407xx.o [1]
EXTI2_IRQHandler        0x08001e49         Code  Wk  startup_stm32f407xx.o [1]
EXTI3_IRQHandler        0x08001e4d         Code  Wk  startup_stm32f407xx.o [1]
EXTI4_IRQHandler        0x08001e51         Code  Wk  startup_stm32f407xx.o [1]
EXTI9_5_IRQHandler      0x08001e7d         Code  Wk  startup_stm32f407xx.o [1]
FLASH_IRQHandler        0x08001e39         Code  Wk  startup_stm32f407xx.o [1]
FPU_IRQHandler          0x08001f61         Code  Wk  startup_stm32f407xx.o [1]
FSMC_IRQHandler         0x08001ee1         Code  Wk  startup_stm32f407xx.o [1]
HAL_DMA_IRQHandler      0x0800123d  0x1da  Code  Gb  stm32f4xx_hal_dma.o [1]
HAL_DMA_Init            0x08001165   0x82  Code  Gb  stm32f4xx_hal_dma.o [1]
HAL_DMA_Start_IT        0x080011e7   0x56  Code  Gb  stm32f4xx_hal_dma.o [1]
HAL_Delay               0x080014f9   0x1a  Code  Wk  stm32f4xx_hal.o [1]
HAL_GPIO_Init           0x08001695  0x1e8  Code  Gb  stm32f4xx_hal_gpio.o [1]
HAL_GetTick             0x080014f3    0x6  Code  Wk  stm32f4xx_hal.o [1]
HAL_I2C_ErrorCallback   0x080004a9    0x2  Code  Wk  stm32f4xx_hal_i2c.o [1]
HAL_I2C_Init            0x08000189  0x118  Code  Gb  stm32f4xx_hal_i2c.o [1]
HAL_I2C_MemRxCpltCallback
                        0x080004a7    0x2  Code  Wk  stm32f4xx_hal_i2c.o [1]
HAL_I2C_MemTxCpltCallback
                        0x080004a5    0x2  Code  Wk  stm32f4xx_hal_i2c.o [1]
HAL_I2C_Mem_Read_DMA    0x08000389  0x112  Code  Gb  stm32f4xx_hal_i2c.o [1]
HAL_I2C_Mem_Write_DMA   0x080002a9   0xe0  Code  Gb  stm32f4xx_hal_i2c.o [1]
HAL_I2C_MspInit         0x08000933   0xe8  Code  Gb  stm32f4xx_hal_msp.o [1]
HAL_IncTick             0x080014e7    0xc  Code  Wk  stm32f4xx_hal.o [1]
HAL_Init                0x08001485   0x3e  Code  Gb  stm32f4xx_hal.o [1]
HAL_InitTick            0x080014c3   0x24  Code  Wk  stm32f4xx_hal.o [1]
HAL_MspInit             0x0800091d   0x16  Code  Gb  stm32f4xx_hal_msp.o [1]
HAL_NVIC_EnableIRQ      0x08001615    0xa  Code  Gb  stm32f4xx_hal_cortex.o [1]
HAL_NVIC_SetPriority    0x080015ef   0x26  Code  Gb  stm32f4xx_hal_cortex.o [1]
HAL_NVIC_SetPriorityGrouping
                        0x080015e7    0x8  Code  Gb  stm32f4xx_hal_cortex.o [1]
HAL_RCC_ClockConfig     0x08000dbd  0x288  Code  Gb  stm32f4xx_hal_rcc.o [1]
HAL_RCC_GetHCLKFreq     0x080010d9   0x28  Code  Gb  stm32f4xx_hal_rcc.o [1]
HAL_RCC_GetPCLK1Freq    0x08001101   0x20  Code  Gb  stm32f4xx_hal_rcc.o [1]
HAL_RCC_GetSysClockFreq
                        0x08001045   0x94  Code  Wk  stm32f4xx_hal_rcc.o [1]
HAL_RCC_OscConfig       0x08000a39  0x384  Code  Wk  stm32f4xx_hal_rcc.o [1]
HAL_SYSTICK_CLKSourceConfig
                        0x08001627   0x20  Code  Gb  stm32f4xx_hal_cortex.o [1]
HAL_SYSTICK_Callback    0x08001671    0x2  Code  Wk  stm32f4xx_hal_cortex.o [1]
HAL_SYSTICK_Config      0x0800161f    0x8  Code  Gb  stm32f4xx_hal_cortex.o [1]
HAL_SYSTICK_IRQHandler  0x08001669    0x8  Code  Gb  stm32f4xx_hal_cortex.o [1]
HASH_RNG_IRQHandler     0x08001f5d         Code  Wk  startup_stm32f407xx.o [1]
HardFault_Handler       0x08001e0d         Code  Wk  startup_stm32f407xx.o [1]
I2C1_ER_IRQHandler      0x08001ea1         Code  Wk  startup_stm32f407xx.o [1]
I2C1_EV_IRQHandler      0x08001e9d         Code  Wk  startup_stm32f407xx.o [1]
I2C2_ER_IRQHandler      0x08001ea9         Code  Wk  startup_stm32f407xx.o [1]
I2C2_EV_IRQHandler      0x08001ea5         Code  Wk  startup_stm32f407xx.o [1]
I2C3_ER_IRQHandler      0x08001f45         Code  Wk  startup_stm32f407xx.o [1]
I2C3_EV_IRQHandler      0x08001f41         Code  Wk  startup_stm32f407xx.o [1]
I2C_DMAError            0x08000743   0x28  Code  Lc  stm32f4xx_hal_i2c.o [1]
I2C_DMAMemReceiveCplt   0x080006f1   0x52  Code  Lc  stm32f4xx_hal_i2c.o [1]
I2C_DMAMemTransmitCplt  0x08000689   0x56  Code  Lc  stm32f4xx_hal_i2c.o [1]
I2C_RequestMemoryRead   0x08000563  0x122  Code  Lc  stm32f4xx_hal_i2c.o [1]
I2C_RequestMemoryWrite  0x080004ab   0xb8  Code  Lc  stm32f4xx_hal_i2c.o [1]
I2C_WaitOnFlagUntilTimeout
                        0x0800076b   0xe0  Code  Lc  stm32f4xx_hal_i2c.o [1]
I2C_WaitOnMasterAddressFlagUntilTimeout
                        0x0800084b   0xa4  Code  Lc  stm32f4xx_hal_i2c.o [1]
MX_DMA_Init             0x08001a29   0x42  Code  Lc  main.o [1]
MX_GPIO_Init            0x08001a6b  0x216  Code  Lc  main.o [1]
MX_I2C1_Init            0x080019e7   0x42  Code  Lc  main.o [1]
MemManage_Handler       0x08001e11         Code  Wk  startup_stm32f407xx.o [1]
NMI_Handler             0x08001e09         Code  Wk  startup_stm32f407xx.o [1]
NVIC_EnableIRQ          0x08001543   0x16  Code  Lc  stm32f4xx_hal_cortex.o [1]
NVIC_EncodePriority     0x0800157b   0x3e  Code  Lc  stm32f4xx_hal_cortex.o [1]
NVIC_GetPriorityGrouping
                        0x08001539    0xa  Code  Lc  stm32f4xx_hal_cortex.o [1]
NVIC_SetPriority        0x08001559   0x22  Code  Lc  stm32f4xx_hal_cortex.o [1]
NVIC_SetPriorityGrouping
                        0x0800151d   0x1c  Code  Lc  stm32f4xx_hal_cortex.o [1]
OTG_FS_IRQHandler       0x08001f2d         Code  Wk  startup_stm32f407xx.o [1]
OTG_FS_WKUP_IRQHandler  0x08001ec9         Code  Wk  startup_stm32f407xx.o [1]
OTG_HS_EP1_IN_IRQHandler
                        0x08001f4d         Code  Wk  startup_stm32f407xx.o [1]
OTG_HS_EP1_OUT_IRQHandler
                        0x08001f49         Code  Wk  startup_stm32f407xx.o [1]
OTG_HS_IRQHandler       0x08001f55         Code  Wk  startup_stm32f407xx.o [1]
OTG_HS_WKUP_IRQHandler  0x08001f51         Code  Wk  startup_stm32f407xx.o [1]
PVD_IRQHandler          0x08001e2d         Code  Wk  startup_stm32f407xx.o [1]
PendSV_Handler          0x08001e25         Code  Wk  startup_stm32f407xx.o [1]
RCC_IRQHandler          0x08001e3d         Code  Wk  startup_stm32f407xx.o [1]
RTC_Alarm_IRQHandler    0x08001ec5         Code  Wk  startup_stm32f407xx.o [1]
RTC_WKUP_IRQHandler     0x08001e35         Code  Wk  startup_stm32f407xx.o [1]
Region$$Table$$Base     0x08001d70          --   Gb  - Linker created -
Region$$Table$$Limit    0x08001d94          --   Gb  - Linker created -
Reset_Handler           0x08001de5         Code  Wk  startup_stm32f407xx.o [1]
SDIO_IRQHandler         0x08001ee5         Code  Wk  startup_stm32f407xx.o [1]
SPI1_IRQHandler         0x08001ead         Code  Wk  startup_stm32f407xx.o [1]
SPI2_IRQHandler         0x08001eb1         Code  Wk  startup_stm32f407xx.o [1]
SPI3_IRQHandler         0x08001eed         Code  Wk  startup_stm32f407xx.o [1]
SVC_Handler             0x08001e1d         Code  Wk  startup_stm32f407xx.o [1]
SysTick_Config          0x080015b9   0x2e  Code  Lc  stm32f4xx_hal_cortex.o [1]
SysTick_Handler         0x08001d49    0xc  Code  Gb  stm32f4xx_it.o [1]
SystemClock_Config      0x0800193b   0xac  Code  Gb  main.o [1]
SystemCoreClock         0x20000000    0x4  Data  Gb  system_stm32f4xx.o [1]
SystemInit              0x08001cc1   0x40  Code  Gb  system_stm32f4xx.o [1]
TAMP_STAMP_IRQHandler   0x08001e31         Code  Wk  startup_stm32f407xx.o [1]
TIM1_BRK_TIM9_IRQHandler
                        0x08001e81         Code  Wk  startup_stm32f407xx.o [1]
TIM1_CC_IRQHandler      0x08001e8d         Code  Wk  startup_stm32f407xx.o [1]
TIM1_TRG_COM_TIM11_IRQHandler
                        0x08001e89         Code  Wk  startup_stm32f407xx.o [1]
TIM1_UP_TIM10_IRQHandler
                        0x08001e85         Code  Wk  startup_stm32f407xx.o [1]
TIM2_IRQHandler         0x08001e91         Code  Wk  startup_stm32f407xx.o [1]
TIM3_IRQHandler         0x08001e95         Code  Wk  startup_stm32f407xx.o [1]
TIM4_IRQHandler         0x08001e99         Code  Wk  startup_stm32f407xx.o [1]
TIM5_IRQHandler         0x08001ee9         Code  Wk  startup_stm32f407xx.o [1]
TIM6_DAC_IRQHandler     0x08001ef9         Code  Wk  startup_stm32f407xx.o [1]
TIM7_IRQHandler         0x08001efd         Code  Wk  startup_stm32f407xx.o [1]
TIM8_BRK_TIM12_IRQHandler
                        0x08001ecd         Code  Wk  startup_stm32f407xx.o [1]
TIM8_CC_IRQHandler      0x08001ed9         Code  Wk  startup_stm32f407xx.o [1]
TIM8_TRG_COM_TIM14_IRQHandler
                        0x08001ed5         Code  Wk  startup_stm32f407xx.o [1]
TIM8_UP_TIM13_IRQHandler
                        0x08001ed1         Code  Wk  startup_stm32f407xx.o [1]
UART4_IRQHandler        0x08001ef1         Code  Wk  startup_stm32f407xx.o [1]
UART5_IRQHandler        0x08001ef5         Code  Wk  startup_stm32f407xx.o [1]
USART1_IRQHandler       0x08001eb5         Code  Wk  startup_stm32f407xx.o [1]
USART2_IRQHandler       0x08001eb9         Code  Wk  startup_stm32f407xx.o [1]
USART3_IRQHandler       0x08001ebd         Code  Wk  startup_stm32f407xx.o [1]
USART6_IRQHandler       0x08001f3d         Code  Wk  startup_stm32f407xx.o [1]
UsageFault_Handler      0x08001e19         Code  Wk  startup_stm32f407xx.o [1]
WWDG_IRQHandler         0x08001e29         Code  Wk  startup_stm32f407xx.o [1]
__cmain                 0x08001d95         Code  Gb  cmain.o [4]
__exit                  0x08001dc1   0x14  Code  Gb  exit.o [5]
__iar_SB                0x08001f64         Data  Gb  bwt_init3c.o [4]
__iar_copy_init3        0x080008ef   0x2e  Code  Gb  copy_init3.o [4]
__iar_data_init3        0x08001d1d   0x2c  Code  Gb  data_init3.o [4]
__iar_program_start     0x08001df5         Code  Gb  cstartup_M.o [4]
__iar_zero_init3        0x08001673   0x22  Code  Gb  zero_init3.o [4]
__low_level_init        0x08001dab    0x4  Code  Gb  low_level_init.o [3]
__vector_table          0x08000000         Data  Gb  startup_stm32f407xx.o [1]
_call_main              0x08001da1         Code  Gb  cmain.o [4]
_exit                   0x08001db5         Code  Gb  cexit.o [4]
_main                   0x08001da7         Code  Gb  cmain.o [4]
accel_z                 0x20000110    0x4  Data  Gb  main.o [1]
exit                    0x08001daf    0x4  Code  Gb  exit.o [3]
hdma_i2c1_rx            0x20000004   0x58  Data  Gb  main.o [1]
hdma_i2c1_tx            0x2000005c   0x58  Data  Gb  main.o [1]
hi2c1                   0x200000b4   0x3c  Data  Gb  main.o [1]
i2cReadBuffer           0x200000f0   0x10  Data  Gb  main.o [1]
init_mpu                0x20000118    0x1  Data  Gb  main.o [1]
main                    0x080018b9   0x82  Code  Gb  main.o [1]
mpu_value               0x20000100   0x10  Data  Gb  main.o [1]
uwTick                  0x20000114    0x4  Data  Lc  stm32f4xx_hal.o [1]


[1] = C:\Users\dongh\Documents\IAR Workspace\14_I2C_DMA\EWARM\14_I2C_DMA Configuration\Obj
[2] = command line
[3] = dl7M_tlf.a
[4] = rt7M_tl.a
[5] = shb_l.a

  7 976 bytes of readonly  code memory
     64 bytes of readonly  data memory
  1 305 bytes of readwrite data memory

Errors: none
Warnings: none
