###############################################################################
#
# IAR ELF Linker V7.10.1.6676/W32 for ARM                 01/Jan/2016  01:50:20
# Copyright 2007-2014 IAR Systems AB.
#
#    Output file  =  
#        C:\Users\dongh\Documents\IAR Workspace\18_TEST\EWARM\18_TEST
#        Configuration\Exe\18_TEST Configuration.out
#    Map file     =  
#        C:\Users\dongh\Documents\IAR Workspace\18_TEST\EWARM\18_TEST
#        Configuration/List\18_TEST Configuration.map
#    Command line =  
#        "C:\Users\dongh\Documents\IAR Workspace\18_TEST\EWARM\18_TEST
#        Configuration\Obj\cmsis_os.o" "C:\Users\dongh\Documents\IAR
#        Workspace\18_TEST\EWARM\18_TEST Configuration\Obj\croutine.o"
#        "C:\Users\dongh\Documents\IAR Workspace\18_TEST\EWARM\18_TEST
#        Configuration\Obj\event_groups.o" "C:\Users\dongh\Documents\IAR
#        Workspace\18_TEST\EWARM\18_TEST Configuration\Obj\freertos.o"
#        "C:\Users\dongh\Documents\IAR Workspace\18_TEST\EWARM\18_TEST
#        Configuration\Obj\heap_4.o" "C:\Users\dongh\Documents\IAR
#        Workspace\18_TEST\EWARM\18_TEST Configuration\Obj\list.o"
#        "C:\Users\dongh\Documents\IAR Workspace\18_TEST\EWARM\18_TEST
#        Configuration\Obj\main.o" "C:\Users\dongh\Documents\IAR
#        Workspace\18_TEST\EWARM\18_TEST Configuration\Obj\port.o"
#        "C:\Users\dongh\Documents\IAR Workspace\18_TEST\EWARM\18_TEST
#        Configuration\Obj\portasm.o" "C:\Users\dongh\Documents\IAR
#        Workspace\18_TEST\EWARM\18_TEST Configuration\Obj\queue.o"
#        "C:\Users\dongh\Documents\IAR Workspace\18_TEST\EWARM\18_TEST
#        Configuration\Obj\startup_stm32f407xx.o" "C:\Users\dongh\Documents\IAR
#        Workspace\18_TEST\EWARM\18_TEST Configuration\Obj\stm32f4xx_hal.o"
#        "C:\Users\dongh\Documents\IAR Workspace\18_TEST\EWARM\18_TEST
#        Configuration\Obj\stm32f4xx_hal_cortex.o"
#        "C:\Users\dongh\Documents\IAR Workspace\18_TEST\EWARM\18_TEST
#        Configuration\Obj\stm32f4xx_hal_dma.o" "C:\Users\dongh\Documents\IAR
#        Workspace\18_TEST\EWARM\18_TEST
#        Configuration\Obj\stm32f4xx_hal_dma_ex.o"
#        "C:\Users\dongh\Documents\IAR Workspace\18_TEST\EWARM\18_TEST
#        Configuration\Obj\stm32f4xx_hal_flash.o" "C:\Users\dongh\Documents\IAR
#        Workspace\18_TEST\EWARM\18_TEST
#        Configuration\Obj\stm32f4xx_hal_flash_ex.o"
#        "C:\Users\dongh\Documents\IAR Workspace\18_TEST\EWARM\18_TEST
#        Configuration\Obj\stm32f4xx_hal_flash_ramfunc.o"
#        "C:\Users\dongh\Documents\IAR Workspace\18_TEST\EWARM\18_TEST
#        Configuration\Obj\stm32f4xx_hal_gpio.o" "C:\Users\dongh\Documents\IAR
#        Workspace\18_TEST\EWARM\18_TEST Configuration\Obj\stm32f4xx_hal_msp.o"
#        "C:\Users\dongh\Documents\IAR Workspace\18_TEST\EWARM\18_TEST
#        Configuration\Obj\stm32f4xx_hal_pwr.o" "C:\Users\dongh\Documents\IAR
#        Workspace\18_TEST\EWARM\18_TEST
#        Configuration\Obj\stm32f4xx_hal_pwr_ex.o"
#        "C:\Users\dongh\Documents\IAR Workspace\18_TEST\EWARM\18_TEST
#        Configuration\Obj\stm32f4xx_hal_rcc.o" "C:\Users\dongh\Documents\IAR
#        Workspace\18_TEST\EWARM\18_TEST
#        Configuration\Obj\stm32f4xx_hal_rcc_ex.o"
#        "C:\Users\dongh\Documents\IAR Workspace\18_TEST\EWARM\18_TEST
#        Configuration\Obj\stm32f4xx_it.o" "C:\Users\dongh\Documents\IAR
#        Workspace\18_TEST\EWARM\18_TEST Configuration\Obj\system_stm32f4xx.o"
#        "C:\Users\dongh\Documents\IAR Workspace\18_TEST\EWARM\18_TEST
#        Configuration\Obj\tasks.o" "C:\Users\dongh\Documents\IAR
#        Workspace\18_TEST\EWARM\18_TEST Configuration\Obj\timers.o" --redirect
#        _Printf=_PrintfFull --redirect _Scanf=_ScanfFull -o
#        "C:\Users\dongh\Documents\IAR Workspace\18_TEST\EWARM\18_TEST
#        Configuration\Exe\18_TEST Configuration.out" --map
#        "C:\Users\dongh\Documents\IAR Workspace\18_TEST\EWARM\18_TEST
#        Configuration/List\18_TEST Configuration.map" --config
#        "C:\Users\dongh\Documents\IAR
#        Workspace\18_TEST\EWARM/stm32f407xx_flash.icf" --semihosting --entry
#        __iar_program_start "C:\Program Files (x86)\IAR Systems\Embedded
#        Workbench 7.0\arm\CMSIS\Lib\IAR\iar_cortexM4lf_math.a" --vfe
#
###############################################################################

*******************************************************************************
*** RUNTIME MODEL ATTRIBUTES
***

CppFlavor       = *
__SystemLibrary = DLib


*******************************************************************************
*** PLACEMENT SUMMARY
***

"A1":  place at 0x08000000 { ro section .intvec };
"P1":  place in [from 0x08000000 to 0x080fffff] { ro };
"P2":  place in [from 0x20000000 to 0x2001ffff] { rw, block CSTACK, block HEAP };

  Section            Kind        Address    Size  Object
  -------            ----        -------    ----  ------
"A1":                                      0x188
  .intvec            ro code  0x08000000   0x188  startup_stm32f407xx.o [1]
                            - 0x08000188   0x188

"P1":                                     0x1cec
  .text              ro code  0x08000188   0x63c  tasks.o [1]
  .text              ro code  0x080007c4   0x1b0  port.o [1]
  .text              ro code  0x08000974    0x90  list.o [1]
  .text              ro code  0x08000a04   0x1e8  heap_4.o [1]
  .text              ro code  0x08000bec    0x14  memset.o [3]
  CODE               ro code  0x08000c00    0xa8  portasm.o [1]
  .text              ro code  0x08000ca8    0x66  ABImemset.o [5]
  .text              ro code  0x08000d0e    0x2e  copy_init3.o [5]
  .text              ro code  0x08000d3c   0x548  stm32f4xx_hal_rcc.o [1]
  .text              ro code  0x08001284    0x64  stm32f4xx_hal.o [1]
  .text              ro code  0x080012e8    0xec  stm32f4xx_hal_cortex.o [1]
  .text              ro code  0x080013d4    0x18  stm32f4xx_hal_msp.o [1]
  .text              ro code  0x080013ec   0x34c  main.o [1]
  .text              ro code  0x08001738    0x56  ABImemcpy_unaligned.o [5]
  .text              ro code  0x0800178e    0x22  zero_init3.o [5]
  .text              ro code  0x080017b0    0x7c  cmsis_os.o [1]
  .text              ro code  0x0800182c   0x134  queue.o [1]
  .text              ro code  0x08001960   0x1e4  stm32f4xx_hal_gpio.o [1]
  .text              ro code  0x08001b44    0x50  system_stm32f4xx.o [1]
  .text              ro code  0x08001b94    0x28  data_init.o [5]
  .iar.init_table    const    0x08001bbc    0x24  - Linker created -
  .text              ro code  0x08001be0    0x1a  fpinit_M.o [4]
  .text              ro code  0x08001bfc    0x1a  cmain.o [5]
  .text              ro code  0x08001c16     0x4  low_level_init.o [3]
  .text              ro code  0x08001c1a     0x4  exit.o [3]
  .text              ro code  0x08001c20     0xa  cexit.o [5]
  .text              ro code  0x08001c2c    0x14  exit.o [6]
  .text              ro code  0x08001c40    0x10  startup_stm32f407xx.o [1]
  .rodata            const    0x08001c50     0xc  main.o [1]
  .text              ro code  0x08001c5c     0xc  cstartup_M.o [5]
  .text              ro code  0x08001c68     0x4  startup_stm32f407xx.o [1]
  .text              ro code  0x08001c6c     0x4  startup_stm32f407xx.o [1]
  .text              ro code  0x08001c70     0x4  startup_stm32f407xx.o [1]
  .text              ro code  0x08001c74     0x4  startup_stm32f407xx.o [1]
  .text              ro code  0x08001c78     0x4  startup_stm32f407xx.o [1]
  .text              ro code  0x08001c7c     0x4  startup_stm32f407xx.o [1]
  .text              ro code  0x08001c80     0x4  startup_stm32f407xx.o [1]
  .text              ro code  0x08001c84     0x4  startup_stm32f407xx.o [1]
  .text              ro code  0x08001c88     0x4  startup_stm32f407xx.o [1]
  .text              ro code  0x08001c8c     0x4  startup_stm32f407xx.o [1]
  .text              ro code  0x08001c90     0x4  startup_stm32f407xx.o [1]
  .text              ro code  0x08001c94     0x4  startup_stm32f407xx.o [1]
  .text              ro code  0x08001c98     0x4  startup_stm32f407xx.o [1]
  .text              ro code  0x08001c9c     0x4  startup_stm32f407xx.o [1]
  .text              ro code  0x08001ca0     0x4  startup_stm32f407xx.o [1]
  .text              ro code  0x08001ca4     0x4  startup_stm32f407xx.o [1]
  .text              ro code  0x08001ca8     0x4  startup_stm32f407xx.o [1]
  .text              ro code  0x08001cac     0x4  startup_stm32f407xx.o [1]
  .text              ro code  0x08001cb0     0x4  startup_stm32f407xx.o [1]
  .text              ro code  0x08001cb4     0x4  startup_stm32f407xx.o [1]
  .text              ro code  0x08001cb8     0x4  startup_stm32f407xx.o [1]
  .text              ro code  0x08001cbc     0x4  startup_stm32f407xx.o [1]
  .text              ro code  0x08001cc0     0x4  startup_stm32f407xx.o [1]
  .text              ro code  0x08001cc4     0x4  startup_stm32f407xx.o [1]
  .text              ro code  0x08001cc8     0x4  startup_stm32f407xx.o [1]
  .text              ro code  0x08001ccc     0x4  startup_stm32f407xx.o [1]
  .text              ro code  0x08001cd0     0x4  startup_stm32f407xx.o [1]
  .text              ro code  0x08001cd4     0x4  startup_stm32f407xx.o [1]
  .text              ro code  0x08001cd8     0x4  startup_stm32f407xx.o [1]
  .text              ro code  0x08001cdc     0x4  startup_stm32f407xx.o [1]
  .text              ro code  0x08001ce0     0x4  startup_stm32f407xx.o [1]
  .text              ro code  0x08001ce4     0x4  startup_stm32f407xx.o [1]
  .text              ro code  0x08001ce8     0x4  startup_stm32f407xx.o [1]
  .text              ro code  0x08001cec     0x4  startup_stm32f407xx.o [1]
  .text              ro code  0x08001cf0     0x4  startup_stm32f407xx.o [1]
  .text              ro code  0x08001cf4     0x4  startup_stm32f407xx.o [1]
  .text              ro code  0x08001cf8     0x4  startup_stm32f407xx.o [1]
  .text              ro code  0x08001cfc     0x4  startup_stm32f407xx.o [1]
  .text              ro code  0x08001d00     0x4  startup_stm32f407xx.o [1]
  .text              ro code  0x08001d04     0x4  startup_stm32f407xx.o [1]
  .text              ro code  0x08001d08     0x4  startup_stm32f407xx.o [1]
  .text              ro code  0x08001d0c     0x4  startup_stm32f407xx.o [1]
  .text              ro code  0x08001d10     0x4  startup_stm32f407xx.o [1]
  .text              ro code  0x08001d14     0x4  startup_stm32f407xx.o [1]
  .text              ro code  0x08001d18     0x4  startup_stm32f407xx.o [1]
  .text              ro code  0x08001d1c     0x4  startup_stm32f407xx.o [1]
  .text              ro code  0x08001d20     0x4  startup_stm32f407xx.o [1]
  .text              ro code  0x08001d24     0x4  startup_stm32f407xx.o [1]
  .text              ro code  0x08001d28     0x4  startup_stm32f407xx.o [1]
  .text              ro code  0x08001d2c     0x4  startup_stm32f407xx.o [1]
  .text              ro code  0x08001d30     0x4  startup_stm32f407xx.o [1]
  .text              ro code  0x08001d34     0x4  startup_stm32f407xx.o [1]
  .text              ro code  0x08001d38     0x4  startup_stm32f407xx.o [1]
  .text              ro code  0x08001d3c     0x4  startup_stm32f407xx.o [1]
  .text              ro code  0x08001d40     0x4  startup_stm32f407xx.o [1]
  .text              ro code  0x08001d44     0x4  startup_stm32f407xx.o [1]
  .text              ro code  0x08001d48     0x4  startup_stm32f407xx.o [1]
  .text              ro code  0x08001d4c     0x4  startup_stm32f407xx.o [1]
  .text              ro code  0x08001d50     0x4  startup_stm32f407xx.o [1]
  .text              ro code  0x08001d54     0x4  startup_stm32f407xx.o [1]
  .text              ro code  0x08001d58     0x4  startup_stm32f407xx.o [1]
  .text              ro code  0x08001d5c     0x4  startup_stm32f407xx.o [1]
  .text              ro code  0x08001d60     0x4  startup_stm32f407xx.o [1]
  .text              ro code  0x08001d64     0x4  startup_stm32f407xx.o [1]
  .text              ro code  0x08001d68     0x4  startup_stm32f407xx.o [1]
  .text              ro code  0x08001d6c     0x4  startup_stm32f407xx.o [1]
  .text              ro code  0x08001d70     0x4  startup_stm32f407xx.o [1]
  .text              ro code  0x08001d74     0x4  startup_stm32f407xx.o [1]
  .text              ro code  0x08001d78     0x4  startup_stm32f407xx.o [1]
  .text              ro code  0x08001d7c     0x4  startup_stm32f407xx.o [1]
  .text              ro code  0x08001d80     0x4  startup_stm32f407xx.o [1]
  .text              ro code  0x08001d84     0x4  startup_stm32f407xx.o [1]
  .text              ro code  0x08001d88     0x4  startup_stm32f407xx.o [1]
  .text              ro code  0x08001d8c     0x4  startup_stm32f407xx.o [1]
  .text              ro code  0x08001d90     0x4  startup_stm32f407xx.o [1]
  .text              ro code  0x08001d94     0x4  startup_stm32f407xx.o [1]
  .text              ro code  0x08001d98     0x4  startup_stm32f407xx.o [1]
  .text              ro code  0x08001d9c     0x4  startup_stm32f407xx.o [1]
  .text              ro code  0x08001da0     0x4  startup_stm32f407xx.o [1]
  .text              ro code  0x08001da4     0x4  startup_stm32f407xx.o [1]
  .text              ro code  0x08001da8     0x4  startup_stm32f407xx.o [1]
  .text              ro code  0x08001dac     0x4  startup_stm32f407xx.o [1]
  .text              ro code  0x08001db0     0x4  startup_stm32f407xx.o [1]
  .text              ro code  0x08001db4     0x4  startup_stm32f407xx.o [1]
  .text              ro code  0x08001db8     0x4  startup_stm32f407xx.o [1]
  .text              ro code  0x08001dbc     0x4  startup_stm32f407xx.o [1]
  .text              ro code  0x08001dc0     0x4  startup_stm32f407xx.o [1]
  .text              ro code  0x08001dc4     0x4  stm32f4xx_it.o [1]
  .rodata            const    0x08001dc8     0x0  zero_init3.o [5]
  .rodata            const    0x08001dc8     0x0  copy_init3.o [5]
  Initializer bytes  ro data  0x08001dc8    0xac  <for P2 s0>
                            - 0x08001e74  0x1cec

"P2", part 1 of 3:                          0xac
  P2 s0                       0x20000000    0xac  <Init block>
    .data            inited   0x20000000    0x9c  tasks.o [1]
    .data            inited   0x2000009c     0xc  port.o [1]
    .data            inited   0x200000a8     0x4  system_stm32f4xx.o [1]
                            - 0x200000ac    0xac

"P2", part 2 of 3:                        0x3fd4
  .bss               zero     0x200000ac  0x3c18  heap_4.o [1]
  .bss               zero     0x20003cc4   0x320  queue.o [1]
  .bss               zero     0x20003fe4    0x8c  tasks.o [1]
  .bss               zero     0x20004070     0x8  main.o [1]
  .bss               zero     0x20004078     0x4  stm32f4xx_hal.o [1]
                            - 0x2000407c  0x3fd0

"P2", part 3 of 3:                         0x400
  CSTACK                      0x20004080   0x400  <Block>
    CSTACK           uninit   0x20004080   0x400  <Block tail>
                            - 0x20004480   0x400


*******************************************************************************
*** INIT TABLE
***

          Address     Size
          -------     ----
Zero (__iar_zero_init3)
    1 destination range, total size 0x3fd0:
          0x200000ac  0x3fd0

Copy (__iar_copy_init3)
    1 source range, total size 0xac:
          0x08001dc8    0xac
    1 destination range, total size 0xac:
          0x20000000    0xac



*******************************************************************************
*** MODULE SUMMARY
***

    Module                  ro code  ro data  rw data
    ------                  -------  -------  -------
C:\Users\dongh\Documents\IAR Workspace\18_TEST\EWARM\18_TEST Configuration\Obj: [1]
    cmsis_os.o                  124
    heap_4.o                    488            15 384
    list.o                      144
    main.o                      844       12        8
    port.o                      432       12       12
    portasm.o                   168
    queue.o                     308               800
    startup_stm32f407xx.o       756
    stm32f4xx_hal.o             100                 4
    stm32f4xx_hal_cortex.o      236
    stm32f4xx_hal_gpio.o        484
    stm32f4xx_hal_msp.o          24
    stm32f4xx_hal_rcc.o       1 352
    stm32f4xx_it.o                4
    system_stm32f4xx.o           80        4        4
    tasks.o                   1 596      156      296
    -------------------------------------------------
    Total:                    7 140      184   16 508

command line: [2]
    -------------------------------------------------
    Total:

dl7M_tlf.a: [3]
    exit.o                        4
    low_level_init.o              4
    memset.o                     20
    -------------------------------------------------
    Total:                       28

m7M_tlv.a: [4]
    fpinit_M.o                   26
    -------------------------------------------------
    Total:                       26

rt7M_tl.a: [5]
    ABImemcpy_unaligned.o        86
    ABImemset.o                 102
    cexit.o                      10
    cmain.o                      26
    copy_init3.o                 46
    cstartup_M.o                 12
    data_init.o                  40
    zero_init3.o                 34
    -------------------------------------------------
    Total:                      356

shb_l.a: [6]
    exit.o                       20
    -------------------------------------------------
    Total:                       20

    Gaps                          6
    Linker created                        36    1 024
-----------------------------------------------------
    Grand Total:              7 576      220   17 532


*******************************************************************************
*** ENTRY LIST
***

Entry                      Address    Size  Type      Object
-----                      -------    ----  ----      ------
?main                   0x08001bfd          Code  Gb  cmain.o [5]
APBAHBPrescTable        0x08001274    0x10  Data  Gb  stm32f4xx_hal_rcc.o [1]
CSTACK$$Base            0x20004080           --   Gb  - Linker created -
CSTACK$$Limit           0x20004480           --   Gb  - Linker created -
HAL_GPIO_Init           0x08001961   0x1b4  Code  Gb  stm32f4xx_hal_gpio.o [1]
HAL_GetTick             0x080012d9     0x6  Code  Wk  stm32f4xx_hal.o [1]
HAL_Init                0x08001285    0x30  Code  Gb  stm32f4xx_hal.o [1]
HAL_InitTick            0x080012b5    0x24  Code  Wk  stm32f4xx_hal.o [1]
HAL_MspInit             0x080013d5    0x18  Code  Gb  stm32f4xx_hal_msp.o [1]
HAL_NVIC_SetPriority    0x08001387    0x1e  Code  Gb  stm32f4xx_hal_cortex.o [1]
HAL_NVIC_SetPriorityGrouping
                        0x08001385     0x2  Code  Gb  stm32f4xx_hal_cortex.o [1]
HAL_RCC_ClockConfig     0x08000fd9   0x1fc  Code  Gb  stm32f4xx_hal_rcc.o [1]
HAL_RCC_GetHCLKFreq     0x08001229    0x1e  Code  Gb  stm32f4xx_hal_rcc.o [1]
HAL_RCC_GetSysClockFreq
                        0x080011d5    0x54  Code  Wk  stm32f4xx_hal_rcc.o [1]
HAL_RCC_OscConfig       0x08000d3d   0x29c  Code  Wk  stm32f4xx_hal_rcc.o [1]
HAL_SYSTICK_CLKSourceConfig
                        0x080013a7    0x18  Code  Gb  stm32f4xx_hal_cortex.o [1]
HAL_SYSTICK_Config      0x080013a5     0x2  Code  Gb  stm32f4xx_hal_cortex.o [1]
MX_GPIO_Init            0x080014db   0x200  Code  Lc  main.o [1]
NVIC_EncodePriority     0x08001327    0x36  Code  Lc  stm32f4xx_hal_cortex.o [1]
NVIC_GetPriorityGrouping
                        0x08001303     0xa  Code  Lc  stm32f4xx_hal_cortex.o [1]
NVIC_SetPriority        0x0800130d    0x1a  Code  Lc  stm32f4xx_hal_cortex.o [1]
NVIC_SetPriorityGrouping
                        0x080012e9    0x1a  Code  Lc  stm32f4xx_hal_cortex.o [1]
PendSV_Handler          0x08000c01          Code  Gb  portasm.o [1]
Region$$Table$$Base     0x08001bbc           --   Gb  - Linker created -
Region$$Table$$Limit    0x08001be0           --   Gb  - Linker created -
SVC_Handler             0x08000c59          Code  Gb  portasm.o [1]
StartDefaultTask        0x08001705     0xa  Code  Gb  main.o [1]
SysTick_Config          0x0800135d    0x28  Code  Lc  stm32f4xx_hal_cortex.o [1]
SysTick_Handler         0x08001dc5     0x4  Code  Gb  stm32f4xx_it.o [1]
SystemClock_Config      0x08001439    0xa2  Code  Gb  main.o [1]
SystemCoreClock         0x200000a8     0x4  Data  Gb  system_stm32f4xx.o [1]
SystemInit              0x08001b45    0x3a  Code  Gb  system_stm32f4xx.o [1]
__aeabi_memset          0x08000ca9          Code  Gb  ABImemset.o [5]
__cmain                 0x08001bfd          Code  Gb  cmain.o [5]
__exit                  0x08001c2d    0x14  Code  Gb  exit.o [6]
__iar_Memset            0x08000ca9          Code  Gb  ABImemset.o [5]
__iar_Memset_word       0x08000cb1          Code  Gb  ABImemset.o [5]
__iar_copy_init3        0x08000d0f    0x2e  Code  Gb  copy_init3.o [5]
__iar_data_init3        0x08001b95    0x28  Code  Gb  data_init.o [5]
__iar_init_vfp          0x08001be1          Code  Gb  fpinit_M.o [4]
__iar_program_start     0x08001c5d          Code  Gb  cstartup_M.o [5]
__iar_unaligned___aeabi_memcpy4
                        0x08001739          Code  Gb  ABImemcpy_unaligned.o [5]
__iar_unaligned___aeabi_memcpy8
                        0x08001739          Code  Gb  ABImemcpy_unaligned.o [5]
__iar_zero_init3        0x0800178f    0x22  Code  Gb  zero_init3.o [5]
__low_level_init        0x08001c17     0x4  Code  Gb  low_level_init.o [3]
__vector_table          0x08000000          Data  Gb  startup_stm32f407xx.o [1]
_call_main              0x08001c09          Code  Gb  cmain.o [5]
_exit                   0x08001c21          Code  Gb  cexit.o [5]
_main                   0x08001c13          Code  Gb  cmain.o [5]
defaultTaskHandle       0x20004070     0x4  Data  Gb  main.o [1]
exit                    0x08001c1b     0x4  Code  Gb  exit.o [3]
main                    0x080013ed    0x4c  Code  Gb  main.o [1]
makeFreeRtosPriority    0x080017b1     0xc  Code  Lc  cmsis_os.o [1]
memset                  0x08000bed    0x14  Code  Gb  memset.o [3]
myQueue01Handle         0x20004074     0x4  Data  Gb  main.o [1]
osDelay                 0x080017ff    0x10  Code  Gb  cmsis_os.o [1]
osKernelStart           0x080017bd     0xa  Code  Gb  cmsis_os.o [1]
osMessageCreate         0x0800180f     0xa  Code  Gb  cmsis_os.o [1]
osSystickHandler        0x08001819    0x14  Code  Gb  cmsis_os.o [1]
osThreadCreate          0x080017c7    0x38  Code  Gb  cmsis_os.o [1]
prvAddCurrentTaskToDelayedList
                        0x080006f1    0x32  Code  Lc  tasks.o [1]
prvAllocateTCBAndStack  0x08000723    0x3e  Code  Lc  tasks.o [1]
prvCheckTasksWaitingTermination
                        0x080006ab    0x46  Code  Lc  tasks.o [1]
prvDeleteTCB            0x08000761    0x14  Code  Lc  tasks.o [1]
prvHeapInit             0x08000b45    0x52  Code  Lc  heap_4.o [1]
prvIdleTask             0x080005e5    0x20  Code  Lc  tasks.o [1]
prvInitialiseTCBVariables
                        0x08000605    0x58  Code  Lc  tasks.o [1]
prvInitialiseTaskLists  0x0800065d    0x4e  Code  Lc  tasks.o [1]
prvInsertBlockIntoFreeList
                        0x08000b97    0x4e  Code  Lc  heap_4.o [1]
prvResetNextTaskUnblockTime
                        0x08000775    0x1e  Code  Lc  tasks.o [1]
prvTaskExitError        0x080007e9    0x28  Code  Lc  port.o [1]
pvPortMalloc            0x08000a05    0xd8  Code  Gb  heap_4.o [1]
pxCurrentTCB            0x20000028     0x4  Data  Gb  tasks.o [1]
pxDelayedTaskList       0x2000002c     0x4  Data  Lc  tasks.o [1]
pxEnd                   0x200000b4     0x4  Data  Lc  heap_4.o [1]
pxOverflowDelayedTaskList
                        0x20000030     0x4  Data  Lc  tasks.o [1]
pxPortInitialiseStack   0x080007c5    0x24  Code  Gb  port.o [1]
pxReadyTasksLists       0x20003fe4    0x8c  Data  Lc  tasks.o [1]
ucHeap                  0x200000c4  0x3c00  Data  Lc  heap_4.o [1]
ucMaxSysCallPriority    0x2000009c     0x1  Data  Lc  port.o [1]
ulMaxPRIGROUPValue      0x200000a4     0x4  Data  Lc  port.o [1]
uwTick                  0x20004078     0x4  Data  Lc  stm32f4xx_hal.o [1]
uxCriticalNesting       0x200000a0     0x4  Data  Lc  port.o [1]
uxCurrentNumberOfTasks  0x2000004c     0x4  Data  Lc  tasks.o [1]
uxListRemove            0x080009e1    0x24  Code  Gb  list.o [1]
uxPendedTicks           0x2000005c     0x4  Data  Lc  tasks.o [1]
uxSchedulerSuspended    0x20000070     0x4  Data  Lc  tasks.o [1]
uxTaskNumber            0x20000068     0x4  Data  Lc  tasks.o [1]
uxTasksDeleted          0x20000034     0x4  Data  Lc  tasks.o [1]
uxTopReadyPriority      0x20000054     0x4  Data  Lc  tasks.o [1]
vListInitialise         0x08000975    0x1a  Code  Gb  list.o [1]
vListInitialiseItem     0x0800098f     0x6  Code  Gb  list.o [1]
vListInsert             0x080009ad    0x34  Code  Gb  list.o [1]
vListInsertEnd          0x08000995    0x18  Code  Gb  list.o [1]
vPortEnableVFP          0x08000c8d          Code  Gb  portasm.o [1]
vPortEnterCritical      0x080008b9    0x32  Code  Gb  port.o [1]
vPortExitCritical       0x080008eb    0x26  Code  Gb  port.o [1]
vPortFree               0x08000add    0x68  Code  Gb  heap_4.o [1]
vPortSetupTimerInterrupt
                        0x08000939    0x18  Code  Wk  port.o [1]
vPortStartFirstTask     0x08000c75          Code  Gb  portasm.o [1]
vQueueAddToRegistry     0x08001935    0x24  Code  Gb  queue.o [1]
vTaskDelay              0x080002a9    0x6c  Code  Gb  tasks.o [1]
vTaskStartScheduler     0x08000315    0x5e  Code  Gb  tasks.o [1]
vTaskSuspendAll         0x0800037d     0xc  Code  Gb  tasks.o [1]
vTaskSwitchContext      0x08000517    0x5a  Code  Gb  tasks.o [1]
xBlockAllocatedBit      0x200000c0     0x4  Data  Lc  heap_4.o [1]
xDelayedTaskList1       0x20000074    0x14  Data  Lc  tasks.o [1]
xDelayedTaskList2       0x20000088    0x14  Data  Lc  tasks.o [1]
xFreeBytesRemaining     0x200000b8     0x4  Data  Lc  heap_4.o [1]
xMinimumEverFreeBytesRemaining
                        0x200000bc     0x4  Data  Lc  heap_4.o [1]
xNextTaskUnblockTime    0x2000006c     0x4  Data  Lc  tasks.o [1]
xNumOfOverflows         0x20000064     0x4  Data  Lc  tasks.o [1]
xPendingReadyList       0x20000000    0x14  Data  Lc  tasks.o [1]
xPortStartScheduler     0x08000811    0xa8  Code  Gb  port.o [1]
xPortSysTickHandler     0x08000911    0x28  Code  Gb  port.o [1]
xQueueGenericCreate     0x080018b7    0x7e  Code  Gb  queue.o [1]
xQueueGenericReset      0x0800182d    0x8a  Code  Gb  queue.o [1]
xQueueRegistry          0x20003cc4   0x320  Data  Gb  queue.o [1]
xSchedulerRunning       0x20000058     0x4  Data  Lc  tasks.o [1]
xStart                  0x200000ac     0x8  Data  Lc  heap_4.o [1]
xSuspendedTaskList      0x20000038    0x14  Data  Lc  tasks.o [1]
xTaskGenericCreate      0x08000189   0x120  Code  Gb  tasks.o [1]
xTaskGetSchedulerState  0x08000793    0x1c  Code  Gb  tasks.o [1]
xTaskIncrementTick      0x08000445    0xd2  Code  Gb  tasks.o [1]
xTaskRemoveFromEventList
                        0x08000571    0x72  Code  Gb  tasks.o [1]
xTaskResumeAll          0x08000389    0xbc  Code  Gb  tasks.o [1]
xTasksWaitingTermination
                        0x20000014    0x14  Data  Lc  tasks.o [1]
xTickCount              0x20000050     0x4  Data  Lc  tasks.o [1]
xYieldPending           0x20000060     0x4  Data  Lc  tasks.o [1]


[1] = C:\Users\dongh\Documents\IAR Workspace\18_TEST\EWARM\18_TEST Configuration\Obj
[2] = command line
[3] = dl7M_tlf.a
[4] = m7M_tlv.a
[5] = rt7M_tl.a
[6] = shb_l.a

   7 576 bytes of readonly  code memory
     220 bytes of readonly  data memory
  17 532 bytes of readwrite data memory

Errors: none
Warnings: none
