###############################################################################
#
# IAR ELF Linker V7.10.1.6676/W32 for ARM                 17/Jan/2016  22:30:47
# Copyright 2007-2014 IAR Systems AB.
#
#    Output file  =  
#        C:\Users\DongHoonPark\Documents\IAR
#        Workspace\11_ADC_DMA_Reading\EWARM\11_ADC_DMA_Reading
#        Configuration\Exe\11_ADC_DMA_Reading Configuration.out
#    Map file     =  
#        C:\Users\DongHoonPark\Documents\IAR
#        Workspace\11_ADC_DMA_Reading\EWARM\11_ADC_DMA_Reading
#        Configuration/List\11_ADC_DMA_Reading Configuration.map
#    Command line =  
#        "C:\Users\DongHoonPark\Documents\IAR
#        Workspace\11_ADC_DMA_Reading\EWARM\11_ADC_DMA_Reading
#        Configuration\Obj\main.o" "C:\Users\DongHoonPark\Documents\IAR
#        Workspace\11_ADC_DMA_Reading\EWARM\11_ADC_DMA_Reading
#        Configuration\Obj\startup_stm32f407xx.o"
#        "C:\Users\DongHoonPark\Documents\IAR
#        Workspace\11_ADC_DMA_Reading\EWARM\11_ADC_DMA_Reading
#        Configuration\Obj\stm32f4xx_hal.o"
#        "C:\Users\DongHoonPark\Documents\IAR
#        Workspace\11_ADC_DMA_Reading\EWARM\11_ADC_DMA_Reading
#        Configuration\Obj\stm32f4xx_hal_adc.o"
#        "C:\Users\DongHoonPark\Documents\IAR
#        Workspace\11_ADC_DMA_Reading\EWARM\11_ADC_DMA_Reading
#        Configuration\Obj\stm32f4xx_hal_adc_ex.o"
#        "C:\Users\DongHoonPark\Documents\IAR
#        Workspace\11_ADC_DMA_Reading\EWARM\11_ADC_DMA_Reading
#        Configuration\Obj\stm32f4xx_hal_cortex.o"
#        "C:\Users\DongHoonPark\Documents\IAR
#        Workspace\11_ADC_DMA_Reading\EWARM\11_ADC_DMA_Reading
#        Configuration\Obj\stm32f4xx_hal_dma.o"
#        "C:\Users\DongHoonPark\Documents\IAR
#        Workspace\11_ADC_DMA_Reading\EWARM\11_ADC_DMA_Reading
#        Configuration\Obj\stm32f4xx_hal_dma_ex.o"
#        "C:\Users\DongHoonPark\Documents\IAR
#        Workspace\11_ADC_DMA_Reading\EWARM\11_ADC_DMA_Reading
#        Configuration\Obj\stm32f4xx_hal_flash.o"
#        "C:\Users\DongHoonPark\Documents\IAR
#        Workspace\11_ADC_DMA_Reading\EWARM\11_ADC_DMA_Reading
#        Configuration\Obj\stm32f4xx_hal_flash_ex.o"
#        "C:\Users\DongHoonPark\Documents\IAR
#        Workspace\11_ADC_DMA_Reading\EWARM\11_ADC_DMA_Reading
#        Configuration\Obj\stm32f4xx_hal_flash_ramfunc.o"
#        "C:\Users\DongHoonPark\Documents\IAR
#        Workspace\11_ADC_DMA_Reading\EWARM\11_ADC_DMA_Reading
#        Configuration\Obj\stm32f4xx_hal_gpio.o"
#        "C:\Users\DongHoonPark\Documents\IAR
#        Workspace\11_ADC_DMA_Reading\EWARM\11_ADC_DMA_Reading
#        Configuration\Obj\stm32f4xx_hal_msp.o"
#        "C:\Users\DongHoonPark\Documents\IAR
#        Workspace\11_ADC_DMA_Reading\EWARM\11_ADC_DMA_Reading
#        Configuration\Obj\stm32f4xx_hal_pwr.o"
#        "C:\Users\DongHoonPark\Documents\IAR
#        Workspace\11_ADC_DMA_Reading\EWARM\11_ADC_DMA_Reading
#        Configuration\Obj\stm32f4xx_hal_pwr_ex.o"
#        "C:\Users\DongHoonPark\Documents\IAR
#        Workspace\11_ADC_DMA_Reading\EWARM\11_ADC_DMA_Reading
#        Configuration\Obj\stm32f4xx_hal_rcc.o"
#        "C:\Users\DongHoonPark\Documents\IAR
#        Workspace\11_ADC_DMA_Reading\EWARM\11_ADC_DMA_Reading
#        Configuration\Obj\stm32f4xx_hal_rcc_ex.o"
#        "C:\Users\DongHoonPark\Documents\IAR
#        Workspace\11_ADC_DMA_Reading\EWARM\11_ADC_DMA_Reading
#        Configuration\Obj\stm32f4xx_hal_uart.o"
#        "C:\Users\DongHoonPark\Documents\IAR
#        Workspace\11_ADC_DMA_Reading\EWARM\11_ADC_DMA_Reading
#        Configuration\Obj\stm32f4xx_it.o" "C:\Users\DongHoonPark\Documents\IAR
#        Workspace\11_ADC_DMA_Reading\EWARM\11_ADC_DMA_Reading
#        Configuration\Obj\system_stm32f4xx.o" --redirect _Printf=_PrintfFull
#        --redirect _Scanf=_ScanfFull -o "C:\Users\DongHoonPark\Documents\IAR
#        Workspace\11_ADC_DMA_Reading\EWARM\11_ADC_DMA_Reading
#        Configuration\Exe\11_ADC_DMA_Reading Configuration.out" --map
#        "C:\Users\DongHoonPark\Documents\IAR
#        Workspace\11_ADC_DMA_Reading\EWARM\11_ADC_DMA_Reading
#        Configuration/List\11_ADC_DMA_Reading Configuration.map" --config
#        "C:\Users\DongHoonPark\Documents\IAR
#        Workspace\11_ADC_DMA_Reading\EWARM/stm32f407xx_flash.icf"
#        --semihosting --entry __iar_program_start --vfe
#
###############################################################################

*******************************************************************************
*** RUNTIME MODEL ATTRIBUTES
***

CppFlavor       = *
__SystemLibrary = DLib


*******************************************************************************
*** PLACEMENT SUMMARY
***

"A1":  place at 0x08000000 { ro section .intvec };
"P1":  place in [from 0x08000000 to 0x080fffff] { ro };
"P2":  place in [from 0x20000000 to 0x2001ffff] { rw, block CSTACK, block HEAP };

  Section            Kind        Address    Size  Object
  -------            ----        -------    ----  ------
"A1":                                      0x188
  .intvec            ro code  0x08000000   0x188  startup_stm32f407xx.o [1]
                            - 0x08000188   0x188

"P1":                                     0x19a4
  .text              ro code  0x08000188   0x578  stm32f4xx_hal_rcc.o [1]
  .text              ro code  0x08000700    0x84  stm32f4xx_hal.o [1]
  .text              ro code  0x08000784   0x10e  stm32f4xx_hal_cortex.o [1]
  .text              ro code  0x08000892    0x2e  copy_init3.o [5]
  .text              ro code  0x080008c0    0xf8  stm32f4xx_hal_msp.o [1]
  .text              ro code  0x080009b8   0x1e4  stm32f4xx_hal_gpio.o [1]
  .text              ro code  0x08000b9c   0x2d4  stm32f4xx_hal_dma.o [1]
  .text              ro code  0x08000e70   0x44c  stm32f4xx_hal_adc.o [1]
  .text              ro code  0x080012bc   0x3b6  main.o [1]
  .text              ro code  0x08001672    0x22  zero_init3.o [5]
  .text              ro code  0x08001694   0x204  stm32f4xx_hal_uart.o [1]
  .text              ro code  0x08001898    0x50  system_stm32f4xx.o [1]
  .text              ro code  0x080018e8    0x28  data_init.o [5]
  .iar.init_table    const    0x08001910    0x24  - Linker created -
  .text              ro code  0x08001934    0x1a  fpinit_M.o [4]
  .text              ro code  0x08001950    0x1a  cmain.o [5]
  .text              ro code  0x0800196a     0x4  low_level_init.o [3]
  .text              ro code  0x0800196e     0x4  exit.o [3]
  .text              ro code  0x08001974     0xa  cexit.o [5]
  .text              ro code  0x08001980    0x14  exit.o [6]
  .text              ro code  0x08001994    0x18  stm32f4xx_it.o [1]
  .text              ro code  0x080019ac    0x10  startup_stm32f407xx.o [1]
  .text              ro code  0x080019bc     0xc  cstartup_M.o [5]
  .text              ro code  0x080019c8     0x4  startup_stm32f407xx.o [1]
  .text              ro code  0x080019cc     0x4  startup_stm32f407xx.o [1]
  .text              ro code  0x080019d0     0x4  startup_stm32f407xx.o [1]
  .text              ro code  0x080019d4     0x4  startup_stm32f407xx.o [1]
  .text              ro code  0x080019d8     0x4  startup_stm32f407xx.o [1]
  .text              ro code  0x080019dc     0x4  startup_stm32f407xx.o [1]
  .text              ro code  0x080019e0     0x4  startup_stm32f407xx.o [1]
  .text              ro code  0x080019e4     0x4  startup_stm32f407xx.o [1]
  .text              ro code  0x080019e8     0x4  startup_stm32f407xx.o [1]
  .text              ro code  0x080019ec     0x4  startup_stm32f407xx.o [1]
  .text              ro code  0x080019f0     0x4  startup_stm32f407xx.o [1]
  .text              ro code  0x080019f4     0x4  startup_stm32f407xx.o [1]
  .text              ro code  0x080019f8     0x4  startup_stm32f407xx.o [1]
  .text              ro code  0x080019fc     0x4  startup_stm32f407xx.o [1]
  .text              ro code  0x08001a00     0x4  startup_stm32f407xx.o [1]
  .text              ro code  0x08001a04     0x4  startup_stm32f407xx.o [1]
  .text              ro code  0x08001a08     0x4  startup_stm32f407xx.o [1]
  .text              ro code  0x08001a0c     0x4  startup_stm32f407xx.o [1]
  .text              ro code  0x08001a10     0x4  startup_stm32f407xx.o [1]
  .text              ro code  0x08001a14     0x4  startup_stm32f407xx.o [1]
  .text              ro code  0x08001a18     0x4  startup_stm32f407xx.o [1]
  .text              ro code  0x08001a1c     0x4  startup_stm32f407xx.o [1]
  .text              ro code  0x08001a20     0x4  startup_stm32f407xx.o [1]
  .text              ro code  0x08001a24     0x4  startup_stm32f407xx.o [1]
  .text              ro code  0x08001a28     0x4  startup_stm32f407xx.o [1]
  .text              ro code  0x08001a2c     0x4  startup_stm32f407xx.o [1]
  .text              ro code  0x08001a30     0x4  startup_stm32f407xx.o [1]
  .text              ro code  0x08001a34     0x4  startup_stm32f407xx.o [1]
  .text              ro code  0x08001a38     0x4  startup_stm32f407xx.o [1]
  .text              ro code  0x08001a3c     0x4  startup_stm32f407xx.o [1]
  .text              ro code  0x08001a40     0x4  startup_stm32f407xx.o [1]
  .text              ro code  0x08001a44     0x4  startup_stm32f407xx.o [1]
  .text              ro code  0x08001a48     0x4  startup_stm32f407xx.o [1]
  .text              ro code  0x08001a4c     0x4  startup_stm32f407xx.o [1]
  .text              ro code  0x08001a50     0x4  startup_stm32f407xx.o [1]
  .text              ro code  0x08001a54     0x4  startup_stm32f407xx.o [1]
  .text              ro code  0x08001a58     0x4  startup_stm32f407xx.o [1]
  .text              ro code  0x08001a5c     0x4  startup_stm32f407xx.o [1]
  .text              ro code  0x08001a60     0x4  startup_stm32f407xx.o [1]
  .text              ro code  0x08001a64     0x4  startup_stm32f407xx.o [1]
  .text              ro code  0x08001a68     0x4  startup_stm32f407xx.o [1]
  .text              ro code  0x08001a6c     0x4  startup_stm32f407xx.o [1]
  .text              ro code  0x08001a70     0x4  startup_stm32f407xx.o [1]
  .text              ro code  0x08001a74     0x4  startup_stm32f407xx.o [1]
  .text              ro code  0x08001a78     0x4  startup_stm32f407xx.o [1]
  .text              ro code  0x08001a7c     0x4  startup_stm32f407xx.o [1]
  .text              ro code  0x08001a80     0x4  startup_stm32f407xx.o [1]
  .text              ro code  0x08001a84     0x4  startup_stm32f407xx.o [1]
  .text              ro code  0x08001a88     0x4  startup_stm32f407xx.o [1]
  .text              ro code  0x08001a8c     0x4  startup_stm32f407xx.o [1]
  .text              ro code  0x08001a90     0x4  startup_stm32f407xx.o [1]
  .text              ro code  0x08001a94     0x4  startup_stm32f407xx.o [1]
  .text              ro code  0x08001a98     0x4  startup_stm32f407xx.o [1]
  .text              ro code  0x08001a9c     0x4  startup_stm32f407xx.o [1]
  .text              ro code  0x08001aa0     0x4  startup_stm32f407xx.o [1]
  .text              ro code  0x08001aa4     0x4  startup_stm32f407xx.o [1]
  .text              ro code  0x08001aa8     0x4  startup_stm32f407xx.o [1]
  .text              ro code  0x08001aac     0x4  startup_stm32f407xx.o [1]
  .text              ro code  0x08001ab0     0x4  startup_stm32f407xx.o [1]
  .text              ro code  0x08001ab4     0x4  startup_stm32f407xx.o [1]
  .text              ro code  0x08001ab8     0x4  startup_stm32f407xx.o [1]
  .text              ro code  0x08001abc     0x4  startup_stm32f407xx.o [1]
  .text              ro code  0x08001ac0     0x4  startup_stm32f407xx.o [1]
  .text              ro code  0x08001ac4     0x4  startup_stm32f407xx.o [1]
  .text              ro code  0x08001ac8     0x4  startup_stm32f407xx.o [1]
  .text              ro code  0x08001acc     0x4  startup_stm32f407xx.o [1]
  .text              ro code  0x08001ad0     0x4  startup_stm32f407xx.o [1]
  .text              ro code  0x08001ad4     0x4  startup_stm32f407xx.o [1]
  .text              ro code  0x08001ad8     0x4  startup_stm32f407xx.o [1]
  .text              ro code  0x08001adc     0x4  startup_stm32f407xx.o [1]
  .text              ro code  0x08001ae0     0x4  startup_stm32f407xx.o [1]
  .text              ro code  0x08001ae4     0x4  startup_stm32f407xx.o [1]
  .text              ro code  0x08001ae8     0x4  startup_stm32f407xx.o [1]
  .text              ro code  0x08001aec     0x4  startup_stm32f407xx.o [1]
  .text              ro code  0x08001af0     0x4  startup_stm32f407xx.o [1]
  .text              ro code  0x08001af4     0x4  startup_stm32f407xx.o [1]
  .text              ro code  0x08001af8     0x4  startup_stm32f407xx.o [1]
  .text              ro code  0x08001afc     0x4  startup_stm32f407xx.o [1]
  .text              ro code  0x08001b00     0x4  startup_stm32f407xx.o [1]
  .text              ro code  0x08001b04     0x4  startup_stm32f407xx.o [1]
  .text              ro code  0x08001b08     0x4  startup_stm32f407xx.o [1]
  .text              ro code  0x08001b0c     0x4  startup_stm32f407xx.o [1]
  .text              ro code  0x08001b10     0x4  startup_stm32f407xx.o [1]
  .text              ro code  0x08001b14     0x4  startup_stm32f407xx.o [1]
  .text              ro code  0x08001b18     0x4  startup_stm32f407xx.o [1]
  .text              ro code  0x08001b1c     0x4  startup_stm32f407xx.o [1]
  .text              ro code  0x08001b20     0x4  startup_stm32f407xx.o [1]
  .text              ro code  0x08001b24     0x4  startup_stm32f407xx.o [1]
  .rodata            const    0x08001b28     0x0  zero_init3.o [5]
  .rodata            const    0x08001b28     0x0  copy_init3.o [5]
  Initializer bytes  ro data  0x08001b28     0x4  <for P2 s0>
                            - 0x08001b2c  0x19a4

"P2", part 1 of 3:                           0x4
  P2 s0                       0x20000000     0x4  <Init block>
    .data            inited   0x20000000     0x4  system_stm32f4xx.o [1]
                            - 0x20000004     0x4

"P2", part 2 of 3:                         0x124
  .bss               zero     0x20000004    0x84  main.o [1]
  .bss               zero     0x20000088    0x58  main.o [1]
  .bss               zero     0x200000e0    0x40  main.o [1]
  .bss               zero     0x20000120     0x4  stm32f4xx_hal.o [1]
                            - 0x20000124   0x120

"P2", part 3 of 3:                         0x400
  CSTACK                      0x20000128   0x400  <Block>
    CSTACK           uninit   0x20000128   0x400  <Block tail>
                            - 0x20000528   0x400


*******************************************************************************
*** INIT TABLE
***

          Address     Size
          -------     ----
Zero (__iar_zero_init3)
    1 destination range, total size 0x120:
          0x20000004  0x120

Copy (__iar_copy_init3)
    1 source range, total size 0x4:
          0x08001b28    0x4
    1 destination range, total size 0x4:
          0x20000000    0x4



*******************************************************************************
*** MODULE SUMMARY
***

    Module                  ro code  ro data  rw data
    ------                  -------  -------  -------
C:\Users\DongHoonPark\Documents\IAR Workspace\11_ADC_DMA_Reading\EWARM\11_ADC_DMA_Reading Configuration\Obj: [1]
    main.o                      950               284
    startup_stm32f407xx.o       760
    stm32f4xx_hal.o             132                 4
    stm32f4xx_hal_adc.o       1 100
    stm32f4xx_hal_cortex.o      270
    stm32f4xx_hal_dma.o         724
    stm32f4xx_hal_gpio.o        484
    stm32f4xx_hal_msp.o         248
    stm32f4xx_hal_rcc.o       1 400
    stm32f4xx_hal_uart.o        516
    stm32f4xx_it.o               24
    system_stm32f4xx.o           80        4        4
    -------------------------------------------------
    Total:                    6 688        4      292

command line: [2]
    -------------------------------------------------
    Total:

dl7M_tlf.a: [3]
    exit.o                        4
    low_level_init.o              4
    -------------------------------------------------
    Total:                        8

m7M_tlv.a: [4]
    fpinit_M.o                   26
    -------------------------------------------------
    Total:                       26

rt7M_tl.a: [5]
    cexit.o                      10
    cmain.o                      26
    copy_init3.o                 46
    cstartup_M.o                 12
    data_init.o                  40
    zero_init3.o                 34
    -------------------------------------------------
    Total:                      168

shb_l.a: [6]
    exit.o                       20
    -------------------------------------------------
    Total:                       20

    Gaps                          6
    Linker created                        36    1 024
-----------------------------------------------------
    Grand Total:              6 916       40    1 316


*******************************************************************************
*** ENTRY LIST
***

Entry                      Address   Size  Type      Object
-----                      -------   ----  ----      ------
?main                   0x08001951         Code  Gb  cmain.o [5]
ADC1ConvertedValues     0x20000048   0x40  Data  Gb  main.o [1]
ADC_DMAConvCplt         0x08001279   0x20  Code  Lc  stm32f4xx_hal_adc.o [1]
ADC_DMAError            0x080012a5   0x18  Code  Lc  stm32f4xx_hal_adc.o [1]
ADC_DMAHalfConvCplt     0x08001299    0xa  Code  Lc  stm32f4xx_hal_adc.o [1]
ADC_Init                0x0800114f  0x114  Code  Lc  stm32f4xx_hal_adc.o [1]
APBAHBPrescTable        0x080006f0   0x10  Data  Gb  stm32f4xx_hal_rcc.o [1]
CSTACK$$Base            0x20000128          --   Gb  - Linker created -
CSTACK$$Limit           0x20000528          --   Gb  - Linker created -
DMA2_Stream0_IRQHandler
                        0x080019a3    0x6  Code  Gb  stm32f4xx_it.o [1]
DMA_CalcBaseAndBitshift
                        0x08000e3f   0x28  Code  Lc  stm32f4xx_hal_dma.o [1]
DMA_SetConfig           0x08000e15   0x2a  Code  Lc  stm32f4xx_hal_dma.o [1]
HAL_ADC_ConfigChannel   0x08000ffb  0x154  Code  Gb  stm32f4xx_hal_adc.o [1]
HAL_ADC_ConvCpltCallback
                        0x08001671    0x2  Code  Gb  main.o [1]
HAL_ADC_ConvHalfCpltCallback
                        0x08000ff7    0x2  Code  Wk  stm32f4xx_hal_adc.o [1]
HAL_ADC_ErrorCallback   0x08000ff9    0x2  Code  Wk  stm32f4xx_hal_adc.o [1]
HAL_ADC_Init            0x08000e71   0x3a  Code  Gb  stm32f4xx_hal_adc.o [1]
HAL_ADC_MspInit         0x080008d9   0x7c  Code  Gb  stm32f4xx_hal_msp.o [1]
HAL_ADC_Start           0x08000eab   0xa4  Code  Gb  stm32f4xx_hal_adc.o [1]
HAL_ADC_Start_DMA       0x08000f4f   0xa8  Code  Gb  stm32f4xx_hal_adc.o [1]
HAL_DMA_IRQHandler      0x08000c5f  0x1a8  Code  Gb  stm32f4xx_hal_dma.o [1]
HAL_DMA_Init            0x08000b9d   0x74  Code  Gb  stm32f4xx_hal_dma.o [1]
HAL_DMA_Start_IT        0x08000c11   0x4e  Code  Gb  stm32f4xx_hal_dma.o [1]
HAL_Delay               0x08000765   0x18  Code  Wk  stm32f4xx_hal.o [1]
HAL_GPIO_Init           0x080009b9  0x1b4  Code  Gb  stm32f4xx_hal_gpio.o [1]
HAL_GetTick             0x0800075f    0x6  Code  Wk  stm32f4xx_hal.o [1]
HAL_IncTick             0x08000755    0xa  Code  Wk  stm32f4xx_hal.o [1]
HAL_Init                0x08000701   0x30  Code  Gb  stm32f4xx_hal.o [1]
HAL_InitTick            0x08000731   0x24  Code  Wk  stm32f4xx_hal.o [1]
HAL_MspInit             0x080008c1   0x18  Code  Gb  stm32f4xx_hal_msp.o [1]
HAL_NVIC_EnableIRQ      0x08000853    0x2  Code  Gb  stm32f4xx_hal_cortex.o [1]
HAL_NVIC_SetPriority    0x08000835   0x1e  Code  Gb  stm32f4xx_hal_cortex.o [1]
HAL_NVIC_SetPriorityGrouping
                        0x08000833    0x2  Code  Gb  stm32f4xx_hal_cortex.o [1]
HAL_RCC_ClockConfig     0x08000425  0x1fc  Code  Gb  stm32f4xx_hal_rcc.o [1]
HAL_RCC_GetHCLKFreq     0x08000675   0x1e  Code  Gb  stm32f4xx_hal_rcc.o [1]
HAL_RCC_GetPCLK1Freq    0x08000693   0x18  Code  Gb  stm32f4xx_hal_rcc.o [1]
HAL_RCC_GetPCLK2Freq    0x080006ab   0x18  Code  Gb  stm32f4xx_hal_rcc.o [1]
HAL_RCC_GetSysClockFreq
                        0x08000621   0x54  Code  Wk  stm32f4xx_hal_rcc.o [1]
HAL_RCC_OscConfig       0x08000189  0x29c  Code  Wk  stm32f4xx_hal_rcc.o [1]
HAL_SYSTICK_CLKSourceConfig
                        0x08000857   0x18  Code  Gb  stm32f4xx_hal_cortex.o [1]
HAL_SYSTICK_Callback    0x08000891    0x2  Code  Wk  stm32f4xx_hal_cortex.o [1]
HAL_SYSTICK_Config      0x08000855    0x2  Code  Gb  stm32f4xx_hal_cortex.o [1]
HAL_SYSTICK_IRQHandler  0x08000889    0x8  Code  Gb  stm32f4xx_hal_cortex.o [1]
HAL_UART_Init           0x08001695   0x60  Code  Gb  stm32f4xx_hal_uart.o [1]
HAL_UART_MspInit        0x08000955   0x46  Code  Gb  stm32f4xx_hal_msp.o [1]
MX_ADC1_Init            0x08001397   0x54  Code  Lc  main.o [1]
MX_DMA_Init             0x0800140d   0x2e  Code  Lc  main.o [1]
MX_GPIO_Init            0x0800143b  0x200  Code  Lc  main.o [1]
MX_USART2_UART_Init     0x080013eb   0x22  Code  Lc  main.o [1]
NVIC_EnableIRQ          0x080007a9   0x12  Code  Lc  stm32f4xx_hal_cortex.o [1]
NVIC_EncodePriority     0x080007d5   0x36  Code  Lc  stm32f4xx_hal_cortex.o [1]
NVIC_GetPriorityGrouping
                        0x0800079f    0xa  Code  Lc  stm32f4xx_hal_cortex.o [1]
NVIC_SetPriority        0x080007bb   0x1a  Code  Lc  stm32f4xx_hal_cortex.o [1]
NVIC_SetPriorityGrouping
                        0x08000785   0x1a  Code  Lc  stm32f4xx_hal_cortex.o [1]
Region$$Table$$Base     0x08001910          --   Gb  - Linker created -
Region$$Table$$Limit    0x08001934          --   Gb  - Linker created -
SysTick_Config          0x0800080b   0x28  Code  Lc  stm32f4xx_hal_cortex.o [1]
SysTick_Handler         0x08001995    0xe  Code  Gb  stm32f4xx_it.o [1]
SystemClock_Config      0x080012f5   0xa2  Code  Gb  main.o [1]
SystemCoreClock         0x20000000    0x4  Data  Gb  system_stm32f4xx.o [1]
SystemInit              0x08001899   0x3a  Code  Gb  system_stm32f4xx.o [1]
UART_SetConfig          0x080016f5  0x196  Code  Lc  stm32f4xx_hal_uart.o [1]
__cmain                 0x08001951         Code  Gb  cmain.o [5]
__exit                  0x08001981   0x14  Code  Gb  exit.o [6]
__iar_copy_init3        0x08000893   0x2e  Code  Gb  copy_init3.o [5]
__iar_data_init3        0x080018e9   0x28  Code  Gb  data_init.o [5]
__iar_init_vfp          0x08001935         Code  Gb  fpinit_M.o [4]
__iar_program_start     0x080019bd         Code  Gb  cstartup_M.o [5]
__iar_zero_init3        0x08001673   0x22  Code  Gb  zero_init3.o [5]
__low_level_init        0x0800196b    0x4  Code  Gb  low_level_init.o [3]
__vector_table          0x08000000         Data  Gb  startup_stm32f407xx.o [1]
_call_main              0x0800195d         Code  Gb  cmain.o [5]
_exit                   0x08001975         Code  Gb  cexit.o [5]
_main                   0x08001967         Code  Gb  cmain.o [5]
exit                    0x0800196f    0x4  Code  Gb  exit.o [3]
hadc1                   0x20000004   0x44  Data  Gb  main.o [1]
hdma_adc1               0x20000088   0x58  Data  Gb  main.o [1]
huart2                  0x200000e0   0x40  Data  Gb  main.o [1]
main                    0x080012bd   0x38  Code  Gb  main.o [1]
uwTick                  0x20000120    0x4  Data  Lc  stm32f4xx_hal.o [1]


[1] = C:\Users\DongHoonPark\Documents\IAR Workspace\11_ADC_DMA_Reading\EWARM\11_ADC_DMA_Reading Configuration\Obj
[2] = command line
[3] = dl7M_tlf.a
[4] = m7M_tlv.a
[5] = rt7M_tl.a
[6] = shb_l.a

  6 916 bytes of readonly  code memory
     40 bytes of readonly  data memory
  1 316 bytes of readwrite data memory

Errors: none
Warnings: none
