###############################################################################
#                                                                             #
# IAR ELF Linker V6.30.6.53336/W32 for ARM              31/Dec/2015  22:31:14 #
# Copyright 2007-2012 IAR Systems AB.                                         #
#                                                                             #
#    Output file  =  C:\Users\dongh\Documents\IAR                             #
#                    Workspace\13_UART_DMA\EWARM\13_UART_DMA                  #
#                    Configuration\Exe\13_UART_DMA Configuration.out          #
#    Map file     =  C:\Users\dongh\Documents\IAR                             #
#                    Workspace\13_UART_DMA\EWARM\13_UART_DMA                  #
#                    Configuration/List\13_UART_DMA Configuration.map         #
#    Command line =  "C:\Users\dongh\Documents\IAR                            #
#                    Workspace\13_UART_DMA\EWARM\13_UART_DMA                  #
#                    Configuration\Obj\main.o" "C:\Users\dongh\Documents\IAR  #
#                    Workspace\13_UART_DMA\EWARM\13_UART_DMA                  #
#                    Configuration\Obj\startup_stm32f407xx.o"                 #
#                    "C:\Users\dongh\Documents\IAR                            #
#                    Workspace\13_UART_DMA\EWARM\13_UART_DMA                  #
#                    Configuration\Obj\stm32f4xx_hal.o"                       #
#                    "C:\Users\dongh\Documents\IAR                            #
#                    Workspace\13_UART_DMA\EWARM\13_UART_DMA                  #
#                    Configuration\Obj\stm32f4xx_hal_cortex.o"                #
#                    "C:\Users\dongh\Documents\IAR                            #
#                    Workspace\13_UART_DMA\EWARM\13_UART_DMA                  #
#                    Configuration\Obj\stm32f4xx_hal_dma.o"                   #
#                    "C:\Users\dongh\Documents\IAR                            #
#                    Workspace\13_UART_DMA\EWARM\13_UART_DMA                  #
#                    Configuration\Obj\stm32f4xx_hal_dma_ex.o"                #
#                    "C:\Users\dongh\Documents\IAR                            #
#                    Workspace\13_UART_DMA\EWARM\13_UART_DMA                  #
#                    Configuration\Obj\stm32f4xx_hal_flash.o"                 #
#                    "C:\Users\dongh\Documents\IAR                            #
#                    Workspace\13_UART_DMA\EWARM\13_UART_DMA                  #
#                    Configuration\Obj\stm32f4xx_hal_flash_ex.o"              #
#                    "C:\Users\dongh\Documents\IAR                            #
#                    Workspace\13_UART_DMA\EWARM\13_UART_DMA                  #
#                    Configuration\Obj\stm32f4xx_hal_flash_ramfunc.o"         #
#                    "C:\Users\dongh\Documents\IAR                            #
#                    Workspace\13_UART_DMA\EWARM\13_UART_DMA                  #
#                    Configuration\Obj\stm32f4xx_hal_gpio.o"                  #
#                    "C:\Users\dongh\Documents\IAR                            #
#                    Workspace\13_UART_DMA\EWARM\13_UART_DMA                  #
#                    Configuration\Obj\stm32f4xx_hal_msp.o"                   #
#                    "C:\Users\dongh\Documents\IAR                            #
#                    Workspace\13_UART_DMA\EWARM\13_UART_DMA                  #
#                    Configuration\Obj\stm32f4xx_hal_pwr.o"                   #
#                    "C:\Users\dongh\Documents\IAR                            #
#                    Workspace\13_UART_DMA\EWARM\13_UART_DMA                  #
#                    Configuration\Obj\stm32f4xx_hal_pwr_ex.o"                #
#                    "C:\Users\dongh\Documents\IAR                            #
#                    Workspace\13_UART_DMA\EWARM\13_UART_DMA                  #
#                    Configuration\Obj\stm32f4xx_hal_rcc.o"                   #
#                    "C:\Users\dongh\Documents\IAR                            #
#                    Workspace\13_UART_DMA\EWARM\13_UART_DMA                  #
#                    Configuration\Obj\stm32f4xx_hal_rcc_ex.o"                #
#                    "C:\Users\dongh\Documents\IAR                            #
#                    Workspace\13_UART_DMA\EWARM\13_UART_DMA                  #
#                    Configuration\Obj\stm32f4xx_hal_uart.o"                  #
#                    "C:\Users\dongh\Documents\IAR                            #
#                    Workspace\13_UART_DMA\EWARM\13_UART_DMA                  #
#                    Configuration\Obj\stm32f4xx_it.o"                        #
#                    "C:\Users\dongh\Documents\IAR                            #
#                    Workspace\13_UART_DMA\EWARM\13_UART_DMA                  #
#                    Configuration\Obj\system_stm32f4xx.o" --redirect         #
#                    _Printf=_PrintfFull --redirect _Scanf=_ScanfFull -o      #
#                    "C:\Users\dongh\Documents\IAR                            #
#                    Workspace\13_UART_DMA\EWARM\13_UART_DMA                  #
#                    Configuration\Exe\13_UART_DMA Configuration.out" --map   #
#                    "C:\Users\dongh\Documents\IAR                            #
#                    Workspace\13_UART_DMA\EWARM\13_UART_DMA                  #
#                    Configuration/List\13_UART_DMA Configuration.map"        #
#                    --config "C:\Users\dongh\Documents\IAR                   #
#                    Workspace\13_UART_DMA\EWARM/stm32f407xx_flash.icf"       #
#                    --semihosting --entry __iar_program_start --vfe          #
#                                                                             #
#                                                                             #
###############################################################################

*******************************************************************************
*** RUNTIME MODEL ATTRIBUTES
***

CppFlavor       = *
__SystemLibrary = DLib


*******************************************************************************
*** PLACEMENT SUMMARY
***

"A1":  place at 0x08000000 { ro section .intvec };
"P1":  place in [from 0x08000000 to 0x080fffff] { ro };
"P2":  place in [from 0x20000000 to 0x2001ffff] { rw, block CSTACK, block HEAP };

  Section            Kind        Address    Size  Object
  -------            ----        -------    ----  ------
"A1":                                      0x188
  .intvec            ro code  0x08000000   0x188  startup_stm32f407xx.o [1]
                            - 0x08000188   0x188

"P1":                                     0x17c4
  .text              ro code  0x08000188   0x59c  stm32f4xx_hal_rcc.o [1]
  .text              ro code  0x08000724    0x88  stm32f4xx_hal.o [1]
  .text              ro code  0x080007ac   0x10e  stm32f4xx_hal_cortex.o [1]
  .text              ro code  0x080008ba    0x2e  copy_init3.o [4]
  .text              ro code  0x080008e8    0xe0  stm32f4xx_hal_msp.o [1]
  .text              ro code  0x080009c8   0x1e4  stm32f4xx_hal_gpio.o [1]
  .text              ro code  0x08000bac   0x2d4  stm32f4xx_hal_dma.o [1]
  .text              ro code  0x08000e80   0x494  stm32f4xx_hal_uart.o [1]
  .text              ro code  0x08001314   0x3a4  main.o [1]
  .text              ro code  0x080016b8    0x40  system_stm32f4xx.o [1]
  .text              ro code  0x080016f8    0x2c  data_init3.o [4]
  .text              ro code  0x08001724    0x24  stm32f4xx_it.o [1]
  .text              ro code  0x08001748    0x22  zero_init3.o [4]
  .iar.init_table    const    0x0800176c    0x24  - Linker created -
  .text              ro code  0x08001790    0x16  cmain.o [4]
  .text              ro code  0x080017a6     0x4  low_level_init.o [3]
  .text              ro code  0x080017aa     0x4  exit.o [3]
  .text              ro code  0x080017b0     0xa  cexit.o [4]
  .text              ro code  0x080017bc    0x14  exit.o [5]
  .text              ro code  0x080017d0    0x10  startup_stm32f407xx.o [1]
  .text              ro code  0x080017e0     0xc  cstartup_M.o [4]
  .text              ro code  0x080017ec     0x4  startup_stm32f407xx.o [1]
  .text              ro code  0x080017f0     0x4  startup_stm32f407xx.o [1]
  .text              ro code  0x080017f4     0x4  startup_stm32f407xx.o [1]
  .text              ro code  0x080017f8     0x4  startup_stm32f407xx.o [1]
  .text              ro code  0x080017fc     0x4  startup_stm32f407xx.o [1]
  .text              ro code  0x08001800     0x4  startup_stm32f407xx.o [1]
  .text              ro code  0x08001804     0x4  startup_stm32f407xx.o [1]
  .text              ro code  0x08001808     0x4  startup_stm32f407xx.o [1]
  .text              ro code  0x0800180c     0x4  startup_stm32f407xx.o [1]
  .text              ro code  0x08001810     0x4  startup_stm32f407xx.o [1]
  .text              ro code  0x08001814     0x4  startup_stm32f407xx.o [1]
  .text              ro code  0x08001818     0x4  startup_stm32f407xx.o [1]
  .text              ro code  0x0800181c     0x4  startup_stm32f407xx.o [1]
  .text              ro code  0x08001820     0x4  startup_stm32f407xx.o [1]
  .text              ro code  0x08001824     0x4  startup_stm32f407xx.o [1]
  .text              ro code  0x08001828     0x4  startup_stm32f407xx.o [1]
  .text              ro code  0x0800182c     0x4  startup_stm32f407xx.o [1]
  .text              ro code  0x08001830     0x4  startup_stm32f407xx.o [1]
  .text              ro code  0x08001834     0x4  startup_stm32f407xx.o [1]
  .text              ro code  0x08001838     0x4  startup_stm32f407xx.o [1]
  .text              ro code  0x0800183c     0x4  startup_stm32f407xx.o [1]
  .text              ro code  0x08001840     0x4  startup_stm32f407xx.o [1]
  .text              ro code  0x08001844     0x4  startup_stm32f407xx.o [1]
  .text              ro code  0x08001848     0x4  startup_stm32f407xx.o [1]
  .text              ro code  0x0800184c     0x4  startup_stm32f407xx.o [1]
  .text              ro code  0x08001850     0x4  startup_stm32f407xx.o [1]
  .text              ro code  0x08001854     0x4  startup_stm32f407xx.o [1]
  .text              ro code  0x08001858     0x4  startup_stm32f407xx.o [1]
  .text              ro code  0x0800185c     0x4  startup_stm32f407xx.o [1]
  .text              ro code  0x08001860     0x4  startup_stm32f407xx.o [1]
  .text              ro code  0x08001864     0x4  startup_stm32f407xx.o [1]
  .text              ro code  0x08001868     0x4  startup_stm32f407xx.o [1]
  .text              ro code  0x0800186c     0x4  startup_stm32f407xx.o [1]
  .text              ro code  0x08001870     0x4  startup_stm32f407xx.o [1]
  .text              ro code  0x08001874     0x4  startup_stm32f407xx.o [1]
  .text              ro code  0x08001878     0x4  startup_stm32f407xx.o [1]
  .text              ro code  0x0800187c     0x4  startup_stm32f407xx.o [1]
  .text              ro code  0x08001880     0x4  startup_stm32f407xx.o [1]
  .text              ro code  0x08001884     0x4  startup_stm32f407xx.o [1]
  .text              ro code  0x08001888     0x4  startup_stm32f407xx.o [1]
  .text              ro code  0x0800188c     0x4  startup_stm32f407xx.o [1]
  .text              ro code  0x08001890     0x4  startup_stm32f407xx.o [1]
  .text              ro code  0x08001894     0x4  startup_stm32f407xx.o [1]
  .text              ro code  0x08001898     0x4  startup_stm32f407xx.o [1]
  .text              ro code  0x0800189c     0x4  startup_stm32f407xx.o [1]
  .text              ro code  0x080018a0     0x4  startup_stm32f407xx.o [1]
  .text              ro code  0x080018a4     0x4  startup_stm32f407xx.o [1]
  .text              ro code  0x080018a8     0x4  startup_stm32f407xx.o [1]
  .text              ro code  0x080018ac     0x4  startup_stm32f407xx.o [1]
  .text              ro code  0x080018b0     0x4  startup_stm32f407xx.o [1]
  .text              ro code  0x080018b4     0x4  startup_stm32f407xx.o [1]
  .text              ro code  0x080018b8     0x4  startup_stm32f407xx.o [1]
  .text              ro code  0x080018bc     0x4  startup_stm32f407xx.o [1]
  .text              ro code  0x080018c0     0x4  startup_stm32f407xx.o [1]
  .text              ro code  0x080018c4     0x4  startup_stm32f407xx.o [1]
  .text              ro code  0x080018c8     0x4  startup_stm32f407xx.o [1]
  .text              ro code  0x080018cc     0x4  startup_stm32f407xx.o [1]
  .text              ro code  0x080018d0     0x4  startup_stm32f407xx.o [1]
  .text              ro code  0x080018d4     0x4  startup_stm32f407xx.o [1]
  .text              ro code  0x080018d8     0x4  startup_stm32f407xx.o [1]
  .text              ro code  0x080018dc     0x4  startup_stm32f407xx.o [1]
  .text              ro code  0x080018e0     0x4  startup_stm32f407xx.o [1]
  .text              ro code  0x080018e4     0x4  startup_stm32f407xx.o [1]
  .text              ro code  0x080018e8     0x4  startup_stm32f407xx.o [1]
  .text              ro code  0x080018ec     0x4  startup_stm32f407xx.o [1]
  .text              ro code  0x080018f0     0x4  startup_stm32f407xx.o [1]
  .text              ro code  0x080018f4     0x4  startup_stm32f407xx.o [1]
  .text              ro code  0x080018f8     0x4  startup_stm32f407xx.o [1]
  .text              ro code  0x080018fc     0x4  startup_stm32f407xx.o [1]
  .text              ro code  0x08001900     0x4  startup_stm32f407xx.o [1]
  .text              ro code  0x08001904     0x4  startup_stm32f407xx.o [1]
  .text              ro code  0x08001908     0x4  startup_stm32f407xx.o [1]
  .text              ro code  0x0800190c     0x4  startup_stm32f407xx.o [1]
  .text              ro code  0x08001910     0x4  startup_stm32f407xx.o [1]
  .text              ro code  0x08001914     0x4  startup_stm32f407xx.o [1]
  .text              ro code  0x08001918     0x4  startup_stm32f407xx.o [1]
  .text              ro code  0x0800191c     0x4  startup_stm32f407xx.o [1]
  .text              ro code  0x08001920     0x4  startup_stm32f407xx.o [1]
  .text              ro code  0x08001924     0x4  startup_stm32f407xx.o [1]
  .text              ro code  0x08001928     0x4  startup_stm32f407xx.o [1]
  .text              ro code  0x0800192c     0x4  startup_stm32f407xx.o [1]
  .text              ro code  0x08001930     0x4  startup_stm32f407xx.o [1]
  .text              ro code  0x08001934     0x4  startup_stm32f407xx.o [1]
  .text              ro code  0x08001938     0x4  startup_stm32f407xx.o [1]
  .text              ro code  0x0800193c     0x4  startup_stm32f407xx.o [1]
  .text              ro code  0x08001940     0x4  startup_stm32f407xx.o [1]
  .text              ro code  0x08001944     0x4  startup_stm32f407xx.o [1]
  .rodata            const    0x08001948     0x0  bwt_init3c.o [4]
  Initializer bytes  ro data  0x08001948     0x4  <for P2 s0>
                            - 0x0800194c  0x17c4

"P2", part 1 of 3:                           0x4
  P2 s0                       0x20000000     0x4  <Init block>
    .data            inited   0x20000000     0x4  system_stm32f4xx.o [1]
                            - 0x20000004     0x4

"P2", part 2 of 3:                         0x1f4
  .bss               zero     0x20000004    0xc0  main.o [1]
  .bss               zero     0x200000c4    0x80  main.o [1]
  .bss               zero     0x20000144    0x58  main.o [1]
  .bss               zero     0x2000019c    0x58  main.o [1]
  .bss               zero     0x200001f4     0x4  stm32f4xx_hal.o [1]
                            - 0x200001f8   0x1f4

"P2", part 3 of 3:                         0x400
  CSTACK                      0x200001f8   0x400  <Block>
    CSTACK           uninit   0x200001f8   0x400  <Block tail>
                            - 0x200005f8   0x400


*******************************************************************************
*** INIT TABLE
***

          Address     Size
          -------     ----
Zero (__iar_zero_init3)
    1 destination range, total size 0x1f4:
          0x20000004  0x1f4

Copy (__iar_copy_init3)
    1 source range, total size 0x4:
          0x08001948    0x4
    1 destination range, total size 0x4:
          0x20000000    0x4



*******************************************************************************
*** MODULE SUMMARY
***

    Module                  ro code  ro data  rw data
    ------                  -------  -------  -------
C:\Users\dongh\Documents\IAR Workspace\13_UART_DMA\EWARM\13_UART_DMA Configuration\Obj: [1]
    main.o                      932               496
    startup_stm32f407xx.o       756
    stm32f4xx_hal.o             136                 4
    stm32f4xx_hal_cortex.o      270
    stm32f4xx_hal_dma.o         724
    stm32f4xx_hal_gpio.o        484
    stm32f4xx_hal_msp.o         224
    stm32f4xx_hal_rcc.o       1 436
    stm32f4xx_hal_uart.o      1 172
    stm32f4xx_it.o               36
    system_stm32f4xx.o           64        4        4
    -------------------------------------------------
    Total:                    6 234        4      504

command line: [2]
    -------------------------------------------------
    Total:

dl7M_tlf.a: [3]
    exit.o                        4
    low_level_init.o              4
    -------------------------------------------------
    Total:                        8

rt7M_tl.a: [4]
    bwt_init3c.o
    cexit.o                      10
    cmain.o                      22
    copy_init3.o                 46
    cstartup_M.o                 12
    data_init3.o                 44
    zero_init3.o                 34
    -------------------------------------------------
    Total:                      168

shb_l.a: [5]
    exit.o                       20
    -------------------------------------------------
    Total:                       20

    Gaps                          4        2
    Linker created                        36    1 024
-----------------------------------------------------
    Grand Total:              6 434       42    1 528


*******************************************************************************
*** ENTRY LIST
***

Entry                      Address   Size  Type      Object
-----                      -------   ----  ----      ------
?main                   0x08001791         Code  Gb  cmain.o [4]
ADC_IRQHandler          0x0800184d         Code  Wk  startup_stm32f407xx.o [1]
APBAHBPrescTable        0x08000714   0x10  Data  Gb  stm32f4xx_hal_rcc.o [1]
BusFault_Handler        0x080017f9         Code  Wk  startup_stm32f407xx.o [1]
CAN1_RX0_IRQHandler     0x08001855         Code  Wk  startup_stm32f407xx.o [1]
CAN1_RX1_IRQHandler     0x08001859         Code  Wk  startup_stm32f407xx.o [1]
CAN1_SCE_IRQHandler     0x0800185d         Code  Wk  startup_stm32f407xx.o [1]
CAN1_TX_IRQHandler      0x08001851         Code  Wk  startup_stm32f407xx.o [1]
CAN2_RX0_IRQHandler     0x08001905         Code  Wk  startup_stm32f407xx.o [1]
CAN2_RX1_IRQHandler     0x08001909         Code  Wk  startup_stm32f407xx.o [1]
CAN2_SCE_IRQHandler     0x0800190d         Code  Wk  startup_stm32f407xx.o [1]
CAN2_TX_IRQHandler      0x08001901         Code  Wk  startup_stm32f407xx.o [1]
CSTACK$$Base            0x200001f8          --   Gb  - Linker created -
CSTACK$$Limit           0x200005f8          --   Gb  - Linker created -
DCMI_IRQHandler         0x0800193d         Code  Wk  startup_stm32f407xx.o [1]
DMA1_Stream0_IRQHandler
                        0x08001839         Code  Wk  startup_stm32f407xx.o [1]
DMA1_Stream1_IRQHandler
                        0x0800183d         Code  Wk  startup_stm32f407xx.o [1]
DMA1_Stream2_IRQHandler
                        0x08001841         Code  Wk  startup_stm32f407xx.o [1]
DMA1_Stream3_IRQHandler
                        0x08001845         Code  Wk  startup_stm32f407xx.o [1]
DMA1_Stream4_IRQHandler
                        0x08001849         Code  Wk  startup_stm32f407xx.o [1]
DMA1_Stream5_IRQHandler
                        0x08001733    0x6  Code  Gb  stm32f4xx_it.o [1]
DMA1_Stream6_IRQHandler
                        0x08001739    0x6  Code  Gb  stm32f4xx_it.o [1]
DMA1_Stream7_IRQHandler
                        0x080018c1         Code  Wk  startup_stm32f407xx.o [1]
DMA2_Stream0_IRQHandler
                        0x080018e5         Code  Wk  startup_stm32f407xx.o [1]
DMA2_Stream1_IRQHandler
                        0x080018e9         Code  Wk  startup_stm32f407xx.o [1]
DMA2_Stream2_IRQHandler
                        0x080018ed         Code  Wk  startup_stm32f407xx.o [1]
DMA2_Stream3_IRQHandler
                        0x080018f1         Code  Wk  startup_stm32f407xx.o [1]
DMA2_Stream4_IRQHandler
                        0x080018f5         Code  Wk  startup_stm32f407xx.o [1]
DMA2_Stream5_IRQHandler
                        0x08001915         Code  Wk  startup_stm32f407xx.o [1]
DMA2_Stream6_IRQHandler
                        0x08001919         Code  Wk  startup_stm32f407xx.o [1]
DMA2_Stream7_IRQHandler
                        0x0800191d         Code  Wk  startup_stm32f407xx.o [1]
DMA_CalcBaseAndBitshift
                        0x08000e4f   0x28  Code  Lc  stm32f4xx_hal_dma.o [1]
DMA_SetConfig           0x08000e25   0x2a  Code  Lc  stm32f4xx_hal_dma.o [1]
DebugMon_Handler        0x08001805         Code  Wk  startup_stm32f407xx.o [1]
ETH_IRQHandler          0x080018f9         Code  Wk  startup_stm32f407xx.o [1]
ETH_WKUP_IRQHandler     0x080018fd         Code  Wk  startup_stm32f407xx.o [1]
EXTI0_IRQHandler        0x08001825         Code  Wk  startup_stm32f407xx.o [1]
EXTI15_10_IRQHandler    0x080018a5         Code  Wk  startup_stm32f407xx.o [1]
EXTI1_IRQHandler        0x08001829         Code  Wk  startup_stm32f407xx.o [1]
EXTI2_IRQHandler        0x0800182d         Code  Wk  startup_stm32f407xx.o [1]
EXTI3_IRQHandler        0x08001831         Code  Wk  startup_stm32f407xx.o [1]
EXTI4_IRQHandler        0x08001835         Code  Wk  startup_stm32f407xx.o [1]
EXTI9_5_IRQHandler      0x08001861         Code  Wk  startup_stm32f407xx.o [1]
FLASH_IRQHandler        0x0800181d         Code  Wk  startup_stm32f407xx.o [1]
FPU_IRQHandler          0x08001945         Code  Wk  startup_stm32f407xx.o [1]
FSMC_IRQHandler         0x080018c5         Code  Wk  startup_stm32f407xx.o [1]
HAL_DMA_IRQHandler      0x08000c6f  0x1a8  Code  Gb  stm32f4xx_hal_dma.o [1]
HAL_DMA_Init            0x08000bad   0x74  Code  Gb  stm32f4xx_hal_dma.o [1]
HAL_DMA_Start_IT        0x08000c21   0x4e  Code  Gb  stm32f4xx_hal_dma.o [1]
HAL_Delay               0x0800078d   0x18  Code  Wk  stm32f4xx_hal.o [1]
HAL_GPIO_Init           0x080009c9  0x1b4  Code  Gb  stm32f4xx_hal_gpio.o [1]
HAL_GetTick             0x08000787    0x6  Code  Wk  stm32f4xx_hal.o [1]
HAL_IncTick             0x0800077d    0xa  Code  Wk  stm32f4xx_hal.o [1]
HAL_Init                0x08000725   0x34  Code  Gb  stm32f4xx_hal.o [1]
HAL_InitTick            0x08000759   0x24  Code  Wk  stm32f4xx_hal.o [1]
HAL_MspInit             0x080008e9   0x18  Code  Gb  stm32f4xx_hal_msp.o [1]
HAL_NVIC_EnableIRQ      0x0800087d    0x2  Code  Gb  stm32f4xx_hal_cortex.o [1]
HAL_NVIC_SetPriority    0x0800085f   0x1e  Code  Gb  stm32f4xx_hal_cortex.o [1]
HAL_NVIC_SetPriorityGrouping
                        0x0800085d    0x2  Code  Gb  stm32f4xx_hal_cortex.o [1]
HAL_RCC_ClockConfig     0x08000433  0x212  Code  Gb  stm32f4xx_hal_rcc.o [1]
HAL_RCC_GetHCLKFreq     0x08000699   0x1e  Code  Gb  stm32f4xx_hal_rcc.o [1]
HAL_RCC_GetPCLK1Freq    0x080006b7   0x18  Code  Gb  stm32f4xx_hal_rcc.o [1]
HAL_RCC_GetPCLK2Freq    0x080006cf   0x18  Code  Gb  stm32f4xx_hal_rcc.o [1]
HAL_RCC_GetSysClockFreq
                        0x08000645   0x54  Code  Wk  stm32f4xx_hal_rcc.o [1]
HAL_RCC_OscConfig       0x08000189  0x2aa  Code  Wk  stm32f4xx_hal_rcc.o [1]
HAL_SYSTICK_CLKSourceConfig
                        0x08000881   0x18  Code  Gb  stm32f4xx_hal_cortex.o [1]
HAL_SYSTICK_Callback    0x080008b9    0x2  Code  Wk  stm32f4xx_hal_cortex.o [1]
HAL_SYSTICK_Config      0x0800087f    0x2  Code  Gb  stm32f4xx_hal_cortex.o [1]
HAL_SYSTICK_IRQHandler  0x080008b1    0x8  Code  Gb  stm32f4xx_hal_cortex.o [1]
HAL_UART_DMAPause       0x08000ff1   0x60  Code  Gb  stm32f4xx_hal_uart.o [1]
HAL_UART_DMAResume      0x08001051   0x80  Code  Gb  stm32f4xx_hal_uart.o [1]
HAL_UART_ErrorCallback  0x080010d7    0x2  Code  Wk  stm32f4xx_hal_uart.o [1]
HAL_UART_Init           0x08000e81   0x60  Code  Gb  stm32f4xx_hal_uart.o [1]
HAL_UART_MspInit        0x08000901   0xb0  Code  Gb  stm32f4xx_hal_msp.o [1]
HAL_UART_Receive_DMA    0x08000f6d   0x84  Code  Gb  stm32f4xx_hal_uart.o [1]
HAL_UART_RxCpltCallback
                        0x080010d3    0x2  Code  Wk  stm32f4xx_hal_uart.o [1]
HAL_UART_RxHalfCpltCallback
                        0x080010d5    0x2  Code  Wk  stm32f4xx_hal_uart.o [1]
HAL_UART_Transmit_DMA   0x08000ee1   0x8c  Code  Gb  stm32f4xx_hal_uart.o [1]
HAL_UART_TxCpltCallback
                        0x08001657    0x2  Code  Gb  main.o [1]
HAL_UART_TxHalfCpltCallback
                        0x080010d1    0x2  Code  Wk  stm32f4xx_hal_uart.o [1]
HASH_RNG_IRQHandler     0x08001941         Code  Wk  startup_stm32f407xx.o [1]
HardFault_Handler       0x080017f1         Code  Wk  startup_stm32f407xx.o [1]
I2C1_ER_IRQHandler      0x08001885         Code  Wk  startup_stm32f407xx.o [1]
I2C1_EV_IRQHandler      0x08001881         Code  Wk  startup_stm32f407xx.o [1]
I2C2_ER_IRQHandler      0x0800188d         Code  Wk  startup_stm32f407xx.o [1]
I2C2_EV_IRQHandler      0x08001889         Code  Wk  startup_stm32f407xx.o [1]
I2C3_ER_IRQHandler      0x08001929         Code  Wk  startup_stm32f407xx.o [1]
I2C3_EV_IRQHandler      0x08001925         Code  Wk  startup_stm32f407xx.o [1]
MX_DMA_Init             0x08001419   0x3e  Code  Lc  main.o [1]
MX_GPIO_Init            0x08001457  0x200  Code  Lc  main.o [1]
MX_USART2_UART_Init     0x080013f7   0x22  Code  Lc  main.o [1]
MemManage_Handler       0x080017f5         Code  Wk  startup_stm32f407xx.o [1]
NMI_Handler             0x080017ed         Code  Wk  startup_stm32f407xx.o [1]
NVIC_EnableIRQ          0x080007d1   0x14  Code  Lc  stm32f4xx_hal_cortex.o [1]
NVIC_EncodePriority     0x080007ff   0x36  Code  Lc  stm32f4xx_hal_cortex.o [1]
NVIC_GetPriorityGrouping
                        0x080007c7    0xa  Code  Lc  stm32f4xx_hal_cortex.o [1]
NVIC_SetPriority        0x080007e5   0x1a  Code  Lc  stm32f4xx_hal_cortex.o [1]
NVIC_SetPriorityGrouping
                        0x080007ad   0x1a  Code  Lc  stm32f4xx_hal_cortex.o [1]
OTG_FS_IRQHandler       0x08001911         Code  Wk  startup_stm32f407xx.o [1]
OTG_FS_WKUP_IRQHandler  0x080018ad         Code  Wk  startup_stm32f407xx.o [1]
OTG_HS_EP1_IN_IRQHandler
                        0x08001931         Code  Wk  startup_stm32f407xx.o [1]
OTG_HS_EP1_OUT_IRQHandler
                        0x0800192d         Code  Wk  startup_stm32f407xx.o [1]
OTG_HS_IRQHandler       0x08001939         Code  Wk  startup_stm32f407xx.o [1]
OTG_HS_WKUP_IRQHandler  0x08001935         Code  Wk  startup_stm32f407xx.o [1]
PVD_IRQHandler          0x08001811         Code  Wk  startup_stm32f407xx.o [1]
PendSV_Handler          0x08001809         Code  Wk  startup_stm32f407xx.o [1]
RCC_IRQHandler          0x08001821         Code  Wk  startup_stm32f407xx.o [1]
RTC_Alarm_IRQHandler    0x080018a9         Code  Wk  startup_stm32f407xx.o [1]
RTC_WKUP_IRQHandler     0x08001819         Code  Wk  startup_stm32f407xx.o [1]
Region$$Table$$Base     0x0800176c          --   Gb  - Linker created -
Region$$Table$$Limit    0x08001790          --   Gb  - Linker created -
Reset_Handler           0x080017d1         Code  Wk  startup_stm32f407xx.o [1]
SDIO_IRQHandler         0x080018c9         Code  Wk  startup_stm32f407xx.o [1]
SPI1_IRQHandler         0x08001891         Code  Wk  startup_stm32f407xx.o [1]
SPI2_IRQHandler         0x08001895         Code  Wk  startup_stm32f407xx.o [1]
SPI3_IRQHandler         0x080018d1         Code  Wk  startup_stm32f407xx.o [1]
SVC_Handler             0x08001801         Code  Wk  startup_stm32f407xx.o [1]
SysTick_Config          0x08000835   0x28  Code  Lc  stm32f4xx_hal_cortex.o [1]
SysTick_Handler         0x08001725    0xe  Code  Gb  stm32f4xx_it.o [1]
SystemClock_Config      0x08001355   0xa2  Code  Gb  main.o [1]
SystemCoreClock         0x20000000    0x4  Data  Gb  system_stm32f4xx.o [1]
SystemInit              0x080016b9   0x30  Code  Gb  system_stm32f4xx.o [1]
TAMP_STAMP_IRQHandler   0x08001815         Code  Wk  startup_stm32f407xx.o [1]
TIM1_BRK_TIM9_IRQHandler
                        0x08001865         Code  Wk  startup_stm32f407xx.o [1]
TIM1_CC_IRQHandler      0x08001871         Code  Wk  startup_stm32f407xx.o [1]
TIM1_TRG_COM_TIM11_IRQHandler
                        0x0800186d         Code  Wk  startup_stm32f407xx.o [1]
TIM1_UP_TIM10_IRQHandler
                        0x08001869         Code  Wk  startup_stm32f407xx.o [1]
TIM2_IRQHandler         0x08001875         Code  Wk  startup_stm32f407xx.o [1]
TIM3_IRQHandler         0x08001879         Code  Wk  startup_stm32f407xx.o [1]
TIM4_IRQHandler         0x0800187d         Code  Wk  startup_stm32f407xx.o [1]
TIM5_IRQHandler         0x080018cd         Code  Wk  startup_stm32f407xx.o [1]
TIM6_DAC_IRQHandler     0x080018dd         Code  Wk  startup_stm32f407xx.o [1]
TIM7_IRQHandler         0x080018e1         Code  Wk  startup_stm32f407xx.o [1]
TIM8_BRK_TIM12_IRQHandler
                        0x080018b1         Code  Wk  startup_stm32f407xx.o [1]
TIM8_CC_IRQHandler      0x080018bd         Code  Wk  startup_stm32f407xx.o [1]
TIM8_TRG_COM_TIM14_IRQHandler
                        0x080018b9         Code  Wk  startup_stm32f407xx.o [1]
TIM8_UP_TIM13_IRQHandler
                        0x080018b5         Code  Wk  startup_stm32f407xx.o [1]
UART4_IRQHandler        0x080018d5         Code  Wk  startup_stm32f407xx.o [1]
UART5_IRQHandler        0x080018d9         Code  Wk  startup_stm32f407xx.o [1]
UART_DMAError           0x08001159   0x20  Code  Lc  stm32f4xx_hal_uart.o [1]
UART_DMAReceiveCplt     0x08001115   0x38  Code  Lc  stm32f4xx_hal_uart.o [1]
UART_DMARxHalfCplt      0x0800114d    0xa  Code  Lc  stm32f4xx_hal_uart.o [1]
UART_DMATransmitCplt    0x080010d9   0x2e  Code  Lc  stm32f4xx_hal_uart.o [1]
UART_DMATxHalfCplt      0x08001109    0xa  Code  Lc  stm32f4xx_hal_uart.o [1]
UART_SetConfig          0x08001179  0x18e  Code  Lc  stm32f4xx_hal_uart.o [1]
USART1_IRQHandler       0x08001899         Code  Wk  startup_stm32f407xx.o [1]
USART2_IRQHandler       0x0800189d         Code  Wk  startup_stm32f407xx.o [1]
USART3_IRQHandler       0x080018a1         Code  Wk  startup_stm32f407xx.o [1]
USART6_IRQHandler       0x08001921         Code  Wk  startup_stm32f407xx.o [1]
UsageFault_Handler      0x080017fd         Code  Wk  startup_stm32f407xx.o [1]
WWDG_IRQHandler         0x0800180d         Code  Wk  startup_stm32f407xx.o [1]
__cmain                 0x08001791         Code  Gb  cmain.o [4]
__exit                  0x080017bd   0x14  Code  Gb  exit.o [5]
__iar_SB                0x08001948         Data  Gb  bwt_init3c.o [4]
__iar_copy_init3        0x080008bb   0x2e  Code  Gb  copy_init3.o [4]
__iar_data_init3        0x080016f9   0x2c  Code  Gb  data_init3.o [4]
__iar_program_start     0x080017e1         Code  Gb  cstartup_M.o [4]
__iar_zero_init3        0x08001749   0x22  Code  Gb  zero_init3.o [4]
__low_level_init        0x080017a7    0x4  Code  Gb  low_level_init.o [3]
__vector_table          0x08000000         Data  Gb  startup_stm32f407xx.o [1]
_call_main              0x0800179d         Code  Gb  cmain.o [4]
_exit                   0x080017b1         Code  Gb  cexit.o [4]
_main                   0x080017a3         Code  Gb  cmain.o [4]
exit                    0x080017ab    0x4  Code  Gb  exit.o [3]
hdma_usart2_rx          0x20000144   0x58  Data  Gb  main.o [1]
hdma_usart2_tx          0x2000019c   0x58  Data  Gb  main.o [1]
huart2                  0x20000004   0x40  Data  Gb  main.o [1]
main                    0x08001315   0x40  Code  Gb  main.o [1]
uartRXBuffer            0x20000044   0x80  Data  Gb  main.o [1]
uartTXBuffer            0x200000c4   0x80  Data  Gb  main.o [1]
uartTransmit            0x08001659   0x26  Code  Gb  main.o [1]
uwTick                  0x200001f4    0x4  Data  Lc  stm32f4xx_hal.o [1]


[1] = C:\Users\dongh\Documents\IAR Workspace\13_UART_DMA\EWARM\13_UART_DMA Configuration\Obj
[2] = command line
[3] = dl7M_tlf.a
[4] = rt7M_tl.a
[5] = shb_l.a

  6 434 bytes of readonly  code memory
     42 bytes of readonly  data memory
  1 528 bytes of readwrite data memory

Errors: none
Warnings: none
