###############################################################################
#
# IAR ELF Linker V7.10.1.6676/W32 for ARM                 01/Jan/2016  00:41:55
# Copyright 2007-2014 IAR Systems AB.
#
#    Output file  =  
#        C:\Users\dongh\Documents\IAR
#        Workspace\17_RTOS_Queue\EWARM\17_RTOS_Queue
#        Configuration\Exe\17_RTOS_Queue Configuration.out
#    Map file     =  
#        C:\Users\dongh\Documents\IAR
#        Workspace\17_RTOS_Queue\EWARM\17_RTOS_Queue
#        Configuration/List\17_RTOS_Queue Configuration.map
#    Command line =  
#        "C:\Users\dongh\Documents\IAR
#        Workspace\17_RTOS_Queue\EWARM\17_RTOS_Queue
#        Configuration\Obj\cmsis_os.o" "C:\Users\dongh\Documents\IAR
#        Workspace\17_RTOS_Queue\EWARM\17_RTOS_Queue
#        Configuration\Obj\croutine.o" "C:\Users\dongh\Documents\IAR
#        Workspace\17_RTOS_Queue\EWARM\17_RTOS_Queue
#        Configuration\Obj\event_groups.o" "C:\Users\dongh\Documents\IAR
#        Workspace\17_RTOS_Queue\EWARM\17_RTOS_Queue
#        Configuration\Obj\freertos.o" "C:\Users\dongh\Documents\IAR
#        Workspace\17_RTOS_Queue\EWARM\17_RTOS_Queue
#        Configuration\Obj\heap_4.o" "C:\Users\dongh\Documents\IAR
#        Workspace\17_RTOS_Queue\EWARM\17_RTOS_Queue Configuration\Obj\list.o"
#        "C:\Users\dongh\Documents\IAR
#        Workspace\17_RTOS_Queue\EWARM\17_RTOS_Queue Configuration\Obj\main.o"
#        "C:\Users\dongh\Documents\IAR
#        Workspace\17_RTOS_Queue\EWARM\17_RTOS_Queue Configuration\Obj\port.o"
#        "C:\Users\dongh\Documents\IAR
#        Workspace\17_RTOS_Queue\EWARM\17_RTOS_Queue
#        Configuration\Obj\portasm.o" "C:\Users\dongh\Documents\IAR
#        Workspace\17_RTOS_Queue\EWARM\17_RTOS_Queue Configuration\Obj\queue.o"
#        "C:\Users\dongh\Documents\IAR
#        Workspace\17_RTOS_Queue\EWARM\17_RTOS_Queue
#        Configuration\Obj\startup_stm32f407xx.o" "C:\Users\dongh\Documents\IAR
#        Workspace\17_RTOS_Queue\EWARM\17_RTOS_Queue
#        Configuration\Obj\stm32f4xx_hal.o" "C:\Users\dongh\Documents\IAR
#        Workspace\17_RTOS_Queue\EWARM\17_RTOS_Queue
#        Configuration\Obj\stm32f4xx_hal_cortex.o"
#        "C:\Users\dongh\Documents\IAR
#        Workspace\17_RTOS_Queue\EWARM\17_RTOS_Queue
#        Configuration\Obj\stm32f4xx_hal_dma.o" "C:\Users\dongh\Documents\IAR
#        Workspace\17_RTOS_Queue\EWARM\17_RTOS_Queue
#        Configuration\Obj\stm32f4xx_hal_dma_ex.o"
#        "C:\Users\dongh\Documents\IAR
#        Workspace\17_RTOS_Queue\EWARM\17_RTOS_Queue
#        Configuration\Obj\stm32f4xx_hal_flash.o" "C:\Users\dongh\Documents\IAR
#        Workspace\17_RTOS_Queue\EWARM\17_RTOS_Queue
#        Configuration\Obj\stm32f4xx_hal_flash_ex.o"
#        "C:\Users\dongh\Documents\IAR
#        Workspace\17_RTOS_Queue\EWARM\17_RTOS_Queue
#        Configuration\Obj\stm32f4xx_hal_flash_ramfunc.o"
#        "C:\Users\dongh\Documents\IAR
#        Workspace\17_RTOS_Queue\EWARM\17_RTOS_Queue
#        Configuration\Obj\stm32f4xx_hal_gpio.o" "C:\Users\dongh\Documents\IAR
#        Workspace\17_RTOS_Queue\EWARM\17_RTOS_Queue
#        Configuration\Obj\stm32f4xx_hal_msp.o" "C:\Users\dongh\Documents\IAR
#        Workspace\17_RTOS_Queue\EWARM\17_RTOS_Queue
#        Configuration\Obj\stm32f4xx_hal_pwr.o" "C:\Users\dongh\Documents\IAR
#        Workspace\17_RTOS_Queue\EWARM\17_RTOS_Queue
#        Configuration\Obj\stm32f4xx_hal_pwr_ex.o"
#        "C:\Users\dongh\Documents\IAR
#        Workspace\17_RTOS_Queue\EWARM\17_RTOS_Queue
#        Configuration\Obj\stm32f4xx_hal_rcc.o" "C:\Users\dongh\Documents\IAR
#        Workspace\17_RTOS_Queue\EWARM\17_RTOS_Queue
#        Configuration\Obj\stm32f4xx_hal_rcc_ex.o"
#        "C:\Users\dongh\Documents\IAR
#        Workspace\17_RTOS_Queue\EWARM\17_RTOS_Queue
#        Configuration\Obj\stm32f4xx_hal_uart.o" "C:\Users\dongh\Documents\IAR
#        Workspace\17_RTOS_Queue\EWARM\17_RTOS_Queue
#        Configuration\Obj\stm32f4xx_it.o" "C:\Users\dongh\Documents\IAR
#        Workspace\17_RTOS_Queue\EWARM\17_RTOS_Queue
#        Configuration\Obj\system_stm32f4xx.o" "C:\Users\dongh\Documents\IAR
#        Workspace\17_RTOS_Queue\EWARM\17_RTOS_Queue Configuration\Obj\tasks.o"
#        "C:\Users\dongh\Documents\IAR
#        Workspace\17_RTOS_Queue\EWARM\17_RTOS_Queue
#        Configuration\Obj\timers.o" --redirect _Printf=_PrintfFull --redirect
#        _Scanf=_ScanfFull -o "C:\Users\dongh\Documents\IAR
#        Workspace\17_RTOS_Queue\EWARM\17_RTOS_Queue
#        Configuration\Exe\17_RTOS_Queue Configuration.out" --map
#        "C:\Users\dongh\Documents\IAR
#        Workspace\17_RTOS_Queue\EWARM\17_RTOS_Queue
#        Configuration/List\17_RTOS_Queue Configuration.map" --config
#        "C:\Users\dongh\Documents\IAR
#        Workspace\17_RTOS_Queue\EWARM/stm32f407xx_flash.icf" --semihosting
#        --entry __iar_program_start --vfe
#
###############################################################################

*******************************************************************************
*** RUNTIME MODEL ATTRIBUTES
***

CppFlavor       = *
__SystemLibrary = DLib


*******************************************************************************
*** PLACEMENT SUMMARY
***

"A1":  place at 0x08000000 { ro section .intvec };
"P1":  place in [from 0x08000000 to 0x080fffff] { ro };
"P2":  place in [from 0x20000000 to 0x2001ffff] { rw, block CSTACK, block HEAP };

  Section            Kind        Address    Size  Object
  -------            ----        -------    ----  ------
"A1":                                      0x188
  .intvec            ro code  0x08000000   0x188  startup_stm32f407xx.o [1]
                            - 0x08000188   0x188

"P1":                                     0x26ac
  .text              ro code  0x08000188   0x7d4  tasks.o [1]
  .text              ro code  0x0800095c   0x1b0  port.o [1]
  .text              ro code  0x08000b0c    0x90  list.o [1]
  .text              ro code  0x08000b9c   0x1e8  heap_4.o [1]
  .text              ro code  0x08000d84    0x14  memset.o [3]
  CODE               ro code  0x08000d98    0xa8  portasm.o [1]
  .text              ro code  0x08000e40    0x66  ABImemset.o [5]
  .text              ro code  0x08000ea6    0x2e  copy_init3.o [5]
  .text              ro code  0x08000ed4   0x578  stm32f4xx_hal_rcc.o [1]
  .text              ro code  0x0800144c    0x64  stm32f4xx_hal.o [1]
  .text              ro code  0x080014b0   0x104  stm32f4xx_hal_cortex.o [1]
  .text              ro code  0x080015b4    0x7c  stm32f4xx_hal_msp.o [1]
  .text              ro code  0x08001630   0x1e4  stm32f4xx_hal_gpio.o [1]
  .text              ro code  0x08001814   0x470  stm32f4xx_hal_uart.o [1]
  .text              ro code  0x08001c84   0x3d0  main.o [1]
  .text              ro code  0x08002054    0x76  ABImemcpy_unaligned.o [5]
  .text              ro code  0x080020ca    0x22  zero_init3.o [5]
  .text              ro code  0x080020ec    0x7c  cmsis_os.o [1]
  .text              ro code  0x08002168   0x380  queue.o [1]
  .text              ro code  0x080024e8     0xc  memcpy.o [3]
  .text              ro code  0x080024f4    0x50  system_stm32f4xx.o [1]
  .text              ro code  0x08002544    0x28  data_init.o [5]
  .iar.init_table    const    0x0800256c    0x24  - Linker created -
  .text              ro code  0x08002590    0x1a  fpinit_M.o [4]
  .text              ro code  0x080025ac    0x1a  cmain.o [5]
  .text              ro code  0x080025c6     0x4  low_level_init.o [3]
  .text              ro code  0x080025ca     0x4  exit.o [3]
  .text              ro code  0x080025d0     0xa  cexit.o [5]
  .text              ro code  0x080025dc    0x14  exit.o [6]
  .rodata            const    0x080025f0    0x14  main.o [1]
  .text              ro code  0x08002604    0x10  startup_stm32f407xx.o [1]
  .text              ro code  0x08002614    0x10  stm32f4xx_it.o [1]
  .text              ro code  0x08002624     0xc  cstartup_M.o [5]
  .text              ro code  0x08002630     0x4  startup_stm32f407xx.o [1]
  .text              ro code  0x08002634     0x4  startup_stm32f407xx.o [1]
  .text              ro code  0x08002638     0x4  startup_stm32f407xx.o [1]
  .text              ro code  0x0800263c     0x4  startup_stm32f407xx.o [1]
  .text              ro code  0x08002640     0x4  startup_stm32f407xx.o [1]
  .text              ro code  0x08002644     0x4  startup_stm32f407xx.o [1]
  .text              ro code  0x08002648     0x4  startup_stm32f407xx.o [1]
  .text              ro code  0x0800264c     0x4  startup_stm32f407xx.o [1]
  .text              ro code  0x08002650     0x4  startup_stm32f407xx.o [1]
  .text              ro code  0x08002654     0x4  startup_stm32f407xx.o [1]
  .text              ro code  0x08002658     0x4  startup_stm32f407xx.o [1]
  .text              ro code  0x0800265c     0x4  startup_stm32f407xx.o [1]
  .text              ro code  0x08002660     0x4  startup_stm32f407xx.o [1]
  .text              ro code  0x08002664     0x4  startup_stm32f407xx.o [1]
  .text              ro code  0x08002668     0x4  startup_stm32f407xx.o [1]
  .text              ro code  0x0800266c     0x4  startup_stm32f407xx.o [1]
  .text              ro code  0x08002670     0x4  startup_stm32f407xx.o [1]
  .text              ro code  0x08002674     0x4  startup_stm32f407xx.o [1]
  .text              ro code  0x08002678     0x4  startup_stm32f407xx.o [1]
  .text              ro code  0x0800267c     0x4  startup_stm32f407xx.o [1]
  .text              ro code  0x08002680     0x4  startup_stm32f407xx.o [1]
  .text              ro code  0x08002684     0x4  startup_stm32f407xx.o [1]
  .text              ro code  0x08002688     0x4  startup_stm32f407xx.o [1]
  .text              ro code  0x0800268c     0x4  startup_stm32f407xx.o [1]
  .text              ro code  0x08002690     0x4  startup_stm32f407xx.o [1]
  .text              ro code  0x08002694     0x4  startup_stm32f407xx.o [1]
  .text              ro code  0x08002698     0x4  startup_stm32f407xx.o [1]
  .text              ro code  0x0800269c     0x4  startup_stm32f407xx.o [1]
  .text              ro code  0x080026a0     0x4  startup_stm32f407xx.o [1]
  .text              ro code  0x080026a4     0x4  startup_stm32f407xx.o [1]
  .text              ro code  0x080026a8     0x4  startup_stm32f407xx.o [1]
  .text              ro code  0x080026ac     0x4  startup_stm32f407xx.o [1]
  .text              ro code  0x080026b0     0x4  startup_stm32f407xx.o [1]
  .text              ro code  0x080026b4     0x4  startup_stm32f407xx.o [1]
  .text              ro code  0x080026b8     0x4  startup_stm32f407xx.o [1]
  .text              ro code  0x080026bc     0x4  startup_stm32f407xx.o [1]
  .text              ro code  0x080026c0     0x4  startup_stm32f407xx.o [1]
  .text              ro code  0x080026c4     0x4  startup_stm32f407xx.o [1]
  .text              ro code  0x080026c8     0x4  startup_stm32f407xx.o [1]
  .text              ro code  0x080026cc     0x4  startup_stm32f407xx.o [1]
  .text              ro code  0x080026d0     0x4  startup_stm32f407xx.o [1]
  .text              ro code  0x080026d4     0x4  startup_stm32f407xx.o [1]
  .text              ro code  0x080026d8     0x4  startup_stm32f407xx.o [1]
  .text              ro code  0x080026dc     0x4  startup_stm32f407xx.o [1]
  .text              ro code  0x080026e0     0x4  startup_stm32f407xx.o [1]
  .text              ro code  0x080026e4     0x4  startup_stm32f407xx.o [1]
  .text              ro code  0x080026e8     0x4  startup_stm32f407xx.o [1]
  .text              ro code  0x080026ec     0x4  startup_stm32f407xx.o [1]
  .text              ro code  0x080026f0     0x4  startup_stm32f407xx.o [1]
  .text              ro code  0x080026f4     0x4  startup_stm32f407xx.o [1]
  .text              ro code  0x080026f8     0x4  startup_stm32f407xx.o [1]
  .text              ro code  0x080026fc     0x4  startup_stm32f407xx.o [1]
  .text              ro code  0x08002700     0x4  startup_stm32f407xx.o [1]
  .text              ro code  0x08002704     0x4  startup_stm32f407xx.o [1]
  .text              ro code  0x08002708     0x4  startup_stm32f407xx.o [1]
  .text              ro code  0x0800270c     0x4  startup_stm32f407xx.o [1]
  .text              ro code  0x08002710     0x4  startup_stm32f407xx.o [1]
  .text              ro code  0x08002714     0x4  startup_stm32f407xx.o [1]
  .text              ro code  0x08002718     0x4  startup_stm32f407xx.o [1]
  .text              ro code  0x0800271c     0x4  startup_stm32f407xx.o [1]
  .text              ro code  0x08002720     0x4  startup_stm32f407xx.o [1]
  .text              ro code  0x08002724     0x4  startup_stm32f407xx.o [1]
  .text              ro code  0x08002728     0x4  startup_stm32f407xx.o [1]
  .text              ro code  0x0800272c     0x4  startup_stm32f407xx.o [1]
  .text              ro code  0x08002730     0x4  startup_stm32f407xx.o [1]
  .text              ro code  0x08002734     0x4  startup_stm32f407xx.o [1]
  .text              ro code  0x08002738     0x4  startup_stm32f407xx.o [1]
  .text              ro code  0x0800273c     0x4  startup_stm32f407xx.o [1]
  .text              ro code  0x08002740     0x4  startup_stm32f407xx.o [1]
  .text              ro code  0x08002744     0x4  startup_stm32f407xx.o [1]
  .text              ro code  0x08002748     0x4  startup_stm32f407xx.o [1]
  .text              ro code  0x0800274c     0x4  startup_stm32f407xx.o [1]
  .text              ro code  0x08002750     0x4  startup_stm32f407xx.o [1]
  .text              ro code  0x08002754     0x4  startup_stm32f407xx.o [1]
  .text              ro code  0x08002758     0x4  startup_stm32f407xx.o [1]
  .text              ro code  0x0800275c     0x4  startup_stm32f407xx.o [1]
  .text              ro code  0x08002760     0x4  startup_stm32f407xx.o [1]
  .text              ro code  0x08002764     0x4  startup_stm32f407xx.o [1]
  .text              ro code  0x08002768     0x4  startup_stm32f407xx.o [1]
  .text              ro code  0x0800276c     0x4  startup_stm32f407xx.o [1]
  .text              ro code  0x08002770     0x4  startup_stm32f407xx.o [1]
  .text              ro code  0x08002774     0x4  startup_stm32f407xx.o [1]
  .text              ro code  0x08002778     0x4  startup_stm32f407xx.o [1]
  .text              ro code  0x0800277c     0x4  startup_stm32f407xx.o [1]
  .text              ro code  0x08002780     0x4  startup_stm32f407xx.o [1]
  .text              ro code  0x08002784     0x4  startup_stm32f407xx.o [1]
  .rodata            const    0x08002788     0x0  zero_init3.o [5]
  .rodata            const    0x08002788     0x0  copy_init3.o [5]
  Initializer bytes  ro data  0x08002788    0xac  <for P2 s0>
                            - 0x08002834  0x26ac

"P2", part 1 of 3:                          0xac
  P2 s0                       0x20000000    0xac  <Init block>
    .data            inited   0x20000000    0x9c  tasks.o [1]
    .data            inited   0x2000009c     0xc  port.o [1]
    .data            inited   0x200000a8     0x4  system_stm32f4xx.o [1]
                            - 0x200000ac    0xac

"P2", part 2 of 3:                        0x3cfc
  .bss               zero     0x200000ac  0x3c18  heap_4.o [1]
  .bss               zero     0x20003cc4    0x8c  tasks.o [1]
  .bss               zero     0x20003d50    0x40  main.o [1]
  .bss               zero     0x20003d90    0x10  main.o [1]
  .bss               zero     0x20003da0     0x4  stm32f4xx_hal.o [1]
                            - 0x20003da4  0x3cf8

"P2", part 3 of 3:                         0x400
  CSTACK                      0x20003da8   0x400  <Block>
    CSTACK           uninit   0x20003da8   0x400  <Block tail>
                            - 0x200041a8   0x400


*******************************************************************************
*** INIT TABLE
***

          Address     Size
          -------     ----
Zero (__iar_zero_init3)
    1 destination range, total size 0x3cf8:
          0x200000ac  0x3cf8

Copy (__iar_copy_init3)
    1 source range, total size 0xac:
          0x08002788    0xac
    1 destination range, total size 0xac:
          0x20000000    0xac



*******************************************************************************
*** MODULE SUMMARY
***

    Module                  ro code  ro data  rw data
    ------                  -------  -------  -------
C:\Users\dongh\Documents\IAR Workspace\17_RTOS_Queue\EWARM\17_RTOS_Queue Configuration\Obj: [1]
    cmsis_os.o                  124
    heap_4.o                    488            15 384
    list.o                      144
    main.o                      976       20       80
    port.o                      432       12       12
    portasm.o                   168
    queue.o                     896
    startup_stm32f407xx.o       752
    stm32f4xx_hal.o             100                 4
    stm32f4xx_hal_cortex.o      260
    stm32f4xx_hal_gpio.o        484
    stm32f4xx_hal_msp.o         124
    stm32f4xx_hal_rcc.o       1 400
    stm32f4xx_hal_uart.o      1 136
    stm32f4xx_it.o               16
    system_stm32f4xx.o           80        4        4
    tasks.o                   2 004      156      296
    -------------------------------------------------
    Total:                    9 584      192   15 780

command line: [2]
    -------------------------------------------------
    Total:

dl7M_tlf.a: [3]
    exit.o                        4
    low_level_init.o              4
    memcpy.o                     12
    memset.o                     20
    -------------------------------------------------
    Total:                       40

m7M_tlv.a: [4]
    fpinit_M.o                   26
    -------------------------------------------------
    Total:                       26

rt7M_tl.a: [5]
    ABImemcpy_unaligned.o       118
    ABImemset.o                 102
    cexit.o                      10
    cmain.o                      26
    copy_init3.o                 46
    cstartup_M.o                 12
    data_init.o                  40
    zero_init3.o                 34
    -------------------------------------------------
    Total:                      388

shb_l.a: [6]
    exit.o                       20
    -------------------------------------------------
    Total:                       20

    Gaps                          6
    Linker created                        36    1 024
-----------------------------------------------------
    Grand Total:             10 064      228   16 804


*******************************************************************************
*** ENTRY LIST
***

Entry                      Address    Size  Type      Object
-----                      -------    ----  ----      ------
?main                   0x080025ad          Code  Gb  cmain.o [5]
APBAHBPrescTable        0x0800143c    0x10  Data  Gb  stm32f4xx_hal_rcc.o [1]
CSTACK$$Base            0x20003da8           --   Gb  - Linker created -
CSTACK$$Limit           0x200041a8           --   Gb  - Linker created -
HAL_GPIO_Init           0x08001631   0x1b4  Code  Gb  stm32f4xx_hal_gpio.o [1]
HAL_GetTick             0x080014a1     0x6  Code  Wk  stm32f4xx_hal.o [1]
HAL_Init                0x0800144d    0x30  Code  Gb  stm32f4xx_hal.o [1]
HAL_InitTick            0x0800147d    0x24  Code  Wk  stm32f4xx_hal.o [1]
HAL_MspInit             0x080015b5    0x18  Code  Gb  stm32f4xx_hal_msp.o [1]
HAL_NVIC_EnableIRQ      0x0800157f     0x2  Code  Gb  stm32f4xx_hal_cortex.o [1]
HAL_NVIC_SetPriority    0x08001561    0x1e  Code  Gb  stm32f4xx_hal_cortex.o [1]
HAL_NVIC_SetPriorityGrouping
                        0x0800155f     0x2  Code  Gb  stm32f4xx_hal_cortex.o [1]
HAL_RCC_ClockConfig     0x08001171   0x1fc  Code  Gb  stm32f4xx_hal_rcc.o [1]
HAL_RCC_GetHCLKFreq     0x080013c1    0x1e  Code  Gb  stm32f4xx_hal_rcc.o [1]
HAL_RCC_GetPCLK1Freq    0x080013df    0x18  Code  Gb  stm32f4xx_hal_rcc.o [1]
HAL_RCC_GetPCLK2Freq    0x080013f7    0x18  Code  Gb  stm32f4xx_hal_rcc.o [1]
HAL_RCC_GetSysClockFreq
                        0x0800136d    0x54  Code  Wk  stm32f4xx_hal_rcc.o [1]
HAL_RCC_OscConfig       0x08000ed5   0x29c  Code  Wk  stm32f4xx_hal_rcc.o [1]
HAL_SYSTICK_CLKSourceConfig
                        0x08001583    0x18  Code  Gb  stm32f4xx_hal_cortex.o [1]
HAL_SYSTICK_Config      0x08001581     0x2  Code  Gb  stm32f4xx_hal_cortex.o [1]
HAL_UART_ErrorCallback  0x080019a3     0x2  Code  Wk  stm32f4xx_hal_uart.o [1]
HAL_UART_IRQHandler     0x08001875   0x12a  Code  Gb  stm32f4xx_hal_uart.o [1]
HAL_UART_Init           0x08001815    0x60  Code  Gb  stm32f4xx_hal_uart.o [1]
HAL_UART_MspInit        0x080015cd    0x56  Code  Gb  stm32f4xx_hal_msp.o [1]
HAL_UART_RxCpltCallback
                        0x080019a1     0x2  Code  Wk  stm32f4xx_hal_uart.o [1]
HAL_UART_TxCpltCallback
                        0x0800199f     0x2  Code  Wk  stm32f4xx_hal_uart.o [1]
MX_GPIO_Init            0x08001dbb   0x200  Code  Lc  main.o [1]
MX_USART2_UART_Init     0x08001d9b    0x20  Code  Lc  main.o [1]
NVIC_EnableIRQ          0x080014d5    0x12  Code  Lc  stm32f4xx_hal_cortex.o [1]
NVIC_EncodePriority     0x08001501    0x36  Code  Lc  stm32f4xx_hal_cortex.o [1]
NVIC_GetPriorityGrouping
                        0x080014cb     0xa  Code  Lc  stm32f4xx_hal_cortex.o [1]
NVIC_SetPriority        0x080014e7    0x1a  Code  Lc  stm32f4xx_hal_cortex.o [1]
NVIC_SetPriorityGrouping
                        0x080014b1    0x1a  Code  Lc  stm32f4xx_hal_cortex.o [1]
PendSV_Handler          0x08000d99          Code  Gb  portasm.o [1]
Region$$Table$$Base     0x0800256c           --   Gb  - Linker created -
Region$$Table$$Limit    0x08002590           --   Gb  - Linker created -
SVC_Handler             0x08000df1          Code  Gb  portasm.o [1]
StartDefaultTask        0x08001fbb     0xa  Code  Gb  main.o [1]
SysTick_Config          0x08001537    0x28  Code  Lc  stm32f4xx_hal_cortex.o [1]
SysTick_Handler         0x08002615     0x4  Code  Gb  stm32f4xx_it.o [1]
SystemClock_Config      0x08001cf9    0xa2  Code  Gb  main.o [1]
SystemCoreClock         0x200000a8     0x4  Data  Gb  system_stm32f4xx.o [1]
SystemInit              0x080024f5    0x3a  Code  Gb  system_stm32f4xx.o [1]
UART2RxBufferHandle     0x20003d9c     0x4  Data  Gb  main.o [1]
UART2TxBufferHandle     0x20003d98     0x4  Data  Gb  main.o [1]
UART2TxHandle           0x20003d94     0x4  Data  Gb  main.o [1]
UART2TxTask             0x08001fc5    0x1a  Code  Gb  main.o [1]
UART_EndTransmit_IT     0x08001a0b    0x2a  Code  Lc  stm32f4xx_hal_uart.o [1]
UART_Receive_IT         0x08001a35    0xaa  Code  Lc  stm32f4xx_hal_uart.o [1]
UART_SetConfig          0x08001adf   0x196  Code  Lc  stm32f4xx_hal_uart.o [1]
UART_Transmit_IT        0x080019a5    0x66  Code  Lc  stm32f4xx_hal_uart.o [1]
USART2_IRQHandler       0x08002619     0x6  Code  Gb  stm32f4xx_it.o [1]
__aeabi_memset          0x08000e41          Code  Gb  ABImemset.o [5]
__cmain                 0x080025ad          Code  Gb  cmain.o [5]
__exit                  0x080025dd    0x14  Code  Gb  exit.o [6]
__iar_Memset            0x08000e41          Code  Gb  ABImemset.o [5]
__iar_Memset_word       0x08000e49          Code  Gb  ABImemset.o [5]
__iar_copy_init3        0x08000ea7    0x2e  Code  Gb  copy_init3.o [5]
__iar_data_init3        0x08002545    0x28  Code  Gb  data_init.o [5]
__iar_init_vfp          0x08002591          Code  Gb  fpinit_M.o [4]
__iar_program_start     0x08002625          Code  Gb  cstartup_M.o [5]
__iar_unaligned___aeabi_memcpy
                        0x08002055          Code  Gb  ABImemcpy_unaligned.o [5]
__iar_unaligned___aeabi_memcpy4
                        0x08002075          Code  Gb  ABImemcpy_unaligned.o [5]
__iar_unaligned___aeabi_memcpy8
                        0x08002075          Code  Gb  ABImemcpy_unaligned.o [5]
__iar_zero_init3        0x080020cb    0x22  Code  Gb  zero_init3.o [5]
__low_level_init        0x080025c7     0x4  Code  Gb  low_level_init.o [3]
__vector_table          0x08000000          Data  Gb  startup_stm32f407xx.o [1]
_call_main              0x080025b9          Code  Gb  cmain.o [5]
_exit                   0x080025d1          Code  Gb  cexit.o [5]
_main                   0x080025c3          Code  Gb  cmain.o [5]
defaultTaskHandle       0x20003d90     0x4  Data  Gb  main.o [1]
exit                    0x080025cb     0x4  Code  Gb  exit.o [3]
huart2                  0x20003d50    0x40  Data  Gb  main.o [1]
main                    0x08001c85    0x74  Code  Gb  main.o [1]
makeFreeRtosPriority    0x080020ed     0xc  Code  Lc  cmsis_os.o [1]
memcpy                  0x080024e9     0xc  Code  Gb  memcpy.o [3]
memset                  0x08000d85    0x14  Code  Gb  memset.o [3]
osDelay                 0x0800213b    0x10  Code  Gb  cmsis_os.o [1]
osKernelStart           0x080020f9     0xa  Code  Gb  cmsis_os.o [1]
osMessageCreate         0x0800214b     0xa  Code  Gb  cmsis_os.o [1]
osSystickHandler        0x08002155    0x14  Code  Gb  cmsis_os.o [1]
osThreadCreate          0x08002103    0x38  Code  Gb  cmsis_os.o [1]
prvAddCurrentTaskToDelayedList
                        0x080007f1    0x32  Code  Lc  tasks.o [1]
prvAllocateTCBAndStack  0x08000823    0x3e  Code  Lc  tasks.o [1]
prvCheckTasksWaitingTermination
                        0x080007ab    0x46  Code  Lc  tasks.o [1]
prvCopyDataToQueue      0x080023e5    0x7a  Code  Lc  queue.o [1]
prvDeleteTCB            0x08000861    0x14  Code  Lc  tasks.o [1]
prvHeapInit             0x08000cdd    0x52  Code  Lc  heap_4.o [1]
prvIdleTask             0x080006e5    0x20  Code  Lc  tasks.o [1]
prvInitialiseTCBVariables
                        0x08000705    0x58  Code  Lc  tasks.o [1]
prvInitialiseTaskLists  0x0800075d    0x4e  Code  Lc  tasks.o [1]
prvInsertBlockIntoFreeList
                        0x08000d2f    0x4e  Code  Lc  heap_4.o [1]
prvIsQueueFull          0x080024c7    0x1e  Code  Lc  queue.o [1]
prvResetNextTaskUnblockTime
                        0x08000875    0x1e  Code  Lc  tasks.o [1]
prvTaskExitError        0x08000981    0x28  Code  Lc  port.o [1]
prvUnlockQueue          0x0800245f    0x68  Code  Lc  queue.o [1]
pvPortMalloc            0x08000b9d    0xd8  Code  Gb  heap_4.o [1]
pxCurrentTCB            0x20000028     0x4  Data  Gb  tasks.o [1]
pxDelayedTaskList       0x2000002c     0x4  Data  Lc  tasks.o [1]
pxEnd                   0x200000b4     0x4  Data  Lc  heap_4.o [1]
pxOverflowDelayedTaskList
                        0x20000030     0x4  Data  Lc  tasks.o [1]
pxPortInitialiseStack   0x0800095d    0x24  Code  Gb  port.o [1]
pxReadyTasksLists       0x20003cc4    0x8c  Data  Lc  tasks.o [1]
ucHeap                  0x200000c4  0x3c00  Data  Lc  heap_4.o [1]
ucMaxSysCallPriority    0x2000009c     0x1  Data  Lc  port.o [1]
ulMaxPRIGROUPValue      0x200000a4     0x4  Data  Lc  port.o [1]
uwTick                  0x20003da0     0x4  Data  Lc  stm32f4xx_hal.o [1]
uxCriticalNesting       0x200000a0     0x4  Data  Lc  port.o [1]
uxCurrentNumberOfTasks  0x2000004c     0x4  Data  Lc  tasks.o [1]
uxListRemove            0x08000b79    0x24  Code  Gb  list.o [1]
uxPendedTicks           0x2000005c     0x4  Data  Lc  tasks.o [1]
uxSchedulerSuspended    0x20000070     0x4  Data  Lc  tasks.o [1]
uxTaskNumber            0x20000068     0x4  Data  Lc  tasks.o [1]
uxTasksDeleted          0x20000034     0x4  Data  Lc  tasks.o [1]
uxTopReadyPriority      0x20000054     0x4  Data  Lc  tasks.o [1]
vListInitialise         0x08000b0d    0x1a  Code  Gb  list.o [1]
vListInitialiseItem     0x08000b27     0x6  Code  Gb  list.o [1]
vListInsert             0x08000b45    0x34  Code  Gb  list.o [1]
vListInsertEnd          0x08000b2d    0x18  Code  Gb  list.o [1]
vPortEnableVFP          0x08000e25          Code  Gb  portasm.o [1]
vPortEnterCritical      0x08000a51    0x32  Code  Gb  port.o [1]
vPortExitCritical       0x08000a83    0x26  Code  Gb  port.o [1]
vPortFree               0x08000c75    0x68  Code  Gb  heap_4.o [1]
vPortSetupTimerInterrupt
                        0x08000ad1    0x18  Code  Wk  port.o [1]
vPortStartFirstTask     0x08000e0d          Code  Gb  portasm.o [1]
vTaskDelay              0x080002a9    0x6c  Code  Gb  tasks.o [1]
vTaskMissedYield        0x080006db     0x8  Code  Gb  tasks.o [1]
vTaskPlaceOnEventList   0x08000571    0x62  Code  Gb  tasks.o [1]
vTaskSetTimeOutState    0x08000645    0x22  Code  Gb  tasks.o [1]
vTaskStartScheduler     0x08000315    0x5e  Code  Gb  tasks.o [1]
vTaskSuspendAll         0x0800037d     0xc  Code  Gb  tasks.o [1]
vTaskSwitchContext      0x08000517    0x5a  Code  Gb  tasks.o [1]
xBlockAllocatedBit      0x200000c0     0x4  Data  Lc  heap_4.o [1]
xDelayedTaskList1       0x20000074    0x14  Data  Lc  tasks.o [1]
xDelayedTaskList2       0x20000088    0x14  Data  Lc  tasks.o [1]
xFreeBytesRemaining     0x200000b8     0x4  Data  Lc  heap_4.o [1]
xMinimumEverFreeBytesRemaining
                        0x200000bc     0x4  Data  Lc  heap_4.o [1]
xNextTaskUnblockTime    0x2000006c     0x4  Data  Lc  tasks.o [1]
xNumOfOverflows         0x20000064     0x4  Data  Lc  tasks.o [1]
xPendingReadyList       0x20000000    0x14  Data  Lc  tasks.o [1]
xPortStartScheduler     0x080009a9    0xa8  Code  Gb  port.o [1]
xPortSysTickHandler     0x08000aa9    0x28  Code  Gb  port.o [1]
xQueueGenericCreate     0x080021f3    0x7e  Code  Gb  queue.o [1]
xQueueGenericReset      0x08002169    0x8a  Code  Gb  queue.o [1]
xQueueGenericSend       0x08002271   0x174  Code  Gb  queue.o [1]
xSchedulerRunning       0x20000058     0x4  Data  Lc  tasks.o [1]
xStart                  0x200000ac     0x8  Data  Lc  heap_4.o [1]
xSuspendedTaskList      0x20000038    0x14  Data  Lc  tasks.o [1]
xTaskCheckForTimeOut    0x08000667    0x74  Code  Gb  tasks.o [1]
xTaskGenericCreate      0x08000189   0x120  Code  Gb  tasks.o [1]
xTaskGetSchedulerState  0x08000893    0x1c  Code  Gb  tasks.o [1]
xTaskIncrementTick      0x08000445    0xd2  Code  Gb  tasks.o [1]
xTaskPriorityDisinherit
                        0x080008bd    0x94  Code  Gb  tasks.o [1]
xTaskRemoveFromEventList
                        0x080005d3    0x72  Code  Gb  tasks.o [1]
xTaskResumeAll          0x08000389    0xbc  Code  Gb  tasks.o [1]
xTasksWaitingTermination
                        0x20000014    0x14  Data  Lc  tasks.o [1]
xTickCount              0x20000050     0x4  Data  Lc  tasks.o [1]
xYieldPending           0x20000060     0x4  Data  Lc  tasks.o [1]


[1] = C:\Users\dongh\Documents\IAR Workspace\17_RTOS_Queue\EWARM\17_RTOS_Queue Configuration\Obj
[2] = command line
[3] = dl7M_tlf.a
[4] = m7M_tlv.a
[5] = rt7M_tl.a
[6] = shb_l.a

  10 064 bytes of readonly  code memory
     228 bytes of readonly  data memory
  16 804 bytes of readwrite data memory

Errors: none
Warnings: none
