###############################################################################
#
# IAR ELF Linker V7.10.1.6676/W32 for ARM                 10/Jan/2016  18:43:30
# Copyright 2007-2014 IAR Systems AB.
#
#    Output file  =  
#        C:\Users\DongHoonPark\Documents\IAR
#        Workspace\01_GPIO_Using_Basic_GPIO_1\EWARM\01_GPIO_Using_Basic_GPIO_1
#        Configuration\Exe\01_GPIO_Using_Basic_GPIO_1 Configuration.out
#    Map file     =  
#        C:\Users\DongHoonPark\Documents\IAR
#        Workspace\01_GPIO_Using_Basic_GPIO_1\EWARM\01_GPIO_Using_Basic_GPIO_1
#        Configuration/List\01_GPIO_Using_Basic_GPIO_1 Configuration.map
#    Command line =  
#        "C:\Users\DongHoonPark\Documents\IAR
#        Workspace\01_GPIO_Using_Basic_GPIO_1\EWARM\01_GPIO_Using_Basic_GPIO_1
#        Configuration\Obj\main.o" "C:\Users\DongHoonPark\Documents\IAR
#        Workspace\01_GPIO_Using_Basic_GPIO_1\EWARM\01_GPIO_Using_Basic_GPIO_1
#        Configuration\Obj\startup_stm32f407xx.o"
#        "C:\Users\DongHoonPark\Documents\IAR
#        Workspace\01_GPIO_Using_Basic_GPIO_1\EWARM\01_GPIO_Using_Basic_GPIO_1
#        Configuration\Obj\stm32f4xx_hal.o"
#        "C:\Users\DongHoonPark\Documents\IAR
#        Workspace\01_GPIO_Using_Basic_GPIO_1\EWARM\01_GPIO_Using_Basic_GPIO_1
#        Configuration\Obj\stm32f4xx_hal_cortex.o"
#        "C:\Users\DongHoonPark\Documents\IAR
#        Workspace\01_GPIO_Using_Basic_GPIO_1\EWARM\01_GPIO_Using_Basic_GPIO_1
#        Configuration\Obj\stm32f4xx_hal_dma.o"
#        "C:\Users\DongHoonPark\Documents\IAR
#        Workspace\01_GPIO_Using_Basic_GPIO_1\EWARM\01_GPIO_Using_Basic_GPIO_1
#        Configuration\Obj\stm32f4xx_hal_dma_ex.o"
#        "C:\Users\DongHoonPark\Documents\IAR
#        Workspace\01_GPIO_Using_Basic_GPIO_1\EWARM\01_GPIO_Using_Basic_GPIO_1
#        Configuration\Obj\stm32f4xx_hal_flash.o"
#        "C:\Users\DongHoonPark\Documents\IAR
#        Workspace\01_GPIO_Using_Basic_GPIO_1\EWARM\01_GPIO_Using_Basic_GPIO_1
#        Configuration\Obj\stm32f4xx_hal_flash_ex.o"
#        "C:\Users\DongHoonPark\Documents\IAR
#        Workspace\01_GPIO_Using_Basic_GPIO_1\EWARM\01_GPIO_Using_Basic_GPIO_1
#        Configuration\Obj\stm32f4xx_hal_flash_ramfunc.o"
#        "C:\Users\DongHoonPark\Documents\IAR
#        Workspace\01_GPIO_Using_Basic_GPIO_1\EWARM\01_GPIO_Using_Basic_GPIO_1
#        Configuration\Obj\stm32f4xx_hal_gpio.o"
#        "C:\Users\DongHoonPark\Documents\IAR
#        Workspace\01_GPIO_Using_Basic_GPIO_1\EWARM\01_GPIO_Using_Basic_GPIO_1
#        Configuration\Obj\stm32f4xx_hal_msp.o"
#        "C:\Users\DongHoonPark\Documents\IAR
#        Workspace\01_GPIO_Using_Basic_GPIO_1\EWARM\01_GPIO_Using_Basic_GPIO_1
#        Configuration\Obj\stm32f4xx_hal_pwr.o"
#        "C:\Users\DongHoonPark\Documents\IAR
#        Workspace\01_GPIO_Using_Basic_GPIO_1\EWARM\01_GPIO_Using_Basic_GPIO_1
#        Configuration\Obj\stm32f4xx_hal_pwr_ex.o"
#        "C:\Users\DongHoonPark\Documents\IAR
#        Workspace\01_GPIO_Using_Basic_GPIO_1\EWARM\01_GPIO_Using_Basic_GPIO_1
#        Configuration\Obj\stm32f4xx_hal_rcc.o"
#        "C:\Users\DongHoonPark\Documents\IAR
#        Workspace\01_GPIO_Using_Basic_GPIO_1\EWARM\01_GPIO_Using_Basic_GPIO_1
#        Configuration\Obj\stm32f4xx_hal_rcc_ex.o"
#        "C:\Users\DongHoonPark\Documents\IAR
#        Workspace\01_GPIO_Using_Basic_GPIO_1\EWARM\01_GPIO_Using_Basic_GPIO_1
#        Configuration\Obj\stm32f4xx_it.o" "C:\Users\DongHoonPark\Documents\IAR
#        Workspace\01_GPIO_Using_Basic_GPIO_1\EWARM\01_GPIO_Using_Basic_GPIO_1
#        Configuration\Obj\system_stm32f4xx.o" --redirect _Printf=_PrintfFull
#        --redirect _Scanf=_ScanfFull -o "C:\Users\DongHoonPark\Documents\IAR
#        Workspace\01_GPIO_Using_Basic_GPIO_1\EWARM\01_GPIO_Using_Basic_GPIO_1
#        Configuration\Exe\01_GPIO_Using_Basic_GPIO_1 Configuration.out" --map
#        "C:\Users\DongHoonPark\Documents\IAR
#        Workspace\01_GPIO_Using_Basic_GPIO_1\EWARM\01_GPIO_Using_Basic_GPIO_1
#        Configuration/List\01_GPIO_Using_Basic_GPIO_1 Configuration.map"
#        --config "C:\Users\DongHoonPark\Documents\IAR
#        Workspace\01_GPIO_Using_Basic_GPIO_1\EWARM/stm32f407xx_flash.icf"
#        --semihosting --entry __iar_program_start --vfe
#
###############################################################################

*******************************************************************************
*** RUNTIME MODEL ATTRIBUTES
***

CppFlavor       = *
__SystemLibrary = DLib


*******************************************************************************
*** PLACEMENT SUMMARY
***

"A1":  place at 0x08000000 { ro section .intvec };
"P1":  place in [from 0x08000000 to 0x080fffff] { ro };
"P2":  place in [from 0x20000000 to 0x2001ffff] { rw, block CSTACK, block HEAP };

  Section            Kind        Address    Size  Object
  -------            ----        -------    ----  ------
"A1":                                      0x188
  .intvec            ro code  0x08000000   0x188  startup_stm32f407xx.o [1]
                            - 0x08000188   0x188

"P1":                                     0x1194
  .text              ro code  0x08000188   0x718  stm32f4xx_hal_rcc.o [1]
  .text              ro code  0x080008a0    0x94  stm32f4xx_hal.o [1]
  .text              ro code  0x08000934   0x142  stm32f4xx_hal_cortex.o [1]
  .text              ro code  0x08000a76    0x16  stm32f4xx_hal_msp.o [1]
  .text              ro code  0x08000a8c   0x364  main.o [1]
  .text              ro code  0x08000df0   0x248  stm32f4xx_hal_gpio.o [1]
  .text              ro code  0x08001038    0x6c  system_stm32f4xx.o [1]
  .text              ro code  0x080010a4    0x2e  copy_init3.o [5]
  .text              ro code  0x080010d4    0x28  data_init.o [5]
  .iar.init_table    const    0x080010fc    0x14  - Linker created -
  .text              ro code  0x08001110    0x1a  fpinit_M.o [4]
  .text              ro code  0x0800112c    0x1a  cmain.o [5]
  .text              ro code  0x08001146     0x4  low_level_init.o [3]
  .text              ro code  0x0800114a     0x4  exit.o [3]
  .text              ro code  0x08001150     0xa  cexit.o [5]
  .text              ro code  0x0800115c    0x14  exit.o [6]
  .rodata            const    0x08001170    0x10  stm32f4xx_hal_rcc.o [1]
  .text              ro code  0x08001180    0x10  startup_stm32f407xx.o [1]
  .text              ro code  0x08001190     0xc  stm32f4xx_it.o [1]
  .text              ro code  0x0800119c     0xc  cstartup_M.o [5]
  .text              ro code  0x080011a8     0x4  startup_stm32f407xx.o [1]
  .text              ro code  0x080011ac     0x4  startup_stm32f407xx.o [1]
  .text              ro code  0x080011b0     0x4  startup_stm32f407xx.o [1]
  .text              ro code  0x080011b4     0x4  startup_stm32f407xx.o [1]
  .text              ro code  0x080011b8     0x4  startup_stm32f407xx.o [1]
  .text              ro code  0x080011bc     0x4  startup_stm32f407xx.o [1]
  .text              ro code  0x080011c0     0x4  startup_stm32f407xx.o [1]
  .text              ro code  0x080011c4     0x4  startup_stm32f407xx.o [1]
  .text              ro code  0x080011c8     0x4  startup_stm32f407xx.o [1]
  .text              ro code  0x080011cc     0x4  startup_stm32f407xx.o [1]
  .text              ro code  0x080011d0     0x4  startup_stm32f407xx.o [1]
  .text              ro code  0x080011d4     0x4  startup_stm32f407xx.o [1]
  .text              ro code  0x080011d8     0x4  startup_stm32f407xx.o [1]
  .text              ro code  0x080011dc     0x4  startup_stm32f407xx.o [1]
  .text              ro code  0x080011e0     0x4  startup_stm32f407xx.o [1]
  .text              ro code  0x080011e4     0x4  startup_stm32f407xx.o [1]
  .text              ro code  0x080011e8     0x4  startup_stm32f407xx.o [1]
  .text              ro code  0x080011ec     0x4  startup_stm32f407xx.o [1]
  .text              ro code  0x080011f0     0x4  startup_stm32f407xx.o [1]
  .text              ro code  0x080011f4     0x4  startup_stm32f407xx.o [1]
  .text              ro code  0x080011f8     0x4  startup_stm32f407xx.o [1]
  .text              ro code  0x080011fc     0x4  startup_stm32f407xx.o [1]
  .text              ro code  0x08001200     0x4  startup_stm32f407xx.o [1]
  .text              ro code  0x08001204     0x4  startup_stm32f407xx.o [1]
  .text              ro code  0x08001208     0x4  startup_stm32f407xx.o [1]
  .text              ro code  0x0800120c     0x4  startup_stm32f407xx.o [1]
  .text              ro code  0x08001210     0x4  startup_stm32f407xx.o [1]
  .text              ro code  0x08001214     0x4  startup_stm32f407xx.o [1]
  .text              ro code  0x08001218     0x4  startup_stm32f407xx.o [1]
  .text              ro code  0x0800121c     0x4  startup_stm32f407xx.o [1]
  .text              ro code  0x08001220     0x4  startup_stm32f407xx.o [1]
  .text              ro code  0x08001224     0x4  startup_stm32f407xx.o [1]
  .text              ro code  0x08001228     0x4  startup_stm32f407xx.o [1]
  .text              ro code  0x0800122c     0x4  startup_stm32f407xx.o [1]
  .text              ro code  0x08001230     0x4  startup_stm32f407xx.o [1]
  .text              ro code  0x08001234     0x4  startup_stm32f407xx.o [1]
  .text              ro code  0x08001238     0x4  startup_stm32f407xx.o [1]
  .text              ro code  0x0800123c     0x4  startup_stm32f407xx.o [1]
  .text              ro code  0x08001240     0x4  startup_stm32f407xx.o [1]
  .text              ro code  0x08001244     0x4  startup_stm32f407xx.o [1]
  .text              ro code  0x08001248     0x4  startup_stm32f407xx.o [1]
  .text              ro code  0x0800124c     0x4  startup_stm32f407xx.o [1]
  .text              ro code  0x08001250     0x4  startup_stm32f407xx.o [1]
  .text              ro code  0x08001254     0x4  startup_stm32f407xx.o [1]
  .text              ro code  0x08001258     0x4  startup_stm32f407xx.o [1]
  .text              ro code  0x0800125c     0x4  startup_stm32f407xx.o [1]
  .text              ro code  0x08001260     0x4  startup_stm32f407xx.o [1]
  .text              ro code  0x08001264     0x4  startup_stm32f407xx.o [1]
  .text              ro code  0x08001268     0x4  startup_stm32f407xx.o [1]
  .text              ro code  0x0800126c     0x4  startup_stm32f407xx.o [1]
  .text              ro code  0x08001270     0x4  startup_stm32f407xx.o [1]
  .text              ro code  0x08001274     0x4  startup_stm32f407xx.o [1]
  .text              ro code  0x08001278     0x4  startup_stm32f407xx.o [1]
  .text              ro code  0x0800127c     0x4  startup_stm32f407xx.o [1]
  .text              ro code  0x08001280     0x4  startup_stm32f407xx.o [1]
  .text              ro code  0x08001284     0x4  startup_stm32f407xx.o [1]
  .text              ro code  0x08001288     0x4  startup_stm32f407xx.o [1]
  .text              ro code  0x0800128c     0x4  startup_stm32f407xx.o [1]
  .text              ro code  0x08001290     0x4  startup_stm32f407xx.o [1]
  .text              ro code  0x08001294     0x4  startup_stm32f407xx.o [1]
  .text              ro code  0x08001298     0x4  startup_stm32f407xx.o [1]
  .text              ro code  0x0800129c     0x4  startup_stm32f407xx.o [1]
  .text              ro code  0x080012a0     0x4  startup_stm32f407xx.o [1]
  .text              ro code  0x080012a4     0x4  startup_stm32f407xx.o [1]
  .text              ro code  0x080012a8     0x4  startup_stm32f407xx.o [1]
  .text              ro code  0x080012ac     0x4  startup_stm32f407xx.o [1]
  .text              ro code  0x080012b0     0x4  startup_stm32f407xx.o [1]
  .text              ro code  0x080012b4     0x4  startup_stm32f407xx.o [1]
  .text              ro code  0x080012b8     0x4  startup_stm32f407xx.o [1]
  .text              ro code  0x080012bc     0x4  startup_stm32f407xx.o [1]
  .text              ro code  0x080012c0     0x4  startup_stm32f407xx.o [1]
  .text              ro code  0x080012c4     0x4  startup_stm32f407xx.o [1]
  .text              ro code  0x080012c8     0x4  startup_stm32f407xx.o [1]
  .text              ro code  0x080012cc     0x4  startup_stm32f407xx.o [1]
  .text              ro code  0x080012d0     0x4  startup_stm32f407xx.o [1]
  .text              ro code  0x080012d4     0x4  startup_stm32f407xx.o [1]
  .text              ro code  0x080012d8     0x4  startup_stm32f407xx.o [1]
  .text              ro code  0x080012dc     0x4  startup_stm32f407xx.o [1]
  .text              ro code  0x080012e0     0x4  startup_stm32f407xx.o [1]
  .text              ro code  0x080012e4     0x4  startup_stm32f407xx.o [1]
  .text              ro code  0x080012e8     0x4  startup_stm32f407xx.o [1]
  .text              ro code  0x080012ec     0x4  startup_stm32f407xx.o [1]
  .text              ro code  0x080012f0     0x4  startup_stm32f407xx.o [1]
  .text              ro code  0x080012f4     0x4  startup_stm32f407xx.o [1]
  .text              ro code  0x080012f8     0x4  startup_stm32f407xx.o [1]
  .text              ro code  0x080012fc     0x4  startup_stm32f407xx.o [1]
  .text              ro code  0x08001300     0x4  startup_stm32f407xx.o [1]
  .text              ro code  0x08001304     0x4  startup_stm32f407xx.o [1]
  .text              ro code  0x08001308     0x4  startup_stm32f407xx.o [1]
  .rodata            const    0x0800130c     0x0  copy_init3.o [5]
  Initializer bytes  ro data  0x0800130c    0x10  <for P2 s0>
                            - 0x0800131c  0x1194

"P2", part 1 of 2:                          0x10
  P2 s0                       0x20000000    0x10  <Init block>
    .data            inited   0x20000000     0x4  system_stm32f4xx.o [1]
    .bss             inited   0x20000004     0x4  main.o [1]
    .bss             inited   0x20000008     0x4  main.o [1]
    .bss             inited   0x2000000c     0x4  stm32f4xx_hal.o [1]
                            - 0x20000010    0x10

"P2", part 2 of 2:                         0x400
  CSTACK                      0x20000010   0x400  <Block>
    CSTACK           uninit   0x20000010   0x400  <Block tail>
                            - 0x20000410   0x400


*******************************************************************************
*** INIT TABLE
***

          Address     Size
          -------     ----
Copy (__iar_copy_init3)
    1 source range, total size 0x10:
          0x0800130c  0x10
    1 destination range, total size 0x10:
          0x20000000  0x10



*******************************************************************************
*** MODULE SUMMARY
***

    Module                  ro code  ro data  rw data
    ------                  -------  -------  -------
C:\Users\DongHoonPark\Documents\IAR Workspace\01_GPIO_Using_Basic_GPIO_1\EWARM\01_GPIO_Using_Basic_GPIO_1 Configuration\Obj: [1]
    main.o                      868        8        8
    startup_stm32f407xx.o       764
    stm32f4xx_hal.o             148        4        4
    stm32f4xx_hal_cortex.o      322
    stm32f4xx_hal_gpio.o        584
    stm32f4xx_hal_msp.o          22
    stm32f4xx_hal_rcc.o       1 816       16
    stm32f4xx_it.o               12
    system_stm32f4xx.o          108        4        4
    -------------------------------------------------
    Total:                    4 644       32       16

command line: [2]
    -------------------------------------------------
    Total:

dl7M_tlf.a: [3]
    exit.o                        4
    low_level_init.o              4
    -------------------------------------------------
    Total:                        8

m7M_tlv.a: [4]
    fpinit_M.o                   26
    -------------------------------------------------
    Total:                       26

rt7M_tl.a: [5]
    cexit.o                      10
    cmain.o                      26
    copy_init3.o                 46
    cstartup_M.o                 12
    data_init.o                  40
    -------------------------------------------------
    Total:                      134

shb_l.a: [6]
    exit.o                       20
    -------------------------------------------------
    Total:                       20

    Gaps                          8
    Linker created                        20    1 024
-----------------------------------------------------
    Grand Total:              4 840       52    1 040


*******************************************************************************
*** ENTRY LIST
***

Entry                      Address   Size  Type      Object
-----                      -------   ----  ----      ------
?main                   0x0800112d         Code  Gb  cmain.o [5]
APBAHBPrescTable        0x08001170   0x10  Data  Gb  stm32f4xx_hal_rcc.o [1]
CSTACK$$Base            0x20000010          --   Gb  - Linker created -
CSTACK$$Limit           0x20000410          --   Gb  - Linker created -
HAL_Delay               0x08000911   0x1a  Code  Wk  stm32f4xx_hal.o [1]
HAL_GPIO_Init           0x08000df1  0x1f8  Code  Gb  stm32f4xx_hal_gpio.o [1]
HAL_GPIO_WritePin       0x08000fe9   0x14  Code  Gb  stm32f4xx_hal_gpio.o [1]
HAL_GetTick             0x0800090b    0x6  Code  Wk  stm32f4xx_hal.o [1]
HAL_IncTick             0x080008ff    0xc  Code  Wk  stm32f4xx_hal.o [1]
HAL_Init                0x080008a1   0x3a  Code  Gb  stm32f4xx_hal.o [1]
HAL_InitTick            0x080008db   0x24  Code  Wk  stm32f4xx_hal.o [1]
HAL_MspInit             0x08000a77   0x16  Code  Gb  stm32f4xx_hal_msp.o [1]
HAL_NVIC_SetPriority    0x080009fd   0x26  Code  Gb  stm32f4xx_hal_cortex.o [1]
HAL_NVIC_SetPriorityGrouping
                        0x080009f1    0xc  Code  Gb  stm32f4xx_hal_cortex.o [1]
HAL_RCC_ClockConfig     0x0800050b  0x284  Code  Gb  stm32f4xx_hal_rcc.o [1]
HAL_RCC_GetHCLKFreq     0x08000833   0x28  Code  Gb  stm32f4xx_hal_rcc.o [1]
HAL_RCC_GetSysClockFreq
                        0x0800078f   0xa4  Code  Wk  stm32f4xx_hal_rcc.o [1]
HAL_RCC_OscConfig       0x08000189  0x382  Code  Wk  stm32f4xx_hal_rcc.o [1]
HAL_SYSTICK_CLKSourceConfig
                        0x08000a2f   0x20  Code  Gb  stm32f4xx_hal_cortex.o [1]
HAL_SYSTICK_Callback    0x08000a75    0x2  Code  Wk  stm32f4xx_hal_cortex.o [1]
HAL_SYSTICK_Config      0x08000a23    0xc  Code  Gb  stm32f4xx_hal_cortex.o [1]
HAL_SYSTICK_IRQHandler  0x08000a6d    0x8  Code  Gb  stm32f4xx_hal_cortex.o [1]
MX_GPIO_Init            0x08000b91  0x234  Code  Lc  main.o [1]
NVIC_EncodePriority     0x08000983   0x3e  Code  Lc  stm32f4xx_hal_cortex.o [1]
NVIC_GetPriorityGrouping
                        0x08000953    0xa  Code  Lc  stm32f4xx_hal_cortex.o [1]
NVIC_SetPriority        0x0800095d   0x26  Code  Lc  stm32f4xx_hal_cortex.o [1]
NVIC_SetPriorityGrouping
                        0x08000935   0x1e  Code  Lc  stm32f4xx_hal_cortex.o [1]
Region$$Table$$Base     0x080010fc          --   Gb  - Linker created -
Region$$Table$$Limit    0x08001110          --   Gb  - Linker created -
SysTick_Config          0x080009c1   0x30  Code  Lc  stm32f4xx_hal_cortex.o [1]
SysTick_Handler         0x08001191    0xc  Code  Gb  stm32f4xx_it.o [1]
SystemClock_Config      0x08000ae5   0xac  Code  Gb  main.o [1]
SystemCoreClock         0x20000000    0x4  Data  Gb  system_stm32f4xx.o [1]
SystemInit              0x08001039   0x4c  Code  Gb  system_stm32f4xx.o [1]
__cmain                 0x0800112d         Code  Gb  cmain.o [5]
__exit                  0x0800115d   0x14  Code  Gb  exit.o [6]
__iar_copy_init3        0x080010a5   0x2e  Code  Gb  copy_init3.o [5]
__iar_data_init3        0x080010d5   0x28  Code  Gb  data_init.o [5]
__iar_init_vfp          0x08001111         Code  Gb  fpinit_M.o [4]
__iar_program_start     0x0800119d         Code  Gb  cstartup_M.o [5]
__low_level_init        0x08001147    0x4  Code  Gb  low_level_init.o [3]
__vector_table          0x08000000         Data  Gb  startup_stm32f407xx.o [1]
_call_main              0x08001139         Code  Gb  cmain.o [5]
_exit                   0x08001151         Code  Gb  cexit.o [5]
_main                   0x08001143         Code  Gb  cmain.o [5]
exit                    0x0800114b    0x4  Code  Gb  exit.o [3]
i                       0x20000004    0x4  Data  Gb  main.o [1]
j                       0x20000008    0x4  Data  Gb  main.o [1]
main                    0x08000a8d   0x58  Code  Gb  main.o [1]
uwTick                  0x2000000c    0x4  Data  Lc  stm32f4xx_hal.o [1]


[1] = C:\Users\DongHoonPark\Documents\IAR Workspace\01_GPIO_Using_Basic_GPIO_1\EWARM\01_GPIO_Using_Basic_GPIO_1 Configuration\Obj
[2] = command line
[3] = dl7M_tlf.a
[4] = m7M_tlv.a
[5] = rt7M_tl.a
[6] = shb_l.a

  4 840 bytes of readonly  code memory
     52 bytes of readonly  data memory
  1 040 bytes of readwrite data memory

Errors: none
Warnings: none
