###############################################################################
#                                                                             #
# IAR ELF Linker V6.30.6.53336/W32 for ARM              28/Dec/2015  18:59:54 #
# Copyright 2007-2012 IAR Systems AB.                                         #
#                                                                             #
#    Output file  =  C:\Users\dongh\Documents\IAR                             #
#                    Workspace\05_Timer_Timer_Interrupt_01\EWARM\05_Timer_Tim #
#                    er_Interrupt_01 Configuration\Exe\05_Timer_Timer_Interru #
#                    pt_01 Configuration.out                                  #
#    Map file     =  C:\Users\dongh\Documents\IAR                             #
#                    Workspace\05_Timer_Timer_Interrupt_01\EWARM\05_Timer_Tim #
#                    er_Interrupt_01 Configuration/List\05_Timer_Timer_Interr #
#                    upt_01 Configuration.map                                 #
#    Command line =  "C:\Users\dongh\Documents\IAR                            #
#                    Workspace\05_Timer_Timer_Interrupt_01\EWARM\05_Timer_Tim #
#                    er_Interrupt_01 Configuration\Obj\main.o"                #
#                    "C:\Users\dongh\Documents\IAR                            #
#                    Workspace\05_Timer_Timer_Interrupt_01\EWARM\05_Timer_Tim #
#                    er_Interrupt_01 Configuration\Obj\startup_stm32f407xx.o" #
#                     "C:\Users\dongh\Documents\IAR                           #
#                    Workspace\05_Timer_Timer_Interrupt_01\EWARM\05_Timer_Tim #
#                    er_Interrupt_01 Configuration\Obj\stm32f4xx_hal.o"       #
#                    "C:\Users\dongh\Documents\IAR                            #
#                    Workspace\05_Timer_Timer_Interrupt_01\EWARM\05_Timer_Tim #
#                    er_Interrupt_01 Configuration\Obj\stm32f4xx_hal_cortex.o #
#                    " "C:\Users\dongh\Documents\IAR                          #
#                    Workspace\05_Timer_Timer_Interrupt_01\EWARM\05_Timer_Tim #
#                    er_Interrupt_01 Configuration\Obj\stm32f4xx_hal_dma.o"   #
#                    "C:\Users\dongh\Documents\IAR                            #
#                    Workspace\05_Timer_Timer_Interrupt_01\EWARM\05_Timer_Tim #
#                    er_Interrupt_01 Configuration\Obj\stm32f4xx_hal_dma_ex.o #
#                    " "C:\Users\dongh\Documents\IAR                          #
#                    Workspace\05_Timer_Timer_Interrupt_01\EWARM\05_Timer_Tim #
#                    er_Interrupt_01 Configuration\Obj\stm32f4xx_hal_flash.o" #
#                     "C:\Users\dongh\Documents\IAR                           #
#                    Workspace\05_Timer_Timer_Interrupt_01\EWARM\05_Timer_Tim #
#                    er_Interrupt_01 Configuration\Obj\stm32f4xx_hal_flash_ex #
#                    .o" "C:\Users\dongh\Documents\IAR                        #
#                    Workspace\05_Timer_Timer_Interrupt_01\EWARM\05_Timer_Tim #
#                    er_Interrupt_01 Configuration\Obj\stm32f4xx_hal_flash_ra #
#                    mfunc.o" "C:\Users\dongh\Documents\IAR                   #
#                    Workspace\05_Timer_Timer_Interrupt_01\EWARM\05_Timer_Tim #
#                    er_Interrupt_01 Configuration\Obj\stm32f4xx_hal_gpio.o"  #
#                    "C:\Users\dongh\Documents\IAR                            #
#                    Workspace\05_Timer_Timer_Interrupt_01\EWARM\05_Timer_Tim #
#                    er_Interrupt_01 Configuration\Obj\stm32f4xx_hal_msp.o"   #
#                    "C:\Users\dongh\Documents\IAR                            #
#                    Workspace\05_Timer_Timer_Interrupt_01\EWARM\05_Timer_Tim #
#                    er_Interrupt_01 Configuration\Obj\stm32f4xx_hal_pwr.o"   #
#                    "C:\Users\dongh\Documents\IAR                            #
#                    Workspace\05_Timer_Timer_Interrupt_01\EWARM\05_Timer_Tim #
#                    er_Interrupt_01 Configuration\Obj\stm32f4xx_hal_pwr_ex.o #
#                    " "C:\Users\dongh\Documents\IAR                          #
#                    Workspace\05_Timer_Timer_Interrupt_01\EWARM\05_Timer_Tim #
#                    er_Interrupt_01 Configuration\Obj\stm32f4xx_hal_rcc.o"   #
#                    "C:\Users\dongh\Documents\IAR                            #
#                    Workspace\05_Timer_Timer_Interrupt_01\EWARM\05_Timer_Tim #
#                    er_Interrupt_01 Configuration\Obj\stm32f4xx_hal_rcc_ex.o #
#                    " "C:\Users\dongh\Documents\IAR                          #
#                    Workspace\05_Timer_Timer_Interrupt_01\EWARM\05_Timer_Tim #
#                    er_Interrupt_01 Configuration\Obj\stm32f4xx_hal_tim.o"   #
#                    "C:\Users\dongh\Documents\IAR                            #
#                    Workspace\05_Timer_Timer_Interrupt_01\EWARM\05_Timer_Tim #
#                    er_Interrupt_01 Configuration\Obj\stm32f4xx_hal_tim_ex.o #
#                    " "C:\Users\dongh\Documents\IAR                          #
#                    Workspace\05_Timer_Timer_Interrupt_01\EWARM\05_Timer_Tim #
#                    er_Interrupt_01 Configuration\Obj\stm32f4xx_it.o"        #
#                    "C:\Users\dongh\Documents\IAR                            #
#                    Workspace\05_Timer_Timer_Interrupt_01\EWARM\05_Timer_Tim #
#                    er_Interrupt_01 Configuration\Obj\system_stm32f4xx.o"    #
#                    "C:\Users\dongh\Documents\IAR                            #
#                    Workspace\05_Timer_Timer_Interrupt_01\EWARM\05_Timer_Tim #
#                    er_Interrupt_01 Configuration\Obj\variable.o"            #
#                    --redirect _Printf=_PrintfFull --redirect                #
#                    _Scanf=_ScanfFull -o "C:\Users\dongh\Documents\IAR       #
#                    Workspace\05_Timer_Timer_Interrupt_01\EWARM\05_Timer_Tim #
#                    er_Interrupt_01 Configuration\Exe\05_Timer_Timer_Interru #
#                    pt_01 Configuration.out" --map                           #
#                    "C:\Users\dongh\Documents\IAR                            #
#                    Workspace\05_Timer_Timer_Interrupt_01\EWARM\05_Timer_Tim #
#                    er_Interrupt_01 Configuration/List\05_Timer_Timer_Interr #
#                    upt_01 Configuration.map" --config                       #
#                    "C:\Users\dongh\Documents\IAR                            #
#                    Workspace\05_Timer_Timer_Interrupt_01\EWARM/stm32f407xx_ #
#                    flash.icf" --semihosting --entry __iar_program_start     #
#                    --vfe                                                    #
#                                                                             #
#                                                                             #
###############################################################################

*******************************************************************************
*** RUNTIME MODEL ATTRIBUTES
***

CppFlavor       = *
__SystemLibrary = DLib


*******************************************************************************
*** PLACEMENT SUMMARY
***

"A1":  place at 0x08000000 { ro section .intvec };
"P1":  place in [from 0x08000000 to 0x080fffff] { ro };
"P2":  place in [from 0x20000000 to 0x2001ffff] { rw, block CSTACK, block HEAP };

  Section            Kind        Address    Size  Object
  -------            ----        -------    ----  ------
"A1":                                      0x188
  .intvec            ro code  0x08000000   0x188  startup_stm32f407xx.o [1]
                            - 0x08000188   0x188

"P1":                                     0x1410
  .text              ro code  0x08000188   0x56c  stm32f4xx_hal_rcc.o [1]
  .text              ro code  0x080006f4    0x70  stm32f4xx_hal.o [1]
  .text              ro code  0x08000764   0x10e  stm32f4xx_hal_cortex.o [1]
  .text              ro code  0x08000872    0x2e  copy_init3.o [4]
  .text              ro code  0x080008a0    0x7c  stm32f4xx_hal_msp.o [1]
  .text              ro code  0x0800091c   0x424  stm32f4xx_hal_tim.o [1]
  .text              ro code  0x08000d40    0x58  stm32f4xx_hal_tim_ex.o [1]
  .text              ro code  0x08000d98   0x380  main.o [1]
  .text              ro code  0x08001118   0x1e4  stm32f4xx_hal_gpio.o [1]
  .text              ro code  0x080012fc    0x40  system_stm32f4xx.o [1]
  .text              ro code  0x0800133c    0x2c  data_init3.o [4]
  .text              ro code  0x08001368    0x28  stm32f4xx_it.o [1]
  .text              ro code  0x08001390    0x22  zero_init3.o [4]
  .iar.init_table    const    0x080013b4    0x24  - Linker created -
  .text              ro code  0x080013d8    0x16  cmain.o [4]
  .text              ro code  0x080013ee     0x4  low_level_init.o [3]
  .text              ro code  0x080013f2     0x4  exit.o [3]
  .text              ro code  0x080013f8     0xa  cexit.o [4]
  .text              ro code  0x08001404    0x14  exit.o [5]
  .text              ro code  0x08001418    0x10  startup_stm32f407xx.o [1]
  .text              ro code  0x08001428     0xc  cstartup_M.o [4]
  .text              ro code  0x08001434     0x4  startup_stm32f407xx.o [1]
  .text              ro code  0x08001438     0x4  startup_stm32f407xx.o [1]
  .text              ro code  0x0800143c     0x4  startup_stm32f407xx.o [1]
  .text              ro code  0x08001440     0x4  startup_stm32f407xx.o [1]
  .text              ro code  0x08001444     0x4  startup_stm32f407xx.o [1]
  .text              ro code  0x08001448     0x4  startup_stm32f407xx.o [1]
  .text              ro code  0x0800144c     0x4  startup_stm32f407xx.o [1]
  .text              ro code  0x08001450     0x4  startup_stm32f407xx.o [1]
  .text              ro code  0x08001454     0x4  startup_stm32f407xx.o [1]
  .text              ro code  0x08001458     0x4  startup_stm32f407xx.o [1]
  .text              ro code  0x0800145c     0x4  startup_stm32f407xx.o [1]
  .text              ro code  0x08001460     0x4  startup_stm32f407xx.o [1]
  .text              ro code  0x08001464     0x4  startup_stm32f407xx.o [1]
  .text              ro code  0x08001468     0x4  startup_stm32f407xx.o [1]
  .text              ro code  0x0800146c     0x4  startup_stm32f407xx.o [1]
  .text              ro code  0x08001470     0x4  startup_stm32f407xx.o [1]
  .text              ro code  0x08001474     0x4  startup_stm32f407xx.o [1]
  .text              ro code  0x08001478     0x4  startup_stm32f407xx.o [1]
  .text              ro code  0x0800147c     0x4  startup_stm32f407xx.o [1]
  .text              ro code  0x08001480     0x4  startup_stm32f407xx.o [1]
  .text              ro code  0x08001484     0x4  startup_stm32f407xx.o [1]
  .text              ro code  0x08001488     0x4  startup_stm32f407xx.o [1]
  .text              ro code  0x0800148c     0x4  startup_stm32f407xx.o [1]
  .text              ro code  0x08001490     0x4  startup_stm32f407xx.o [1]
  .text              ro code  0x08001494     0x4  startup_stm32f407xx.o [1]
  .text              ro code  0x08001498     0x4  startup_stm32f407xx.o [1]
  .text              ro code  0x0800149c     0x4  startup_stm32f407xx.o [1]
  .text              ro code  0x080014a0     0x4  startup_stm32f407xx.o [1]
  .text              ro code  0x080014a4     0x4  startup_stm32f407xx.o [1]
  .text              ro code  0x080014a8     0x4  startup_stm32f407xx.o [1]
  .text              ro code  0x080014ac     0x4  startup_stm32f407xx.o [1]
  .text              ro code  0x080014b0     0x4  startup_stm32f407xx.o [1]
  .text              ro code  0x080014b4     0x4  startup_stm32f407xx.o [1]
  .text              ro code  0x080014b8     0x4  startup_stm32f407xx.o [1]
  .text              ro code  0x080014bc     0x4  startup_stm32f407xx.o [1]
  .text              ro code  0x080014c0     0x4  startup_stm32f407xx.o [1]
  .text              ro code  0x080014c4     0x4  startup_stm32f407xx.o [1]
  .text              ro code  0x080014c8     0x4  startup_stm32f407xx.o [1]
  .text              ro code  0x080014cc     0x4  startup_stm32f407xx.o [1]
  .text              ro code  0x080014d0     0x4  startup_stm32f407xx.o [1]
  .text              ro code  0x080014d4     0x4  startup_stm32f407xx.o [1]
  .text              ro code  0x080014d8     0x4  startup_stm32f407xx.o [1]
  .text              ro code  0x080014dc     0x4  startup_stm32f407xx.o [1]
  .text              ro code  0x080014e0     0x4  startup_stm32f407xx.o [1]
  .text              ro code  0x080014e4     0x4  startup_stm32f407xx.o [1]
  .text              ro code  0x080014e8     0x4  startup_stm32f407xx.o [1]
  .text              ro code  0x080014ec     0x4  startup_stm32f407xx.o [1]
  .text              ro code  0x080014f0     0x4  startup_stm32f407xx.o [1]
  .text              ro code  0x080014f4     0x4  startup_stm32f407xx.o [1]
  .text              ro code  0x080014f8     0x4  startup_stm32f407xx.o [1]
  .text              ro code  0x080014fc     0x4  startup_stm32f407xx.o [1]
  .text              ro code  0x08001500     0x4  startup_stm32f407xx.o [1]
  .text              ro code  0x08001504     0x4  startup_stm32f407xx.o [1]
  .text              ro code  0x08001508     0x4  startup_stm32f407xx.o [1]
  .text              ro code  0x0800150c     0x4  startup_stm32f407xx.o [1]
  .text              ro code  0x08001510     0x4  startup_stm32f407xx.o [1]
  .text              ro code  0x08001514     0x4  startup_stm32f407xx.o [1]
  .text              ro code  0x08001518     0x4  startup_stm32f407xx.o [1]
  .text              ro code  0x0800151c     0x4  startup_stm32f407xx.o [1]
  .text              ro code  0x08001520     0x4  startup_stm32f407xx.o [1]
  .text              ro code  0x08001524     0x4  startup_stm32f407xx.o [1]
  .text              ro code  0x08001528     0x4  startup_stm32f407xx.o [1]
  .text              ro code  0x0800152c     0x4  startup_stm32f407xx.o [1]
  .text              ro code  0x08001530     0x4  startup_stm32f407xx.o [1]
  .text              ro code  0x08001534     0x4  startup_stm32f407xx.o [1]
  .text              ro code  0x08001538     0x4  startup_stm32f407xx.o [1]
  .text              ro code  0x0800153c     0x4  startup_stm32f407xx.o [1]
  .text              ro code  0x08001540     0x4  startup_stm32f407xx.o [1]
  .text              ro code  0x08001544     0x4  startup_stm32f407xx.o [1]
  .text              ro code  0x08001548     0x4  startup_stm32f407xx.o [1]
  .text              ro code  0x0800154c     0x4  startup_stm32f407xx.o [1]
  .text              ro code  0x08001550     0x4  startup_stm32f407xx.o [1]
  .text              ro code  0x08001554     0x4  startup_stm32f407xx.o [1]
  .text              ro code  0x08001558     0x4  startup_stm32f407xx.o [1]
  .text              ro code  0x0800155c     0x4  startup_stm32f407xx.o [1]
  .text              ro code  0x08001560     0x4  startup_stm32f407xx.o [1]
  .text              ro code  0x08001564     0x4  startup_stm32f407xx.o [1]
  .text              ro code  0x08001568     0x4  startup_stm32f407xx.o [1]
  .text              ro code  0x0800156c     0x4  startup_stm32f407xx.o [1]
  .text              ro code  0x08001570     0x4  startup_stm32f407xx.o [1]
  .text              ro code  0x08001574     0x4  startup_stm32f407xx.o [1]
  .text              ro code  0x08001578     0x4  startup_stm32f407xx.o [1]
  .text              ro code  0x0800157c     0x4  startup_stm32f407xx.o [1]
  .text              ro code  0x08001580     0x4  startup_stm32f407xx.o [1]
  .text              ro code  0x08001584     0x4  startup_stm32f407xx.o [1]
  .text              ro code  0x08001588     0x4  startup_stm32f407xx.o [1]
  .text              ro code  0x0800158c     0x4  startup_stm32f407xx.o [1]
  .text              ro code  0x08001590     0x4  startup_stm32f407xx.o [1]
  .rodata            const    0x08001594     0x0  bwt_init3c.o [4]
  Initializer bytes  ro data  0x08001594     0x4  <for P2 s0>
                            - 0x08001598  0x1410

"P2", part 1 of 3:                           0x4
  P2 s0                       0x20000000     0x4  <Init block>
    .data            inited   0x20000000     0x4  system_stm32f4xx.o [1]
                            - 0x20000004     0x4

"P2", part 2 of 3:                          0x84
  .bss               zero     0x20000004    0x3c  main.o [1]
  .bss               zero     0x20000040    0x3c  main.o [1]
  .bss               zero     0x2000007c     0x4  stm32f4xx_hal.o [1]
  .bss               zero     0x20000080     0x4  variable.o [1]
                            - 0x20000084    0x80

"P2", part 3 of 3:                         0x400
  CSTACK                      0x20000088   0x400  <Block>
    CSTACK           uninit   0x20000088   0x400  <Block tail>
                            - 0x20000488   0x400


*******************************************************************************
*** INIT TABLE
***

          Address     Size
          -------     ----
Zero (__iar_zero_init3)
    1 destination range, total size 0x80:
          0x20000004  0x80

Copy (__iar_copy_init3)
    1 source range, total size 0x4:
          0x08001594   0x4
    1 destination range, total size 0x4:
          0x20000000   0x4



*******************************************************************************
*** MODULE SUMMARY
***

    Module                  ro code  ro data  rw data
    ------                  -------  -------  -------
C:\Users\dongh\Documents\IAR Workspace\05_Timer_Timer_Interrupt_01\EWARM\05_Timer_Timer_Interrupt_01 Configuration\Obj: [1]
    main.o                      896               120
    startup_stm32f407xx.o       760
    stm32f4xx_hal.o             112                 4
    stm32f4xx_hal_cortex.o      270
    stm32f4xx_hal_gpio.o        484
    stm32f4xx_hal_msp.o         124
    stm32f4xx_hal_rcc.o       1 388
    stm32f4xx_hal_tim.o       1 060
    stm32f4xx_hal_tim_ex.o       88
    stm32f4xx_it.o               40
    system_stm32f4xx.o           64        4        4
    variable.o                                      4
    -------------------------------------------------
    Total:                    5 286        4      132

command line: [2]
    -------------------------------------------------
    Total:

dl7M_tlf.a: [3]
    exit.o                        4
    low_level_init.o              4
    -------------------------------------------------
    Total:                        8

rt7M_tl.a: [4]
    bwt_init3c.o
    cexit.o                      10
    cmain.o                      22
    copy_init3.o                 46
    cstartup_M.o                 12
    data_init3.o                 44
    zero_init3.o                 34
    -------------------------------------------------
    Total:                      168

shb_l.a: [5]
    exit.o                       20
    -------------------------------------------------
    Total:                       20

    Gaps                          4        2
    Linker created                        36    1 024
-----------------------------------------------------
    Grand Total:              5 486       42    1 156


*******************************************************************************
*** ENTRY LIST
***

Entry                      Address   Size  Type      Object
-----                      -------   ----  ----      ------
?main                   0x080013d9         Code  Gb  cmain.o [4]
ADC_IRQHandler          0x0800149d         Code  Wk  startup_stm32f407xx.o [1]
APBAHBPrescTable        0x080006e4   0x10  Data  Gb  stm32f4xx_hal_rcc.o [1]
BusFault_Handler        0x08001441         Code  Wk  startup_stm32f407xx.o [1]
CAN1_RX0_IRQHandler     0x080014a5         Code  Wk  startup_stm32f407xx.o [1]
CAN1_RX1_IRQHandler     0x080014a9         Code  Wk  startup_stm32f407xx.o [1]
CAN1_SCE_IRQHandler     0x080014ad         Code  Wk  startup_stm32f407xx.o [1]
CAN1_TX_IRQHandler      0x080014a1         Code  Wk  startup_stm32f407xx.o [1]
CAN2_RX0_IRQHandler     0x08001551         Code  Wk  startup_stm32f407xx.o [1]
CAN2_RX1_IRQHandler     0x08001555         Code  Wk  startup_stm32f407xx.o [1]
CAN2_SCE_IRQHandler     0x08001559         Code  Wk  startup_stm32f407xx.o [1]
CAN2_TX_IRQHandler      0x0800154d         Code  Wk  startup_stm32f407xx.o [1]
CSTACK$$Base            0x20000088          --   Gb  - Linker created -
CSTACK$$Limit           0x20000488          --   Gb  - Linker created -
DCMI_IRQHandler         0x08001589         Code  Wk  startup_stm32f407xx.o [1]
DMA1_Stream0_IRQHandler
                        0x08001481         Code  Wk  startup_stm32f407xx.o [1]
DMA1_Stream1_IRQHandler
                        0x08001485         Code  Wk  startup_stm32f407xx.o [1]
DMA1_Stream2_IRQHandler
                        0x08001489         Code  Wk  startup_stm32f407xx.o [1]
DMA1_Stream3_IRQHandler
                        0x0800148d         Code  Wk  startup_stm32f407xx.o [1]
DMA1_Stream4_IRQHandler
                        0x08001491         Code  Wk  startup_stm32f407xx.o [1]
DMA1_Stream5_IRQHandler
                        0x08001495         Code  Wk  startup_stm32f407xx.o [1]
DMA1_Stream6_IRQHandler
                        0x08001499         Code  Wk  startup_stm32f407xx.o [1]
DMA1_Stream7_IRQHandler
                        0x0800150d         Code  Wk  startup_stm32f407xx.o [1]
DMA2_Stream0_IRQHandler
                        0x08001531         Code  Wk  startup_stm32f407xx.o [1]
DMA2_Stream1_IRQHandler
                        0x08001535         Code  Wk  startup_stm32f407xx.o [1]
DMA2_Stream2_IRQHandler
                        0x08001539         Code  Wk  startup_stm32f407xx.o [1]
DMA2_Stream3_IRQHandler
                        0x0800153d         Code  Wk  startup_stm32f407xx.o [1]
DMA2_Stream4_IRQHandler
                        0x08001541         Code  Wk  startup_stm32f407xx.o [1]
DMA2_Stream5_IRQHandler
                        0x08001561         Code  Wk  startup_stm32f407xx.o [1]
DMA2_Stream6_IRQHandler
                        0x08001565         Code  Wk  startup_stm32f407xx.o [1]
DMA2_Stream7_IRQHandler
                        0x08001569         Code  Wk  startup_stm32f407xx.o [1]
DebugMon_Handler        0x0800144d         Code  Wk  startup_stm32f407xx.o [1]
ETH_IRQHandler          0x08001545         Code  Wk  startup_stm32f407xx.o [1]
ETH_WKUP_IRQHandler     0x08001549         Code  Wk  startup_stm32f407xx.o [1]
EXTI0_IRQHandler        0x0800146d         Code  Wk  startup_stm32f407xx.o [1]
EXTI15_10_IRQHandler    0x080014f1         Code  Wk  startup_stm32f407xx.o [1]
EXTI1_IRQHandler        0x08001471         Code  Wk  startup_stm32f407xx.o [1]
EXTI2_IRQHandler        0x08001475         Code  Wk  startup_stm32f407xx.o [1]
EXTI3_IRQHandler        0x08001479         Code  Wk  startup_stm32f407xx.o [1]
EXTI4_IRQHandler        0x0800147d         Code  Wk  startup_stm32f407xx.o [1]
EXTI9_5_IRQHandler      0x080014b1         Code  Wk  startup_stm32f407xx.o [1]
FLASH_IRQHandler        0x08001465         Code  Wk  startup_stm32f407xx.o [1]
FPU_IRQHandler          0x08001591         Code  Wk  startup_stm32f407xx.o [1]
FSMC_IRQHandler         0x08001511         Code  Wk  startup_stm32f407xx.o [1]
HAL_GPIO_Init           0x08001119  0x1b4  Code  Gb  stm32f4xx_hal_gpio.o [1]
HAL_GetTick             0x08000757    0x6  Code  Wk  stm32f4xx_hal.o [1]
HAL_IncTick             0x0800074d    0xa  Code  Wk  stm32f4xx_hal.o [1]
HAL_Init                0x080006f5   0x34  Code  Gb  stm32f4xx_hal.o [1]
HAL_InitTick            0x08000729   0x24  Code  Wk  stm32f4xx_hal.o [1]
HAL_MspInit             0x080008a1   0x18  Code  Gb  stm32f4xx_hal_msp.o [1]
HAL_NVIC_EnableIRQ      0x08000835    0x2  Code  Gb  stm32f4xx_hal_cortex.o [1]
HAL_NVIC_SetPriority    0x08000817   0x1e  Code  Gb  stm32f4xx_hal_cortex.o [1]
HAL_NVIC_SetPriorityGrouping
                        0x08000815    0x2  Code  Gb  stm32f4xx_hal_cortex.o [1]
HAL_RCC_ClockConfig     0x08000433  0x212  Code  Gb  stm32f4xx_hal_rcc.o [1]
HAL_RCC_GetHCLKFreq     0x08000699   0x1e  Code  Gb  stm32f4xx_hal_rcc.o [1]
HAL_RCC_GetSysClockFreq
                        0x08000645   0x54  Code  Wk  stm32f4xx_hal_rcc.o [1]
HAL_RCC_OscConfig       0x08000189  0x2aa  Code  Wk  stm32f4xx_hal_rcc.o [1]
HAL_SYSTICK_CLKSourceConfig
                        0x08000839   0x18  Code  Gb  stm32f4xx_hal_cortex.o [1]
HAL_SYSTICK_Callback    0x08000871    0x2  Code  Wk  stm32f4xx_hal_cortex.o [1]
HAL_SYSTICK_Config      0x08000837    0x2  Code  Gb  stm32f4xx_hal_cortex.o [1]
HAL_SYSTICK_IRQHandler  0x08000869    0x8  Code  Gb  stm32f4xx_hal_cortex.o [1]
HAL_TIMEx_BreakCallback
                        0x08000d97    0x2  Code  Wk  stm32f4xx_hal_tim_ex.o [1]
HAL_TIMEx_CommutationCallback
                        0x08000d95    0x2  Code  Wk  stm32f4xx_hal_tim_ex.o [1]
HAL_TIMEx_MasterConfigSynchronization
                        0x08000d41   0x54  Code  Gb  stm32f4xx_hal_tim_ex.o [1]
HAL_TIM_Base_Init       0x0800091d   0x36  Code  Gb  stm32f4xx_hal_tim.o [1]
HAL_TIM_Base_MspInit    0x080008b9   0x58  Code  Gb  stm32f4xx_hal_msp.o [1]
HAL_TIM_Base_Start_IT   0x08000953   0x18  Code  Gb  stm32f4xx_hal_tim.o [1]
HAL_TIM_ConfigClockSource
                        0x08000ac1  0x104  Code  Gb  stm32f4xx_hal_tim.o [1]
HAL_TIM_IC_CaptureCallback
                        0x08000bcb    0x2  Code  Wk  stm32f4xx_hal_tim.o [1]
HAL_TIM_IRQHandler      0x0800096b  0x156  Code  Gb  stm32f4xx_hal_tim.o [1]
HAL_TIM_OC_DelayElapsedCallback
                        0x08000bc9    0x2  Code  Wk  stm32f4xx_hal_tim.o [1]
HAL_TIM_PWM_PulseFinishedCallback
                        0x08000bcd    0x2  Code  Wk  stm32f4xx_hal_tim.o [1]
HAL_TIM_PeriodElapsedCallback
                        0x08000bc7    0x2  Code  Wk  stm32f4xx_hal_tim.o [1]
HAL_TIM_TriggerCallback
                        0x08000bcf    0x2  Code  Wk  stm32f4xx_hal_tim.o [1]
HASH_RNG_IRQHandler     0x0800158d         Code  Wk  startup_stm32f407xx.o [1]
HardFault_Handler       0x08001439         Code  Wk  startup_stm32f407xx.o [1]
I2C1_ER_IRQHandler      0x080014d1         Code  Wk  startup_stm32f407xx.o [1]
I2C1_EV_IRQHandler      0x080014cd         Code  Wk  startup_stm32f407xx.o [1]
I2C2_ER_IRQHandler      0x080014d9         Code  Wk  startup_stm32f407xx.o [1]
I2C2_EV_IRQHandler      0x080014d5         Code  Wk  startup_stm32f407xx.o [1]
I2C3_ER_IRQHandler      0x08001575         Code  Wk  startup_stm32f407xx.o [1]
I2C3_EV_IRQHandler      0x08001571         Code  Wk  startup_stm32f407xx.o [1]
MX_GPIO_Init            0x08000ee3  0x200  Code  Lc  main.o [1]
MX_TIM1_Init            0x08000e59   0x46  Code  Lc  main.o [1]
MX_TIM4_Init            0x08000e9f   0x44  Code  Lc  main.o [1]
MemManage_Handler       0x0800143d         Code  Wk  startup_stm32f407xx.o [1]
NMI_Handler             0x08001435         Code  Wk  startup_stm32f407xx.o [1]
NVIC_EnableIRQ          0x08000789   0x14  Code  Lc  stm32f4xx_hal_cortex.o [1]
NVIC_EncodePriority     0x080007b7   0x36  Code  Lc  stm32f4xx_hal_cortex.o [1]
NVIC_GetPriorityGrouping
                        0x0800077f    0xa  Code  Lc  stm32f4xx_hal_cortex.o [1]
NVIC_SetPriority        0x0800079d   0x1a  Code  Lc  stm32f4xx_hal_cortex.o [1]
NVIC_SetPriorityGrouping
                        0x08000765   0x1a  Code  Lc  stm32f4xx_hal_cortex.o [1]
OTG_FS_IRQHandler       0x0800155d         Code  Wk  startup_stm32f407xx.o [1]
OTG_FS_WKUP_IRQHandler  0x080014f9         Code  Wk  startup_stm32f407xx.o [1]
OTG_HS_EP1_IN_IRQHandler
                        0x0800157d         Code  Wk  startup_stm32f407xx.o [1]
OTG_HS_EP1_OUT_IRQHandler
                        0x08001579         Code  Wk  startup_stm32f407xx.o [1]
OTG_HS_IRQHandler       0x08001585         Code  Wk  startup_stm32f407xx.o [1]
OTG_HS_WKUP_IRQHandler  0x08001581         Code  Wk  startup_stm32f407xx.o [1]
PVD_IRQHandler          0x08001459         Code  Wk  startup_stm32f407xx.o [1]
PendSV_Handler          0x08001451         Code  Wk  startup_stm32f407xx.o [1]
RCC_IRQHandler          0x08001469         Code  Wk  startup_stm32f407xx.o [1]
RTC_Alarm_IRQHandler    0x080014f5         Code  Wk  startup_stm32f407xx.o [1]
RTC_WKUP_IRQHandler     0x08001461         Code  Wk  startup_stm32f407xx.o [1]
Region$$Table$$Base     0x080013b4          --   Gb  - Linker created -
Region$$Table$$Limit    0x080013d8          --   Gb  - Linker created -
Reset_Handler           0x08001419         Code  Wk  startup_stm32f407xx.o [1]
SDIO_IRQHandler         0x08001515         Code  Wk  startup_stm32f407xx.o [1]
SPI1_IRQHandler         0x080014dd         Code  Wk  startup_stm32f407xx.o [1]
SPI2_IRQHandler         0x080014e1         Code  Wk  startup_stm32f407xx.o [1]
SPI3_IRQHandler         0x0800151d         Code  Wk  startup_stm32f407xx.o [1]
SVC_Handler             0x08001449         Code  Wk  startup_stm32f407xx.o [1]
SysTick_Config          0x080007ed   0x28  Code  Lc  stm32f4xx_hal_cortex.o [1]
SysTick_Handler         0x08001369    0xe  Code  Gb  stm32f4xx_it.o [1]
SystemClock_Config      0x08000db7   0xa2  Code  Gb  main.o [1]
SystemCoreClock         0x20000000    0x4  Data  Gb  system_stm32f4xx.o [1]
SystemInit              0x080012fd   0x30  Code  Gb  system_stm32f4xx.o [1]
TAMP_STAMP_IRQHandler   0x0800145d         Code  Wk  startup_stm32f407xx.o [1]
TIM1_BRK_TIM9_IRQHandler
                        0x080014b5         Code  Wk  startup_stm32f407xx.o [1]
TIM1_CC_IRQHandler      0x080014c1         Code  Wk  startup_stm32f407xx.o [1]
TIM1_TRG_COM_TIM11_IRQHandler
                        0x080014bd         Code  Wk  startup_stm32f407xx.o [1]
TIM1_UP_TIM10_IRQHandler
                        0x080014b9         Code  Wk  startup_stm32f407xx.o [1]
TIM2_IRQHandler         0x080014c5         Code  Wk  startup_stm32f407xx.o [1]
TIM3_IRQHandler         0x080014c9         Code  Wk  startup_stm32f407xx.o [1]
TIM4_IRQHandler         0x08001377   0x12  Code  Gb  stm32f4xx_it.o [1]
TIM5_IRQHandler         0x08001519         Code  Wk  startup_stm32f407xx.o [1]
TIM6_DAC_IRQHandler     0x08001529         Code  Wk  startup_stm32f407xx.o [1]
TIM7_IRQHandler         0x0800152d         Code  Wk  startup_stm32f407xx.o [1]
TIM8_BRK_TIM12_IRQHandler
                        0x080014fd         Code  Wk  startup_stm32f407xx.o [1]
TIM8_CC_IRQHandler      0x08001509         Code  Wk  startup_stm32f407xx.o [1]
TIM8_TRG_COM_TIM14_IRQHandler
                        0x08001505         Code  Wk  startup_stm32f407xx.o [1]
TIM8_UP_TIM13_IRQHandler
                        0x08001501         Code  Wk  startup_stm32f407xx.o [1]
TIM_Base_SetConfig      0x08000bd1   0xcc  Code  Gb  stm32f4xx_hal_tim.o [1]
TIM_ETR_SetConfig       0x08000d2b   0x16  Code  Lc  stm32f4xx_hal_tim.o [1]
TIM_ITRx_SetConfig      0x08000d1b   0x10  Code  Lc  stm32f4xx_hal_tim.o [1]
TIM_TI1_ConfigInputStage
                        0x08000cd1   0x24  Code  Lc  stm32f4xx_hal_tim.o [1]
TIM_TI2_ConfigInputStage
                        0x08000cf5   0x26  Code  Lc  stm32f4xx_hal_tim.o [1]
UART4_IRQHandler        0x08001521         Code  Wk  startup_stm32f407xx.o [1]
UART5_IRQHandler        0x08001525         Code  Wk  startup_stm32f407xx.o [1]
USART1_IRQHandler       0x080014e5         Code  Wk  startup_stm32f407xx.o [1]
USART2_IRQHandler       0x080014e9         Code  Wk  startup_stm32f407xx.o [1]
USART3_IRQHandler       0x080014ed         Code  Wk  startup_stm32f407xx.o [1]
USART6_IRQHandler       0x0800156d         Code  Wk  startup_stm32f407xx.o [1]
UsageFault_Handler      0x08001445         Code  Wk  startup_stm32f407xx.o [1]
WWDG_IRQHandler         0x08001455         Code  Wk  startup_stm32f407xx.o [1]
__cmain                 0x080013d9         Code  Gb  cmain.o [4]
__exit                  0x08001405   0x14  Code  Gb  exit.o [5]
__iar_SB                0x08001594         Data  Gb  bwt_init3c.o [4]
__iar_copy_init3        0x08000873   0x2e  Code  Gb  copy_init3.o [4]
__iar_data_init3        0x0800133d   0x2c  Code  Gb  data_init3.o [4]
__iar_program_start     0x08001429         Code  Gb  cstartup_M.o [4]
__iar_zero_init3        0x08001391   0x22  Code  Gb  zero_init3.o [4]
__low_level_init        0x080013ef    0x4  Code  Gb  low_level_init.o [3]
__vector_table          0x08000000         Data  Gb  startup_stm32f407xx.o [1]
_call_main              0x080013e5         Code  Gb  cmain.o [4]
_exit                   0x080013f9         Code  Gb  cexit.o [4]
_main                   0x080013eb         Code  Gb  cmain.o [4]
exit                    0x080013f3    0x4  Code  Gb  exit.o [3]
htim1                   0x20000004   0x3c  Data  Gb  main.o [1]
htim4                   0x20000040   0x3c  Data  Gb  main.o [1]
main                    0x08000d99   0x1e  Code  Gb  main.o [1]
timerTick               0x20000080    0x4  Data  Gb  variable.o [1]
uwTick                  0x2000007c    0x4  Data  Lc  stm32f4xx_hal.o [1]


[1] = C:\Users\dongh\Documents\IAR Workspace\05_Timer_Timer_Interrupt_01\EWARM\05_Timer_Timer_Interrupt_01 Configuration\Obj
[2] = command line
[3] = dl7M_tlf.a
[4] = rt7M_tl.a
[5] = shb_l.a

  5 486 bytes of readonly  code memory
     42 bytes of readonly  data memory
  1 156 bytes of readwrite data memory

Errors: none
Warnings: none
